Archive member included to satisfy reference by file (symbol)

C:/ProgramData/MATLAB/R2026a/stm32b/3P.instrset/gnuarm-stm32.instrset/win/bin/../lib/gcc/arm-none-eabi/13.2.1/thumb/v7e-m+fp/hard\libgcc.a(_arm_muldf3.o)
                              kalman.c.o (__aeabi_dmul)
C:/ProgramData/MATLAB/R2026a/stm32b/3P.instrset/gnuarm-stm32.instrset/win/bin/../lib/gcc/arm-none-eabi/13.2.1/thumb/v7e-m+fp/hard\libgcc.a(_arm_addsubdf3.o)
                              kalman.c.o (__aeabi_dsub)
C:/ProgramData/MATLAB/R2026a/stm32b/3P.instrset/gnuarm-stm32.instrset/win/bin/../lib/gcc/arm-none-eabi/13.2.1/thumb/v7e-m+fp/hard\libgcc.a(_arm_muldivdf3.o)
                              kalman.c.o (__aeabi_ddiv)
C:/ProgramData/MATLAB/R2026a/stm32b/3P.instrset/gnuarm-stm32.instrset/win/bin/../lib/gcc/arm-none-eabi/13.2.1/thumb/v7e-m+fp/hard\libgcc.a(_arm_cmpdf2.o)
                              xcp_ext_classic_trigger.c.o (__aeabi_dcmpeq)
C:/ProgramData/MATLAB/R2026a/stm32b/3P.instrset/gnuarm-stm32.instrset/win/bin/../lib/gcc/arm-none-eabi/13.2.1/thumb/v7e-m+fp/hard\libgcc.a(_arm_truncdfsf2.o)
                              hc_sr04.c.o (__aeabi_d2f)
C:/ProgramData/MATLAB/R2026a/stm32b/3P.instrset/gnuarm-stm32.instrset/win/bin/../lib/gcc/arm-none-eabi/13.2.1/thumb/v7e-m+fp/hard\libgcc.a(_aeabi_uldivmod.o)
                              stm32g4xx_ll_lpuart.c.o (__aeabi_uldivmod)
C:/ProgramData/MATLAB/R2026a/stm32b/3P.instrset/gnuarm-stm32.instrset/win/bin/../lib/gcc/arm-none-eabi/13.2.1/thumb/v7e-m+fp/hard\libgcc.a(_udivmoddi4.o)
                              C:/ProgramData/MATLAB/R2026a/stm32b/3P.instrset/gnuarm-stm32.instrset/win/bin/../lib/gcc/arm-none-eabi/13.2.1/thumb/v7e-m+fp/hard\libgcc.a(_aeabi_uldivmod.o) (__udivmoddi4)
C:/ProgramData/MATLAB/R2026a/stm32b/3P.instrset/gnuarm-stm32.instrset/win/bin/../lib/gcc/arm-none-eabi/13.2.1/thumb/v7e-m+fp/hard\libgcc.a(_dvmd_tls.o)
                              C:/ProgramData/MATLAB/R2026a/stm32b/3P.instrset/gnuarm-stm32.instrset/win/bin/../lib/gcc/arm-none-eabi/13.2.1/thumb/v7e-m+fp/hard\libgcc.a(_aeabi_uldivmod.o) (__aeabi_ldiv0)
C:/ProgramData/MATLAB/R2026a/stm32b/3P.instrset/gnuarm-stm32.instrset/win/bin/../lib/gcc/arm-none-eabi/13.2.1/thumb/v7e-m+fp/hard\libg_nano.a(libc_a-exit.o)
                              C:/ProgramData/MATLAB/R2026a/stm32b/3P.instrset/gnuarm-stm32.instrset/win/bin/../lib/gcc/arm-none-eabi/13.2.1/thumb/v7e-m+fp/hard/crt0.o (exit)
C:/ProgramData/MATLAB/R2026a/stm32b/3P.instrset/gnuarm-stm32.instrset/win/bin/../lib/gcc/arm-none-eabi/13.2.1/thumb/v7e-m+fp/hard\libg_nano.a(libc_a-findfp.o)
                              C:/ProgramData/MATLAB/R2026a/stm32b/3P.instrset/gnuarm-stm32.instrset/win/bin/../lib/gcc/arm-none-eabi/13.2.1/thumb/v7e-m+fp/hard\libg_nano.a(libc_a-exit.o) (__stdio_exit_handler)
C:/ProgramData/MATLAB/R2026a/stm32b/3P.instrset/gnuarm-stm32.instrset/win/bin/../lib/gcc/arm-none-eabi/13.2.1/thumb/v7e-m+fp/hard\libg_nano.a(libc_a-fwalk.o)
                              C:/ProgramData/MATLAB/R2026a/stm32b/3P.instrset/gnuarm-stm32.instrset/win/bin/../lib/gcc/arm-none-eabi/13.2.1/thumb/v7e-m+fp/hard\libg_nano.a(libc_a-findfp.o) (_fwalk_sglue)
C:/ProgramData/MATLAB/R2026a/stm32b/3P.instrset/gnuarm-stm32.instrset/win/bin/../lib/gcc/arm-none-eabi/13.2.1/thumb/v7e-m+fp/hard\libg_nano.a(libc_a-stdio.o)
                              C:/ProgramData/MATLAB/R2026a/stm32b/3P.instrset/gnuarm-stm32.instrset/win/bin/../lib/gcc/arm-none-eabi/13.2.1/thumb/v7e-m+fp/hard\libg_nano.a(libc_a-findfp.o) (__sread)
C:/ProgramData/MATLAB/R2026a/stm32b/3P.instrset/gnuarm-stm32.instrset/win/bin/../lib/gcc/arm-none-eabi/13.2.1/thumb/v7e-m+fp/hard\libg_nano.a(libc_a-memset.o)
                              C:/ProgramData/MATLAB/R2026a/stm32b/3P.instrset/gnuarm-stm32.instrset/win/bin/../lib/gcc/arm-none-eabi/13.2.1/thumb/v7e-m+fp/hard/crt0.o (memset)
C:/ProgramData/MATLAB/R2026a/stm32b/3P.instrset/gnuarm-stm32.instrset/win/bin/../lib/gcc/arm-none-eabi/13.2.1/thumb/v7e-m+fp/hard\libg_nano.a(libc_a-closer.o)
                              C:/ProgramData/MATLAB/R2026a/stm32b/3P.instrset/gnuarm-stm32.instrset/win/bin/../lib/gcc/arm-none-eabi/13.2.1/thumb/v7e-m+fp/hard\libg_nano.a(libc_a-stdio.o) (_close_r)
C:/ProgramData/MATLAB/R2026a/stm32b/3P.instrset/gnuarm-stm32.instrset/win/bin/../lib/gcc/arm-none-eabi/13.2.1/thumb/v7e-m+fp/hard\libg_nano.a(libc_a-reent.o)
                              C:/ProgramData/MATLAB/R2026a/stm32b/3P.instrset/gnuarm-stm32.instrset/win/bin/../lib/gcc/arm-none-eabi/13.2.1/thumb/v7e-m+fp/hard\libg_nano.a(libc_a-closer.o) (errno)
C:/ProgramData/MATLAB/R2026a/stm32b/3P.instrset/gnuarm-stm32.instrset/win/bin/../lib/gcc/arm-none-eabi/13.2.1/thumb/v7e-m+fp/hard\libg_nano.a(libc_a-impure.o)
                              C:/ProgramData/MATLAB/R2026a/stm32b/3P.instrset/gnuarm-stm32.instrset/win/bin/../lib/gcc/arm-none-eabi/13.2.1/thumb/v7e-m+fp/hard\libg_nano.a(libc_a-reent.o) (_impure_ptr)
[...]
Memory Configuration

Name             Origin             Length             Attributes
RAM              0x20000000         0x00020000         xrw
FLASH            0x08000000         0x00080000         xr
*default*        0x00000000         0xffffffff

Linker script and memory map

LOAD C:/ProgramData/MATLAB/R2026a/stm32b/3P.instrset/gnuarm-stm32.instrset/win/bin/../lib/gcc/arm-none-eabi/13.2.1/thumb/v7e-m+fp/hard/crti.o
LOAD C:/ProgramData/MATLAB/R2026a/stm32b/3P.instrset/gnuarm-stm32.instrset/win/bin/../lib/gcc/arm-none-eabi/13.2.1/thumb/v7e-m+fp/hard/crtbegin.o
LOAD C:/ProgramData/MATLAB/R2026a/stm32b/3P.instrset/gnuarm-stm32.instrset/win/bin/../lib/gcc/arm-none-eabi/13.2.1/thumb/v7e-m+fp/hard/crt0.o
LOAD xcp_ext_mode.c.o
LOAD ert_main.c.o
LOAD kalman.c.o
LOAD hc_sr04.c.o
LOAD xcp_ext_common.c.o
LOAD xcp_ext_classic_trigger.c.o
LOAD xcp_ext_param_default_serial.c.o
LOAD xcp.c.o
LOAD xcp_standard.c.o
LOAD xcp_daq.c.o
LOAD xcp_calibration.c.o
LOAD xcp_fifo.c.o
LOAD xcp_transport.c.o
LOAD xcp_mem_default.c.o
LOAD xcp_drv_rtiostream.c.o
LOAD xcp_utils.c.o
LOAD xcp_frame_serial.c.o
LOAD overrideHALDelay.c.o
LOAD platform_timer.c.o
LOAD rtiostream_serial.c.o
LOAD stm_usart.c.o
LOAD stm_lpuart.c.o
LOAD sys_arch_arm.c.o
LOAD SysTickScheduler.c.o
LOAD m3m4m4f_multitasking.c.o
LOAD stm_timer_ll.c.o
LOAD main.c.o
LOAD stm32g4xx_hal_msp.c.o
LOAD stm32g4xx_hal_timebase_tim.c.o
LOAD stm32g4xx_it.c.o
LOAD system_stm32g4xx.c.o
LOAD stm32g4xx_hal.c.o
LOAD stm32g4xx_hal_cortex.c.o
LOAD stm32g4xx_hal_dma.c.o
LOAD stm32g4xx_hal_dma_ex.c.o
LOAD stm32g4xx_hal_exti.c.o
LOAD stm32g4xx_hal_flash.c.o
LOAD stm32g4xx_hal_flash_ex.c.o
LOAD stm32g4xx_hal_flash_ramfunc.c.o
LOAD stm32g4xx_hal_gpio.c.o
LOAD stm32g4xx_hal_pwr.c.o
LOAD stm32g4xx_hal_pwr_ex.c.o
LOAD stm32g4xx_hal_rcc.c.o
LOAD stm32g4xx_hal_rcc_ex.c.o
LOAD stm32g4xx_hal_tim.c.o
LOAD stm32g4xx_hal_tim_ex.c.o
LOAD stm32g4xx_ll_dma.c.o
LOAD stm32g4xx_ll_exti.c.o
LOAD stm32g4xx_ll_gpio.c.o
LOAD stm32g4xx_ll_lpuart.c.o
LOAD stm32g4xx_ll_pwr.c.o
LOAD stm32g4xx_ll_rcc.c.o
LOAD stm32g4xx_ll_tim.c.o
LOAD stm32g4xx_ll_utils.c.o
LOAD syscalls.c.o
LOAD sysmem.c.o
LOAD startup_stm32g474retx.s.o
LOAD D:/MATLAB/R2026a/toolbox/stm32b/stm32shared/lib/GCC/libmw_pdmfilter_m4_spfp.lib
LOAD C:/ProgramData/MATLAB/R2026a/stm32b/3P.instrset/gnuarm-stm32.instrset/win/bin/../lib/gcc/arm-none-eabi/13.2.1/thumb/v7e-m+fp/hard\libstdc++_nano.a
LOAD C:/ProgramData/MATLAB/R2026a/stm32b/3P.instrset/gnuarm-stm32.instrset/win/bin/../lib/gcc/arm-none-eabi/13.2.1/thumb/v7e-m+fp/hard\libm.a
START GROUP
LOAD C:/ProgramData/MATLAB/R2026a/stm32b/3P.instrset/gnuarm-stm32.instrset/win/bin/../lib/gcc/arm-none-eabi/13.2.1/thumb/v7e-m+fp/hard\libgcc.a
LOAD C:/ProgramData/MATLAB/R2026a/stm32b/3P.instrset/gnuarm-stm32.instrset/win/bin/../lib/gcc/arm-none-eabi/13.2.1/thumb/v7e-m+fp/hard\libg_nano.a
LOAD C:/ProgramData/MATLAB/R2026a/stm32b/3P.instrset/gnuarm-stm32.instrset/win/bin/../lib/gcc/arm-none-eabi/13.2.1/thumb/v7e-m+fp/hard\libc_nano.a
END GROUP
START GROUP
LOAD C:/ProgramData/MATLAB/R2026a/stm32b/3P.instrset/gnuarm-stm32.instrset/win/bin/../lib/gcc/arm-none-eabi/13.2.1/thumb/v7e-m+fp/hard\libgcc.a
LOAD C:/ProgramData/MATLAB/R2026a/stm32b/3P.instrset/gnuarm-stm32.instrset/win/bin/../lib/gcc/arm-none-eabi/13.2.1/thumb/v7e-m+fp/hard\libc_nano.a
LOAD C:/ProgramData/MATLAB/R2026a/stm32b/3P.instrset/gnuarm-stm32.instrset/win/bin/../lib/gcc/arm-none-eabi/13.2.1/thumb/v7e-m+fp/hard\libnosys.a
END GROUP
START GROUP
LOAD C:/ProgramData/MATLAB/R2026a/stm32b/3P.instrset/gnuarm-stm32.instrset/win/bin/../lib/gcc/arm-none-eabi/13.2.1/thumb/v7e-m+fp/hard\libgcc.a
LOAD C:/ProgramData/MATLAB/R2026a/stm32b/3P.instrset/gnuarm-stm32.instrset/win/bin/../lib/gcc/arm-none-eabi/13.2.1/thumb/v7e-m+fp/hard\libc_nano.a
LOAD C:/ProgramData/MATLAB/R2026a/stm32b/3P.instrset/gnuarm-stm32.instrset/win/bin/../lib/gcc/arm-none-eabi/13.2.1/thumb/v7e-m+fp/hard\libnosys.a
END GROUP
LOAD C:/ProgramData/MATLAB/R2026a/stm32b/3P.instrset/gnuarm-stm32.instrset/win/bin/../lib/gcc/arm-none-eabi/13.2.1/thumb/v7e-m+fp/hard/crtend.o
LOAD C:/ProgramData/MATLAB/R2026a/stm32b/3P.instrset/gnuarm-stm32.instrset/win/bin/../lib/gcc/arm-none-eabi/13.2.1/thumb/v7e-m+fp/hard/crtn.o
                0x20020000                        _estack = (ORIGIN (RAM) + LENGTH (RAM))
                0x00000200                        _Min_Heap_Size = 0x200
                0x00000400                        _Min_Stack_Size = 0x400

.isr_vector     0x08000000      0x1d8
                0x08000000                        . = ALIGN (0x4)
 *(.isr_vector)
 .isr_vector    0x08000000      0x1d8 startup_stm32g474retx.s.o
                0x08000000                g_pfnVectors
                0x080001d8                        . = ALIGN (0x4)

.text           0x080001d8     0xdffc
                0x080001d8                        . = ALIGN (0x4)
 *(.text)
 .text          0x080001d8      0x378 C:/ProgramData/MATLAB/R2026a/stm32b/3P.instrset/gnuarm-stm32.instrset/win/bin/../lib/gcc/arm-none-eabi/13.2.1/thumb/v7e-m+fp/hard\libgcc.a(_arm_addsubdf3.o)
                0x080001d8                __aeabi_drsub
                0x080001e0                __aeabi_dsub
                0x080001e0                __subdf3
                0x080001e4                __aeabi_dadd
                0x080001e4                __adddf3
                0x0800045c                __floatunsidf
                0x0800045c                __aeabi_ui2d
                0x0800047c                __floatsidf
                0x0800047c                __aeabi_i2d
                0x080004a0                __aeabi_f2d
                0x080004a0                __extendsfdf2
                0x080004e4                __floatundidf
                0x080004e4                __aeabi_ul2d
                0x080004f4                __floatdidf
                0x080004f4                __aeabi_l2d
 .text          0x08000550      0x424 C:/ProgramData/MATLAB/R2026a/stm32b/3P.instrset/gnuarm-stm32.instrset/win/bin/../lib/gcc/arm-none-eabi/13.2.1/thumb/v7e-m+fp/hard\libgcc.a(_arm_muldivdf3.o)
                0x08000550                __aeabi_dmul
                0x08000550                __muldf3
                0x080007a4                __divdf3
                0x080007a4                __aeabi_ddiv
 .text          0x08000974      0x110 C:/ProgramData/MATLAB/R2026a/stm32b/3P.instrset/gnuarm-stm32.instrset/win/bin/../lib/gcc/arm-none-eabi/13.2.1/thumb/v7e-m+fp/hard\libgcc.a(_arm_cmpdf2.o)
                0x08000974                __gtdf2
                0x08000974                __gedf2
                0x0800097c                __ltdf2
                0x0800097c                __ledf2
                0x08000984                __nedf2
                0x08000984                __eqdf2
                0x08000984                __cmpdf2
                0x08000a00                __aeabi_cdrcmple
                0x08000a10                __aeabi_cdcmpeq
                0x08000a10                __aeabi_cdcmple
                0x08000a20                __aeabi_dcmpeq
                0x08000a34                __aeabi_dcmplt
                0x08000a48                __aeabi_dcmple
                0x08000a5c                __aeabi_dcmpge
                0x08000a70                __aeabi_dcmpgt
 .text          0x08000a84       0xa0 C:/ProgramData/MATLAB/R2026a/stm32b/3P.instrset/gnuarm-stm32.instrset/win/bin/../lib/gcc/arm-none-eabi/13.2.1/thumb/v7e-m+fp/hard\libgcc.a(_arm_truncdfsf2.o)
                0x08000a84                __truncdfsf2
                0x08000a84                __aeabi_d2f
 .text          0x08000b24       0x30 C:/ProgramData/MATLAB/R2026a/stm32b/3P.instrset/gnuarm-stm32.instrset/win/bin/../lib/gcc/arm-none-eabi/13.2.1/thumb/v7e-m+fp/hard\libgcc.a(_aeabi_uldivmod.o)
                0x08000b24                __aeabi_uldivmod
 .text          0x08000b54        0x4 C:/ProgramData/MATLAB/R2026a/stm32b/3P.instrset/gnuarm-stm32.instrset/win/bin/../lib/gcc/arm-none-eabi/13.2.1/thumb/v7e-m+fp/hard\libgcc.a(_dvmd_tls.o)
                0x08000b54                __aeabi_idiv0
                0x08000b54                __aeabi_ldiv0
 *(.text*)
 .text.deregister_tm_clones
                0x08000b58       0x1c C:/ProgramData/MATLAB/R2026a/stm32b/3P.instrset/gnuarm-stm32.instrset/win/bin/../lib/gcc/arm-none-eabi/13.2.1/thumb/v7e-m+fp/hard/crtbegin.o
 .text.register_tm_clones
                0x08000b74       0x24 C:/ProgramData/MATLAB/R2026a/stm32b/3P.instrset/gnuarm-stm32.instrset/win/bin/../lib/gcc/arm-none-eabi/13.2.1/thumb/v7e-m+fp/hard/crtbegin.o
 .text.__do_global_dtors_aux
                0x08000b98       0x28 C:/ProgramData/MATLAB/R2026a/stm32b/3P.instrset/gnuarm-stm32.instrset/win/bin/../lib/gcc/arm-none-eabi/13.2.1/thumb/v7e-m+fp/hard/crtbegin.o
 .text.frame_dummy
                0x08000bc0       0x24 C:/ProgramData/MATLAB/R2026a/stm32b/3P.instrset/gnuarm-stm32.instrset/win/bin/../lib/gcc/arm-none-eabi/13.2.1/thumb/v7e-m+fp/hard/crtbegin.o
 .text.extmodeParseArgs
                0x08000be4       0x1e xcp_ext_mode.c.o
                0x08000be4                extmodeParseArgs
 *fill*         0x08000c02        0x2 
 .text.extmodeInit
                0x08000c04      0x104 xcp_ext_mode.c.o
                0x08000c04                extmodeInit
 .text.extmodeWaitForHostRequest
                0x08000d08       0xcc xcp_ext_mode.c.o
                0x08000d08                extmodeWaitForHostRequest
 .text.extmodeEvent
                0x08000dd4       0xd4 xcp_ext_mode.c.o
                0x08000dd4                extmodeEvent
 .text.extmodeBackgroundRun
                0x08000ea8       0x20 xcp_ext_mode.c.o
                0x08000ea8                extmodeBackgroundRun
 .text.extmodeReset
                0x08000ec8       0x40 xcp_ext_mode.c.o
                0x08000ec8                extmodeReset
 .text.extmodeStopRequested
                0x08000f08       0x18 xcp_ext_mode.c.o
                0x08000f08                extmodeStopRequested
 .text.extmodeSimulationComplete
                0x08000f20       0x18 xcp_ext_mode.c.o
                0x08000f20                extmodeSimulationComplete
 .text.rt_OneStep
                0x08000f38       0x70 ert_main.c.o
                0x08000f38                rt_OneStep
 .text.main     0x08000fa8      0x194 ert_main.c.o
                0x08000fa8                main
 .text.LL_TIM_EnableCounter
                0x0800113c       0x20 kalman.c.o
 .text.LL_TIM_DisableCounter
                0x0800115c       0x20 kalman.c.o
 .text.LL_TIM_SetUpdateSource
                0x0800117c       0x26 kalman.c.o
 .text.LL_TIM_GetUpdateSource
                0x080011a2       0x1c kalman.c.o
 .text.LL_TIM_SetRepetitionCounter
                0x080011be       0x1c kalman.c.o
 .text.LL_TIM_GenerateEvent_UPDATE
                0x080011da       0x20 kalman.c.o
 *fill*         0x080011fa        0x2 
 .text.isSlaveTriggerModeEnabled
                0x080011fc       0x30 kalman.c.o
 .text.enableCounter
                0x0800122c      0x118 kalman.c.o
 .text.disableCounter
                0x08001344       0x1a kalman.c.o
 .text.kalman_SystemCore_setup
                0x0800135e       0x7c kalman.c.o
 *fill*         0x080013da        0x2 
 .text.kalman_step
                0x080013dc      0x718 kalman.c.o
                0x080013dc                kalman_step
 *fill*         0x08001af4        0x4 
 .text.kalman_initialize
                0x08001af8      0x1bc kalman.c.o
                0x08001af8                kalman_initialize
 .text.kalman_terminate
                0x08001cb4       0x4c kalman.c.o
                0x08001cb4                kalman_terminate
 .text.read_ultrasonic_c
                0x08001d00      0x12c hc_sr04.c.o
                0x08001d00                read_ultrasonic_c
 .text.xcp_void_printf
                0x08001e2c       0x12 xcp_ext_common.c.o
                0x08001e2c                xcp_void_printf
 .text.xcpCopyTimeValue
                0x08001e3e       0x26 xcp_ext_common.c.o
 .text.updateTime
                0x08001e64      0x1a4 xcp_ext_common.c.o
 .text.xcpExtModeUpdateTime
                0x08002008       0x1e xcp_ext_common.c.o
                0x08002008                xcpExtModeUpdateTime
 *fill*         0x08002026        0x2 
 .text.xcpExtModeInit
                0x08002028       0xb8 xcp_ext_common.c.o
                0x08002028                xcpExtModeInit
 .text.xcpExtModeRunBackground
                0x080020e0      0x13c xcp_ext_common.c.o
                0x080020e0                xcpExtModeRunBackground
 .text.xcpExtModeReset
                0x0800221c      0x138 xcp_ext_common.c.o
                0x0800221c                xcpExtModeReset
 .text.sampleSignalTrigger
                0x08002354      0x1b4 xcp_ext_classic_trigger.c.o
 .text.updateTriggerStatus
                0x08002508      0x2b8 xcp_ext_classic_trigger.c.o
 .text.xcpExtModeClassicTriggerInit
                0x080027c0       0x68 xcp_ext_classic_trigger.c.o
                0x080027c0                xcpExtModeClassicTriggerInit
 .text.xcpExtModeClassicTriggerEnabled
                0x08002828      0x100 xcp_ext_classic_trigger.c.o
                0x08002828                xcpExtModeClassicTriggerEnabled
 .text.xcpExtModeClassicTriggerReset
                0x08002928       0xf4 xcp_ext_classic_trigger.c.o
                0x08002928                xcpExtModeClassicTriggerReset
 .text.xcpExtModeClassicTriggerForceEnableStatusUpdate
                0x08002a1c       0x78 xcp_ext_classic_trigger.c.o
                0x08002a1c                xcpExtModeClassicTriggerForceEnableStatusUpdate
 .text.xcpTransportGetInitParameters
                0x08002a94       0x2e xcp_ext_param_default_serial.c.o
                0x08002a94                xcpTransportGetInitParameters
 .text.xcpGetInitParameters
                0x08002ac2       0x2e xcp_ext_param_default_serial.c.o
                0x08002ac2                xcpGetInitParameters
 .text.msgBufferRealloc
                0x08002af0       0x72 xcp.c.o
 *fill*         0x08002b62        0x2 
 .text.discardInputPacketHandler
                0x08002b64       0x3c xcp.c.o
 .text.unknownInputPacketHandler
                0x08002ba0       0x34 xcp.c.o
 .text.xcpGetPacketGroupID
                0x08002bd4       0x74 xcp.c.o
 .text.xcpGetPacketHandlers
                0x08002c48      0x124 xcp.c.o
 .text.xcpStatusSet
                0x08002d6c       0x20 xcp.c.o
                0x08002d6c                xcpStatusSet
 .text.xcpSessionStatusGet
                0x08002d8c       0x18 xcp.c.o
                0x08002d8c                xcpSessionStatusGet
 .text.xcpSessionStatusSetMask
                0x08002da4       0x28 xcp.c.o
                0x08002da4                xcpSessionStatusSetMask
 .text.xcpSessionStatusClearMask
                0x08002dcc       0x34 xcp.c.o
                0x08002dcc                xcpSessionStatusClearMask
 .text.xcpResourceProtectionStatusGet
                0x08002e00       0x18 xcp.c.o
                0x08002e00                xcpResourceProtectionStatusGet
 .text.xcpSessionConfigurationIdGet
                0x08002e18       0x18 xcp.c.o
                0x08002e18                xcpSessionConfigurationIdGet
 .text.genericOutputPacketHandler
                0x08002e30      0x11c xcp.c.o
                0x08002e30                genericOutputPacketHandler
 .text.xcpFindPacket
                0x08002f4c       0x6e xcp.c.o
                0x08002f4c                xcpFindPacket
 *fill*         0x08002fba        0x2 
 .text.xcpInit  0x08002fbc       0x64 xcp.c.o
                0x08002fbc                xcpInit
 .text.xcpRun   0x08003020      0x194 xcp.c.o
                0x08003020                xcpRun
 .text.xcpEvent
                0x080031b4       0x50 xcp.c.o
                0x080031b4                xcpEvent
 .text.xcpGetStatus
                0x08003204       0x18 xcp.c.o
                0x08003204                xcpGetStatus
 .text.xcpReset
                0x0800321c       0x40 xcp.c.o
                0x0800321c                xcpReset
 .text.xcpPackedModeEventsFlush
                0x0800325c       0x1e xcp.c.o
                0x0800325c                xcpPackedModeEventsFlush
 .text.xcpPackedModeEventReset
                0x0800327a       0x2a xcp.c.o
                0x0800327a                xcpPackedModeEventReset
 .text.isValidUploadSize
                0x080032a4       0x30 xcp_standard.c.o
 .text.xcpMemcpyFromMTA
                0x080032d4       0x38 xcp_standard.c.o
 .text.connectInputPacketHandler
                0x0800330c       0xa4 xcp_standard.c.o
 .text.connectOutputPacketHandler
                0x080033b0       0xd4 xcp_standard.c.o
 .text.disconnectInputPacketHandler
                0x08003484       0x54 xcp_standard.c.o
 .text.getStatusInputPacketHandler
                0x080034d8       0x28 xcp_standard.c.o
 .text.getStatusOutputPacketHandler
                0x08003500       0x80 xcp_standard.c.o
 .text.synchInputPacketHandler
                0x08003580       0x44 xcp_standard.c.o
 .text.setMTAInputPacketHandler
                0x080035c4       0x78 xcp_standard.c.o
 .text.uploadInputPacketHandler
                0x0800363c       0x98 xcp_standard.c.o
 .text.uploadOutputPacketHandler
                0x080036d4       0x9c xcp_standard.c.o
 .text.shortUploadInputPacketHandler
                0x08003770       0xa4 xcp_standard.c.o
 .text.shortUploadOutputPacketHandler
                0x08003814       0x9c xcp_standard.c.o
 .text.getPacket
                0x080038b0       0x24 xcp_standard.c.o
 .text.xcpStandardInit
                0x080038d4       0x18 xcp_standard.c.o
                0x080038d4                xcpStandardInit
 .text.xcpStandardGetPacketLookup
                0x080038ec       0x18 xcp_standard.c.o
                0x080038ec                xcpStandardGetPacketLookup
 .text.xcpStandardSetPacketLookup
                0x08003904       0x20 xcp_standard.c.o
                0x08003904                xcpStandardSetPacketLookup
 .text.xcpStandardReset
                0x08003924       0x12 xcp_standard.c.o
                0x08003924                xcpStandardReset
 *fill*         0x08003936        0x2 
 .text.xcpStandardGetAddressFromMta
                0x08003938       0x18 xcp_standard.c.o
                0x08003938                xcpStandardGetAddressFromMta
 .text.xcpStandardSetMta
                0x08003950       0x3c xcp_standard.c.o
                0x08003950                xcpStandardSetMta
 .text.xcpStandardIncrementMta
                0x0800398c       0x28 xcp_standard.c.o
                0x0800398c                xcpStandardIncrementMta
 .text.xcpStandardExtendedInit
                0x080039b4        0xe xcp_standard.c.o
                0x080039b4                xcpStandardExtendedInit
 .text.xcpStandardExtendedReset
                0x080039c2        0xe xcp_standard.c.o
                0x080039c2                xcpStandardExtendedReset
 .text.xcpDaqWriteLock
                0x080039d0       0x4c xcp_daq.c.o
 .text.xcpDaqWriteUnlock
                0x08003a1c       0x20 xcp_daq.c.o
 .text.xcpDaqReadLock
                0x08003a3c       0x38 xcp_daq.c.o
 .text.xcpDaqReadUnlock
                0x08003a74       0x38 xcp_daq.c.o
 .text.isActiveDaqList
                0x08003aac       0x50 xcp_daq.c.o
 .text.noActiveDaqLists
                0x08003afc       0x50 xcp_daq.c.o
 .text.isValidDaqPtr
                0x08003b4c       0xb8 xcp_daq.c.o
 .text.isValidDaqEntry
                0x08003c04       0x36 xcp_daq.c.o
 .text.isSupportedDaqListMode
                0x08003c3a       0x26 xcp_daq.c.o
 .text.isValidStartStopMode
                0x08003c60       0x32 xcp_daq.c.o
 .text.isValidStartStopSynchMode
                0x08003c92       0x32 xcp_daq.c.o
 .text.absoluteOdtNumberIdentification
                0x08003cc4       0x10 xcp_daq.c.o
 .text.isDaqPackedModeEnabled
                0x08003cd4       0x6c xcp_daq.c.o
 .text.odtPacketSize
                0x08003d40       0x54 xcp_daq.c.o
 .text.createDaqReservedPool
                0x08003d94       0x88 xcp_daq.c.o
 .text.destroyDaqReservedPool
                0x08003e1c       0x2c xcp_daq.c.o
 .text.setDaqPtrInputPacketHandler
                0x08003e48       0xdc xcp_daq.c.o
 .text.writeDaqInputPacketHandler
                0x08003f24      0x198 xcp_daq.c.o
 .text.setDaqListModeInputPacketHandler
                0x080040bc      0x1c8 xcp_daq.c.o
 .text.startStopDaqListInputPacketHandler
                0x08004284      0x3f4 xcp_daq.c.o
 .text.startStopDaqListOutputPacketHandler
                0x08004678       0x5c xcp_daq.c.o
 .text.startStopSynchInputPacketHandler
                0x080046d4      0x328 xcp_daq.c.o
 .text.getDaqProcessorInfoInputPacketHandler
                0x080049fc       0x28 xcp_daq.c.o
 .text.getDaqProcessorInfoOutputPacketHandler
                0x08004a24       0xac xcp_daq.c.o
 .text.getDaqResolutionInfoInputPacketHandler
                0x08004ad0       0x28 xcp_daq.c.o
 .text.getDaqResolutionInfoOutputPacketHandler
                0x08004af8       0xb8 xcp_daq.c.o
 .text.freeDaqInputPacketHandler
                0x08004bb0       0x5c xcp_daq.c.o
 .text.allocDaqInputPacketHandler
                0x08004c0c      0x18c xcp_daq.c.o
 .text.allocOdtInputPacketHandler
                0x08004d98      0x1c0 xcp_daq.c.o
 .text.allocOdtEntryInputPacketHandler
                0x08004f58      0x270 xcp_daq.c.o
 .text.getDaqClockInputPacketHandler
                0x080051c8       0x2c xcp_daq.c.o
 .text.getDaqClockOutputPacketHandler
                0x080051f4       0x44 xcp_daq.c.o
 .text.setDaqPackedModeInputPacketHandler
                0x08005238      0x21c xcp_daq.c.o
 .text.level1CommandInputPacketHandler
                0x08005454       0x64 xcp_daq.c.o
 .text.getPacket
                0x080054b8       0x24 xcp_daq.c.o
 .text.xcpDaqInit
                0x080054dc       0x38 xcp_daq.c.o
                0x080054dc                xcpDaqInit
 .text.xcpDaqGetPacketLookup
                0x08005514       0x18 xcp_daq.c.o
                0x08005514                xcpDaqGetPacketLookup
 .text.xcpDaqSetPacketLookup
                0x0800552c       0x20 xcp_daq.c.o
                0x0800552c                xcpDaqSetPacketLookup
 .text.xcpResetDaq
                0x0800554c       0xa4 xcp_daq.c.o
 .text.daqWriteXCPDataForOdt
                0x080055f0       0x7c xcp_daq.c.o
 .text.odtWriteEntries
                0x0800566c       0x9c xcp_daq.c.o
 .text.xcpProcessDaq
                0x08005708      0x208 xcp_daq.c.o
 .text.xcpDaqEvent
                0x08005910      0x108 xcp_daq.c.o
                0x08005910                xcpDaqEvent
 .text.xcpDaqEventsFlush
                0x08005a18      0x284 xcp_daq.c.o
                0x08005a18                xcpDaqEventsFlush
 .text.xcpDaqLock
                0x08005c9c       0x1e xcp_daq.c.o
                0x08005c9c                xcpDaqLock
 .text.xcpDaqUnlock
                0x08005cba        0xe xcp_daq.c.o
                0x08005cba                xcpDaqUnlock
 .text.xcpResetDaqListStatus
                0x08005cc8      0x19c xcp_daq.c.o
                0x08005cc8                xcpResetDaqListStatus
 .text.xcpDaqReset
                0x08005e64       0x20 xcp_daq.c.o
                0x08005e64                xcpDaqReset
 .text.xcpDaqExtendedInit
                0x08005e84        0xe xcp_daq.c.o
                0x08005e84                xcpDaqExtendedInit
 .text.xcpDaqExtendedReset
                0x08005e92        0xe xcp_daq.c.o
                0x08005e92                xcpDaqExtendedReset
 .text.isValidShortDownloadSize
                0x08005ea0       0x34 xcp_calibration.c.o
 .text.isValidDownloadSize
                0x08005ed4       0x3a xcp_calibration.c.o
 *fill*         0x08005f0e        0x2 
 .text.xcpMemcpyToMTA
                0x08005f10       0x34 xcp_calibration.c.o
 .text.downloadInputPacketHandler
                0x08005f44       0xb0 xcp_calibration.c.o
 .text.shortDownloadInputPacketHandler
                0x08005ff4       0xb8 xcp_calibration.c.o
 .text.getPacket
                0x080060ac       0x24 xcp_calibration.c.o
 .text.xcpCalibrationInit
                0x080060d0       0x14 xcp_calibration.c.o
                0x080060d0                xcpCalibrationInit
 .text.xcpCalibrationGetPacketLookup
                0x080060e4       0x18 xcp_calibration.c.o
                0x080060e4                xcpCalibrationGetPacketLookup
 .text.xcpCalibrationSetPacketLookup
                0x080060fc       0x20 xcp_calibration.c.o
                0x080060fc                xcpCalibrationSetPacketLookup
 .text.xcpCalibrationReset
                0x0800611c        0xe xcp_calibration.c.o
                0x0800611c                xcpCalibrationReset
 .text.xcpFifoInit
                0x0800612a       0x20 xcp_fifo.c.o
                0x0800612a                xcpFifoInit
 .text.xcpFifoEnqueue
                0x0800614a       0x2a xcp_fifo.c.o
                0x0800614a                xcpFifoEnqueue
 .text.xcpFifoDequeue
                0x08006174       0x3e xcp_fifo.c.o
                0x08006174                xcpFifoDequeue
 .text.xcpFifoEnqueueHead
                0x080061b2       0x32 xcp_fifo.c.o
                0x080061b2                xcpFifoEnqueueHead
 .text.xcpFifoReset
                0x080061e4       0x16 xcp_fifo.c.o
                0x080061e4                xcpFifoReset
 *fill*         0x080061fa        0x2 
 .text.xcpTransportEmptyTxFifo
                0x080061fc       0x6c xcp_transport.c.o
 .text.xcpTransportEmptyRxFifo
                0x08006268       0x6c xcp_transport.c.o
 .text.xcpTransportInit
                0x080062d4      0x138 xcp_transport.c.o
                0x080062d4                xcpTransportInit
 .text.xcpTransportTxReady
                0x0800640c       0x1a xcp_transport.c.o
                0x0800640c                xcpTransportTxReady
 .text.xcpTransportTxTrigger
                0x08006426       0x1a xcp_transport.c.o
                0x08006426                xcpTransportTxTrigger
 .text.xcpTransportTxPacketSet
                0x08006440      0x144 xcp_transport.c.o
                0x08006440                xcpTransportTxPacketSet
 .text.xcpTransportTx
                0x08006584       0xec xcp_transport.c.o
                0x08006584                xcpTransportTx
 .text.xcpTransportRx
                0x08006670       0x80 xcp_transport.c.o
                0x08006670                xcpTransportRx
 .text.xcpTransportRxPacketGet
                0x080066f0      0x12c xcp_transport.c.o
                0x080066f0                xcpTransportRxPacketGet
 .text.xcpTransportPacketOffset
                0x0800681c       0x20 xcp_transport.c.o
                0x0800681c                xcpTransportPacketOffset
 .text.xcpTransportMsgBufferSize
                0x0800683c       0x70 xcp_transport.c.o
                0x0800683c                xcpTransportMsgBufferSize
 .text.xcpTransportMaxDtoSize
                0x080068ac        0xe xcp_transport.c.o
                0x080068ac                xcpTransportMaxDtoSize
 .text.xcpTransportMaxCtoSize
                0x080068ba        0xe xcp_transport.c.o
                0x080068ba                xcpTransportMaxCtoSize
 .text.xcpTransportRestart
                0x080068c8       0x44 xcp_transport.c.o
                0x080068c8                xcpTransportRestart
 .text.xcpTransportResynch
                0x0800690c       0x40 xcp_transport.c.o
                0x0800690c                xcpTransportResynch
 .text.xcpTransportCtoReservedMemPoolId
                0x0800694c       0x18 xcp_transport.c.o
                0x0800694c                xcpTransportCtoReservedMemPoolId
 .text.xcpTransportReset
                0x08006964       0xe4 xcp_transport.c.o
                0x08006964                xcpTransportReset
 .text.xcpInitializePoolMemoryArea
                0x08006a48       0x72 xcp_mem_default.c.o
 *fill*         0x08006aba        0x2 
 .text.xcpMemInit
                0x08006abc      0x1d4 xcp_mem_default.c.o
                0x08006abc                xcpMemInit
 .text.xcpMemAlloc
                0x08006c90       0xe8 xcp_mem_default.c.o
                0x08006c90                xcpMemAlloc
 .text.xcpMemFree
                0x08006d78      0x170 xcp_mem_default.c.o
                0x08006d78                xcpMemFree
 .text.xcpMemReservedPoolCreate
                0x08006ee8      0x224 xcp_mem_default.c.o
                0x08006ee8                xcpMemReservedPoolCreate
 .text.xcpMemReservedPoolDestroy
                0x0800710c      0x158 xcp_mem_default.c.o
                0x0800710c                xcpMemReservedPoolDestroy
 .text.xcpMemCustomPoolCreate
                0x08007264       0xbc xcp_mem_default.c.o
                0x08007264                xcpMemCustomPoolCreate
 .text.xcpMemCustomPoolDestroy
                0x08007320       0x64 xcp_mem_default.c.o
                0x08007320                xcpMemCustomPoolDestroy
 .text.xcpMemAllocFromPool
                0x08007384      0x170 xcp_mem_default.c.o
                0x08007384                xcpMemAllocFromPool
 .text.xcpMemReset
                0x080074f4       0x50 xcp_mem_default.c.o
                0x080074f4                xcpMemReset
 .text.xcpDrvOpen
                0x08007544       0x64 xcp_drv_rtiostream.c.o
                0x08007544                xcpDrvOpen
 .text.xcpDrvIoctl
                0x080075a8       0x4c xcp_drv_rtiostream.c.o
                0x080075a8                xcpDrvIoctl
 .text.xcpDrvSend
                0x080075f4      0x14c xcp_drv_rtiostream.c.o
                0x080075f4                xcpDrvSend
 .text.xcpDrvRecv
                0x08007740      0x14c xcp_drv_rtiostream.c.o
                0x08007740                xcpDrvRecv
 .text.xcpDrvClose
                0x0800788c       0x5c xcp_drv_rtiostream.c.o
                0x0800788c                xcpDrvClose
 .text.xcpSortArray
                0x080078e8       0xcc xcp_utils.c.o
                0x080078e8                xcpSortArray
 .text.xcpSxiHtons
                0x080079b4       0x18 xcp_frame_serial.c.o
 .text.xcpSxiNtohs
                0x080079cc       0x1c xcp_frame_serial.c.o
 .text.xcpSxiChecksum
                0x080079e8       0x3e xcp_frame_serial.c.o
 *fill*         0x08007a26        0x2 
 .text.xcpFrameInit
                0x08007a28       0x70 xcp_frame_serial.c.o
                0x08007a28                xcpFrameInit
 .text.xcpFrameMsgSend
                0x08007a98      0x188 xcp_frame_serial.c.o
                0x08007a98                xcpFrameMsgSend
 .text.xcpFrameMsgRecv
                0x08007c20      0x180 xcp_frame_serial.c.o
                0x08007c20                xcpFrameMsgRecv
 .text.xcpFrameCreateMsg
                0x08007da0       0x94 xcp_frame_serial.c.o
                0x08007da0                xcpFrameCreateMsg
 .text.xcpFrameExtractPacket
                0x08007e34      0x158 xcp_frame_serial.c.o
                0x08007e34                xcpFrameExtractPacket
 .text.xcpFrameHeaderSize
                0x08007f8c       0x10 xcp_frame_serial.c.o
                0x08007f8c                xcpFrameHeaderSize
 .text.xcpFrameTailSize
                0x08007f9c       0x10 xcp_frame_serial.c.o
                0x08007f9c                xcpFrameTailSize
 .text.xcpFrameMaxDtoSize
                0x08007fac       0x12 xcp_frame_serial.c.o
                0x08007fac                xcpFrameMaxDtoSize
 .text.xcpFrameMaxCtoSize
                0x08007fbe       0x10 xcp_frame_serial.c.o
                0x08007fbe                xcpFrameMaxCtoSize
 *fill*         0x08007fce        0x2 
 .text.xcpFrameRestart
                0x08007fd0       0x30 xcp_frame_serial.c.o
                0x08007fd0                xcpFrameRestart
 .text.xcpFrameSetCtoReservedMemPoolId
                0x08008000       0x20 xcp_frame_serial.c.o
                0x08008000                xcpFrameSetCtoReservedMemPoolId
 .text.xcpFrameReset
                0x08008020       0x70 xcp_frame_serial.c.o
                0x08008020                xcpFrameReset
 .text.HAL_Delay
                0x08008090       0x2e overrideHALDelay.c.o
                0x08008090                HAL_Delay
 *fill*         0x080080be        0x2 
 .text.PeriphCommonClock_Config
                0x080080c0       0x10 platform_timer.c.o
                0x080080c0                PeriphCommonClock_Config
 .text.getCurrentTimestampInMicros
                0x080080d0       0x40 platform_timer.c.o
                0x080080d0                getCurrentTimestampInMicros
 .text.returnTimeElapsed
                0x08008110       0x2c platform_timer.c.o
                0x08008110                returnTimeElapsed
 .text.timestampInit
                0x0800813c       0x28 platform_timer.c.o
 .text.getCurrentTimestamp
                0x08008164       0x44 platform_timer.c.o
                0x08008164                getCurrentTimestamp
 .text.rtIOStreamOpen
                0x080081a8       0x44 rtiostream_serial.c.o
                0x080081a8                rtIOStreamOpen
 .text.rtIOStreamSend
                0x080081ec       0x38 rtiostream_serial.c.o
                0x080081ec                rtIOStreamSend
 .text.rtIOStreamRecv
                0x08008224       0x48 rtiostream_serial.c.o
                0x08008224                rtIOStreamRecv
 .text.rtIOStreamClose
                0x0800826c       0x20 rtiostream_serial.c.o
                0x0800826c                rtIOStreamClose
 .text.LL_DMA_GetDataLength
                0x0800828c       0x30 stm_usart.c.o
 .text.getAvailableDataInBuffer
                0x080082bc       0xcc stm_usart.c.o
                0x080082bc                getAvailableDataInBuffer
 .text.getBytesToBeReadFromBuffer
                0x08008388       0x6e stm_usart.c.o
                0x08008388                getBytesToBeReadFromBuffer
 *fill*         0x080083f6        0x2 
 .text.readDataFromBuffer
                0x080083f8       0xdc stm_usart.c.o
                0x080083f8                readDataFromBuffer
 .text.__NVIC_GetPriorityGrouping
                0x080084d4       0x1c stm_lpuart.c.o
 .text.__NVIC_EnableIRQ
                0x080084f0       0x3c stm_lpuart.c.o
 .text.__NVIC_SetPriority
                0x0800852c       0x54 stm_lpuart.c.o
 .text.NVIC_EncodePriority
                0x08008580       0x66 stm_lpuart.c.o
 *fill*         0x080085e6        0x2 
 .text.LL_DMA_EnableChannel
                0x080085e8       0x44 stm_lpuart.c.o
 .text.LL_DMA_DisableChannel
                0x0800862c       0x44 stm_lpuart.c.o
 .text.LL_DMA_GetMode
                0x08008670       0x34 stm_lpuart.c.o
 .text.LL_DMA_SetDataLength
                0x080086a4       0x4c stm_lpuart.c.o
 .text.LL_DMA_ConfigAddresses
                0x080086f0       0x7c stm_lpuart.c.o
 .text.LL_DMA_IsActiveFlag_TC1
                0x0800876c       0x26 stm_lpuart.c.o
 .text.LL_DMA_ClearFlag_TC1
                0x08008792       0x1a stm_lpuart.c.o
 .text.LL_DMA_EnableIT_TC
                0x080087ac       0x44 stm_lpuart.c.o
 .text.LL_DMA_DisableIT_TC
                0x080087f0       0x44 stm_lpuart.c.o
 .text.LL_DMA_IsEnabledIT_TC
                0x08008834       0x3c stm_lpuart.c.o
 .text.LL_LPUART_Enable
                0x08008870       0x20 stm_lpuart.c.o
 .text.LL_LPUART_Disable
                0x08008890       0x20 stm_lpuart.c.o
 .text.LL_LPUART_IsEnabled
                0x080088b0       0x26 stm_lpuart.c.o
 .text.LL_LPUART_IsActiveFlag_PE
                0x080088d6       0x26 stm_lpuart.c.o
 .text.LL_LPUART_IsActiveFlag_FE
                0x080088fc       0x26 stm_lpuart.c.o
 .text.LL_LPUART_IsActiveFlag_NE
                0x08008922       0x26 stm_lpuart.c.o
 .text.LL_LPUART_IsActiveFlag_ORE
                0x08008948       0x26 stm_lpuart.c.o
 .text.LL_LPUART_IsActiveFlag_TC
                0x0800896e       0x26 stm_lpuart.c.o
 .text.LL_LPUART_IsActiveFlag_TXE_TXFNF
                0x08008994       0x26 stm_lpuart.c.o
 .text.LL_LPUART_ClearFlag_PE
                0x080089ba       0x1a stm_lpuart.c.o
 .text.LL_LPUART_ClearFlag_FE
                0x080089d4       0x1a stm_lpuart.c.o
 .text.LL_LPUART_ClearFlag_NE
                0x080089ee       0x1a stm_lpuart.c.o
 .text.LL_LPUART_ClearFlag_ORE
                0x08008a08       0x1a stm_lpuart.c.o
 .text.LL_LPUART_EnableIT_RXNE_RXFNE
                0x08008a22       0x42 stm_lpuart.c.o
 .text.LL_LPUART_EnableIT_PE
                0x08008a64       0x42 stm_lpuart.c.o
 .text.LL_LPUART_EnableIT_ERROR
                0x08008aa6       0x46 stm_lpuart.c.o
 .text.LL_LPUART_DisableIT_RXNE_RXFNE
                0x08008aec       0x42 stm_lpuart.c.o
 .text.LL_LPUART_DisableIT_TXE_TXFNF
                0x08008b2e       0x42 stm_lpuart.c.o
 .text.LL_LPUART_DisableIT_PE
                0x08008b70       0x42 stm_lpuart.c.o
 .text.LL_LPUART_DisableIT_ERROR
                0x08008bb2       0x46 stm_lpuart.c.o
 .text.LL_LPUART_EnableDMAReq_RX
                0x08008bf8       0x46 stm_lpuart.c.o
 .text.LL_LPUART_DisableDMAReq_RX
                0x08008c3e       0x46 stm_lpuart.c.o
 .text.LL_LPUART_EnableDMAReq_TX
                0x08008c84       0x46 stm_lpuart.c.o
 .text.LL_LPUART_DisableDMAReq_TX
                0x08008cca       0x46 stm_lpuart.c.o
 .text.LL_LPUART_DMA_GetRegAddr
                0x08008d10       0x2c stm_lpuart.c.o
 .text.LL_LPUART_ReceiveData8
                0x08008d3c       0x1a stm_lpuart.c.o
 .text.LL_LPUART_TransmitData8
                0x08008d56       0x1e stm_lpuart.c.o
 .text.LPUART_RXDMAInterruptHandler
                0x08008d74       0xd4 stm_lpuart.c.o
                0x08008d74                LPUART_RXDMAInterruptHandler
 .text.LPUART_IsActiveFlagError
                0x08008e48       0xf4 stm_lpuart.c.o
                0x08008e48                LPUART_IsActiveFlagError
 .text.LPUART1_IRQHandler
                0x08008f3c       0x14 stm_lpuart.c.o
                0x08008f3c                LPUART1_IRQHandler
 .text.DMA1_Channel1_IRQHandler
                0x08008f50       0x20 stm_lpuart.c.o
                0x08008f50                DMA1_Channel1_IRQHandler
 .text.LPUART_ConfigureReceiveDMA
                0x08008f70       0xae stm_lpuart.c.o
                0x08008f70                LPUART_ConfigureReceiveDMA
 .text.LPUART_ConfigureTransmitDMA
                0x0800901e       0x7a stm_lpuart.c.o
                0x0800901e                LPUART_ConfigureTransmitDMA
 .text.MW_LPUART_GetReadErrorStatus
                0x08009098       0xc8 stm_lpuart.c.o
                0x08009098                MW_LPUART_GetReadErrorStatus
 .text.MW_LPUART_Initialize
                0x08009160      0x184 stm_lpuart.c.o
                0x08009160                MW_LPUART_Initialize
 .text.MW_LPUART_ReceiveUsingBuffer
                0x080092e4       0x5c stm_lpuart.c.o
                0x080092e4                MW_LPUART_ReceiveUsingBuffer
 .text.MW_LPUART_TransmitUsingPolling
                0x08009340      0x184 stm_lpuart.c.o
                0x08009340                MW_LPUART_TransmitUsingPolling
 .text.MW_LPUART_DeInit
                0x080094c4       0xaa stm_lpuart.c.o
                0x080094c4                MW_LPUART_DeInit
 .text.sys_arch_protect_arm
                0x0800956e       0x22 sys_arch_arm.c.o
                0x0800956e                sys_arch_protect_arm
 .text.sys_arch_unprotect_arm
                0x08009590       0x20 sys_arch_arm.c.o
                0x08009590                sys_arch_unprotect_arm
 .text.__NVIC_SetPriority
                0x080095b0       0x54 SysTickScheduler.c.o
 .text.SysTick_Config
                0x08009604       0x44 SysTickScheduler.c.o
 .text.SysTick_Isr
                0x08009648       0x48 SysTickScheduler.c.o
 .text.SysTick_Handler
                0x08009690       0x20 SysTickScheduler.c.o
                0x08009690                SysTick_Handler
 .text.ARMCM_SysTick_Config
                0x080096b0       0xb0 SysTickScheduler.c.o
                0x080096b0                ARMCM_SysTick_Config
 .text.PendSV_Handler
                0x08009760       0x44 m3m4m4f_multitasking.c.o
                0x08009760                PendSV_Handler
 .text.SVC_Handler
                0x080097a4       0x58 m3m4m4f_multitasking.c.o
                0x080097a4                SVC_Handler
 .text.LL_TIM_GetCounterMode
                0x080097fc       0x30 stm_timer_ll.c.o
 .text.LL_TIM_GetRepetitionCounter
                0x0800982c       0x18 stm_timer_ll.c.o
 .text.LL_TIM_CC_EnableChannel
                0x08009844       0x22 stm_timer_ll.c.o
 .text.LL_TIM_CC_DisableChannel
                0x08009866       0x24 stm_timer_ll.c.o
 .text.LL_TIM_IC_GetCaptureCH1
                0x0800988a       0x18 stm_timer_ll.c.o
 .text.LL_TIM_EnableAllOutputs
                0x080098a2       0x20 stm_timer_ll.c.o
 .text.LL_TIM_ClearFlag_CC1
                0x080098c2       0x1c stm_timer_ll.c.o
 .text.LL_TIM_IsActiveFlag_CC1
                0x080098de       0x26 stm_timer_ll.c.o
 .text.LL_TIM_ClearFlag_CC1OVR
                0x08009904       0x1c stm_timer_ll.c.o
 .text.LL_TIM_IsActiveFlag_CC1OVR
                0x08009920       0x28 stm_timer_ll.c.o
 .text.LL_TIM_EnableIT_UPDATE
                0x08009948       0x20 stm_timer_ll.c.o
 .text.LL_TIM_DisableIT_UPDATE
                0x08009968       0x20 stm_timer_ll.c.o
 .text.LL_TIM_IsEnabledIT_UPDATE
                0x08009988       0x26 stm_timer_ll.c.o
 .text.LL_TIM_EnableIT_CC1
                0x080099ae       0x20 stm_timer_ll.c.o
 .text.LL_TIM_DisableIT_CC1
                0x080099ce       0x20 stm_timer_ll.c.o
 .text.LL_TIM_IsEnabledIT_CC1
                0x080099ee       0x26 stm_timer_ll.c.o
 .text.LL_TIM_EnableIT_CC2
                0x08009a14       0x20 stm_timer_ll.c.o
 .text.LL_TIM_DisableIT_CC2
                0x08009a34       0x20 stm_timer_ll.c.o
 .text.LL_TIM_IsEnabledIT_CC2
                0x08009a54       0x26 stm_timer_ll.c.o
 .text.LL_TIM_EnableIT_CC3
                0x08009a7a       0x20 stm_timer_ll.c.o
 .text.LL_TIM_DisableIT_CC3
                0x08009a9a       0x20 stm_timer_ll.c.o
 .text.LL_TIM_IsEnabledIT_CC3
                0x08009aba       0x26 stm_timer_ll.c.o
 .text.LL_TIM_EnableIT_CC4
                0x08009ae0       0x20 stm_timer_ll.c.o
 .text.LL_TIM_DisableIT_CC4
                0x08009b00       0x20 stm_timer_ll.c.o
 .text.LL_TIM_IsEnabledIT_CC4
                0x08009b20       0x26 stm_timer_ll.c.o
 .text.LL_TIM_EnableIT_COM
                0x08009b46       0x20 stm_timer_ll.c.o
 .text.LL_TIM_DisableIT_COM
                0x08009b66       0x20 stm_timer_ll.c.o
 .text.LL_TIM_IsEnabledIT_COM
                0x08009b86       0x26 stm_timer_ll.c.o
 .text.LL_TIM_EnableIT_TRIG
                0x08009bac       0x20 stm_timer_ll.c.o
 .text.LL_TIM_DisableIT_TRIG
                0x08009bcc       0x20 stm_timer_ll.c.o
 .text.LL_TIM_IsEnabledIT_TRIG
                0x08009bec       0x26 stm_timer_ll.c.o
 .text.LL_TIM_EnableIT_BRK
                0x08009c12       0x20 stm_timer_ll.c.o
 .text.LL_TIM_DisableIT_BRK
                0x08009c32       0x20 stm_timer_ll.c.o
 .text.LL_TIM_IsEnabledIT_BRK
                0x08009c52       0x26 stm_timer_ll.c.o
 .text.LL_TIM_EnableIT_TERR
                0x08009c78       0x20 stm_timer_ll.c.o
 .text.LL_TIM_DisableIT_TERR
                0x08009c98       0x20 stm_timer_ll.c.o
 .text.LL_TIM_IsEnabledIT_TERR
                0x08009cb8       0x28 stm_timer_ll.c.o
 .text.LL_TIM_EnableIT_IERR
                0x08009ce0       0x20 stm_timer_ll.c.o
 .text.LL_TIM_DisableIT_IERR
                0x08009d00       0x20 stm_timer_ll.c.o
 .text.LL_TIM_IsEnabledIT_IERR
                0x08009d20       0x28 stm_timer_ll.c.o
 .text.LL_TIM_EnableIT_DIR
                0x08009d48       0x20 stm_timer_ll.c.o
 .text.LL_TIM_DisableIT_DIR
                0x08009d68       0x20 stm_timer_ll.c.o
 .text.LL_TIM_IsEnabledIT_DIR
                0x08009d88       0x28 stm_timer_ll.c.o
 .text.LL_TIM_EnableIT_IDX
                0x08009db0       0x20 stm_timer_ll.c.o
 .text.LL_TIM_DisableIT_IDX
                0x08009dd0       0x20 stm_timer_ll.c.o
 .text.LL_TIM_IsEnabledIT_IDX
                0x08009df0       0x28 stm_timer_ll.c.o
 .text.TIM_IsActiveFlag_CC1
                0x08009e18       0x38 stm_timer_ll.c.o
                0x08009e18                TIM_IsActiveFlag_CC1
 .text.enableTimerInterrupts
                0x08009e50      0x1c4 stm_timer_ll.c.o
                0x08009e50                enableTimerInterrupts
 .text.disableTimerInterrupts
                0x0800a014      0x1c4 stm_timer_ll.c.o
                0x0800a014                disableTimerInterrupts
 .text.enableTimerChannel1
                0x0800a1d8       0xb0 stm_timer_ll.c.o
                0x0800a1d8                enableTimerChannel1
 .text.disableTimerChannel1
                0x0800a288       0xb0 stm_timer_ll.c.o
                0x0800a288                disableTimerChannel1
 .text.Timer_Handle_Init
                0x0800a338      0x110 stm_timer_ll.c.o
                0x0800a338                Timer_Handle_Init
 .text.getCCR1RegisterValuePollingMode
                0x0800a448       0xa0 stm_timer_ll.c.o
                0x0800a448                getCCR1RegisterValuePollingMode
 .text.__NVIC_GetPriorityGrouping
                0x0800a4e8       0x1c main.c.o
 .text.__NVIC_EnableIRQ
                0x0800a504       0x3c main.c.o
 .text.__NVIC_SetPriority
                0x0800a540       0x54 main.c.o
 .text.NVIC_EncodePriority
                0x0800a594       0x66 main.c.o
 *fill*         0x0800a5fa        0x2 
 .text.LL_DMA_SetDataTransferDirection
                0x0800a5fc       0x50 main.c.o
 .text.LL_DMA_SetMode
                0x0800a64c       0x4c main.c.o
 .text.LL_DMA_SetPeriphIncMode
                0x0800a698       0x4c main.c.o
 .text.LL_DMA_SetMemoryIncMode
                0x0800a6e4       0x4c main.c.o
 .text.LL_DMA_SetPeriphSize
                0x0800a730       0x4c main.c.o
 .text.LL_DMA_SetMemorySize
                0x0800a77c       0x4c main.c.o
 .text.LL_DMA_SetChannelPriorityLevel
                0x0800a7c8       0x4c main.c.o
 .text.LL_DMA_SetPeriphRequest
                0x0800a814       0x54 main.c.o
 .text.LL_LPUART_Enable
                0x0800a868       0x20 main.c.o
 .text.LL_LPUART_DisableFIFO
                0x0800a888       0x20 main.c.o
 .text.LL_LPUART_SetTXFIFOThreshold
                0x0800a8a8       0x4e main.c.o
 .text.LL_LPUART_SetRXFIFOThreshold
                0x0800a8f6       0x4e main.c.o
 .text.LL_LPUART_IsActiveFlag_TEACK
                0x0800a944       0x28 main.c.o
 .text.LL_LPUART_IsActiveFlag_REACK
                0x0800a96c       0x28 main.c.o
 .text.LL_TIM_DisableARRPreload
                0x0800a994       0x20 main.c.o
 .text.LL_TIM_IC_SetActiveInput
                0x0800a9b4       0xc0 main.c.o
 .text.LL_TIM_IC_SetPrescaler
                0x0800aa74       0xc0 main.c.o
 .text.LL_TIM_IC_SetFilter
                0x0800ab34       0xc0 main.c.o
 .text.LL_TIM_IC_SetPolarity
                0x0800abf4       0xac main.c.o
 .text.LL_TIM_SetClockSource
                0x0800aca0       0x2a main.c.o
 .text.LL_TIM_SetTriggerOutput
                0x0800acca       0x2a main.c.o
 .text.LL_TIM_DisableMasterSlaveMode
                0x0800acf4       0x20 main.c.o
 .text.LL_SYSCFG_SetEXTISource
                0x0800ad14       0x70 main.c.o
 .text.LL_GPIO_SetPinMode
                0x0800ad84       0x7a main.c.o
 .text.LL_GPIO_SetPinPull
                0x0800adfe       0x7a main.c.o
 .text.LL_GPIO_ResetOutputPin
                0x0800ae78       0x1c main.c.o
 .text.LL_AHB1_GRP1_EnableClock
                0x0800ae94       0x30 main.c.o
 .text.LL_AHB2_GRP1_EnableClock
                0x0800aec4       0x30 main.c.o
 .text.LL_APB1_GRP1_EnableClock
                0x0800aef4       0x30 main.c.o
 .text.LL_APB1_GRP2_EnableClock
                0x0800af24       0x30 main.c.o
 .text.SystemClock_Config
                0x0800af54       0x96 main.c.o
                0x0800af54                SystemClock_Config
 *fill*         0x0800afea        0x2 
 .text.MX_LPUART1_UART_Init
                0x0800afec      0x170 main.c.o
                0x0800afec                MX_LPUART1_UART_Init
 .text.MX_TIM2_Init
                0x0800b15c       0xd4 main.c.o
                0x0800b15c                MX_TIM2_Init
 .text.MX_DMA_Init
                0x0800b230       0x34 main.c.o
                0x0800b230                MX_DMA_Init
 .text.MX_GPIO_Init
                0x0800b264      0x100 main.c.o
                0x0800b264                MX_GPIO_Init
 .text.HAL_TIM_PeriodElapsedCallback
                0x0800b364       0x24 main.c.o
                0x0800b364                HAL_TIM_PeriodElapsedCallback
 .text.Error_Handler
                0x0800b388        0xc main.c.o
                0x0800b388                Error_Handler
 .text.HAL_MspInit
                0x0800b394       0x48 stm32g4xx_hal_msp.c.o
                0x0800b394                HAL_MspInit
 .text.HAL_InitTick
                0x0800b3dc       0xd8 stm32g4xx_hal_timebase_tim.c.o
                0x0800b3dc                HAL_InitTick
 .text.LL_EXTI_IsActiveFlag_0_31
                0x0800b4b4       0x2c stm32g4xx_it.c.o
 .text.LL_EXTI_ClearFlag_0_31
                0x0800b4e0       0x20 stm32g4xx_it.c.o
 .text.NMI_Handler
                0x0800b500        0x8 stm32g4xx_it.c.o
                0x0800b500                NMI_Handler
 .text.HardFault_Handler
                0x0800b508        0x8 stm32g4xx_it.c.o
                0x0800b508                HardFault_Handler
 .text.MemManage_Handler
                0x0800b510        0x8 stm32g4xx_it.c.o
                0x0800b510                MemManage_Handler
 .text.BusFault_Handler
                0x0800b518        0x8 stm32g4xx_it.c.o
                0x0800b518                BusFault_Handler
 .text.UsageFault_Handler
                0x0800b520        0x8 stm32g4xx_it.c.o
                0x0800b520                UsageFault_Handler
 .text.DebugMon_Handler
                0x0800b528        0xe stm32g4xx_it.c.o
                0x0800b528                DebugMon_Handler
 *fill*         0x0800b536        0x2 
 .text.TIM1_UP_TIM16_IRQHandler
                0x0800b538       0x14 stm32g4xx_it.c.o
                0x0800b538                TIM1_UP_TIM16_IRQHandler
 .text.EXTI15_10_IRQHandler
                0x0800b54c       0x1e stm32g4xx_it.c.o
                0x0800b54c                EXTI15_10_IRQHandler
 *fill*         0x0800b56a        0x2 
 .text.SystemInit
                0x0800b56c       0x24 system_stm32g4xx.c.o
                0x0800b56c                SystemInit
 .text.HAL_Init
                0x0800b590       0x30 stm32g4xx_hal.c.o
                0x0800b590                HAL_Init
 .text.HAL_IncTick
                0x0800b5c0       0x24 stm32g4xx_hal.c.o
                0x0800b5c0                HAL_IncTick
 .text.HAL_GetTick
                0x0800b5e4       0x18 stm32g4xx_hal.c.o
                0x0800b5e4                HAL_GetTick
 .text.__NVIC_SetPriorityGrouping
                0x0800b5fc       0x48 stm32g4xx_hal_cortex.c.o
 .text.__NVIC_GetPriorityGrouping
                0x0800b644       0x1c stm32g4xx_hal_cortex.c.o
 .text.__NVIC_EnableIRQ
                0x0800b660       0x3c stm32g4xx_hal_cortex.c.o
 .text.__NVIC_SetPriority
                0x0800b69c       0x54 stm32g4xx_hal_cortex.c.o
 .text.NVIC_EncodePriority
                0x0800b6f0       0x66 stm32g4xx_hal_cortex.c.o
 .text.HAL_NVIC_SetPriorityGrouping
                0x0800b756       0x16 stm32g4xx_hal_cortex.c.o
                0x0800b756                HAL_NVIC_SetPriorityGrouping
 .text.HAL_NVIC_SetPriority
                0x0800b76c       0x34 stm32g4xx_hal_cortex.c.o
                0x0800b76c                HAL_NVIC_SetPriority
 .text.HAL_NVIC_EnableIRQ
                0x0800b7a0       0x1c stm32g4xx_hal_cortex.c.o
                0x0800b7a0                HAL_NVIC_EnableIRQ
 .text.HAL_GPIO_ReadPin
                0x0800b7bc       0x30 stm32g4xx_hal_gpio.c.o
                0x0800b7bc                HAL_GPIO_ReadPin
 .text.HAL_GPIO_WritePin
                0x0800b7ec       0x30 stm32g4xx_hal_gpio.c.o
                0x0800b7ec                HAL_GPIO_WritePin
 .text.HAL_PWREx_ControlVoltageScaling
                0x0800b81c      0x148 stm32g4xx_hal_pwr_ex.c.o
                0x0800b81c                HAL_PWREx_ControlVoltageScaling
 .text.HAL_PWREx_DisableUCPDDeadBattery
                0x0800b964       0x20 stm32g4xx_hal_pwr_ex.c.o
                0x0800b964                HAL_PWREx_DisableUCPDDeadBattery
 .text.HAL_RCC_OscConfig
                0x0800b984      0x624 stm32g4xx_hal_rcc.c.o
                0x0800b984                HAL_RCC_OscConfig
 .text.HAL_RCC_ClockConfig
                0x0800bfa8      0x278 stm32g4xx_hal_rcc.c.o
                0x0800bfa8                HAL_RCC_ClockConfig
 .text.HAL_RCC_GetSysClockFreq
                0x0800c220       0xc4 stm32g4xx_hal_rcc.c.o
                0x0800c220                HAL_RCC_GetSysClockFreq
 .text.HAL_RCC_GetHCLKFreq
                0x0800c2e4       0x18 stm32g4xx_hal_rcc.c.o
                0x0800c2e4                HAL_RCC_GetHCLKFreq
 .text.HAL_RCC_GetPCLK2Freq
                0x0800c2fc       0x2c stm32g4xx_hal_rcc.c.o
                0x0800c2fc                HAL_RCC_GetPCLK2Freq
 .text.HAL_RCC_GetClockConfig
                0x0800c328       0x64 stm32g4xx_hal_rcc.c.o
                0x0800c328                HAL_RCC_GetClockConfig
 .text.RCC_GetSysClockFreqFromPLLSource
                0x0800c38c       0x8c stm32g4xx_hal_rcc.c.o
 .text.HAL_RCCEx_PeriphCLKConfig
                0x0800c418      0x49c stm32g4xx_hal_rcc_ex.c.o
                0x0800c418                HAL_RCCEx_PeriphCLKConfig
 .text.HAL_TIM_Base_Init
                0x0800c8b4       0xae stm32g4xx_hal_tim.c.o
                0x0800c8b4                HAL_TIM_Base_Init
 .text.HAL_TIM_Base_MspInit
                0x0800c962       0x14 stm32g4xx_hal_tim.c.o
                0x0800c962                HAL_TIM_Base_MspInit
 *fill*         0x0800c976        0x2 
 .text.HAL_TIM_Base_Start
                0x0800c978       0xe0 stm32g4xx_hal_tim.c.o
                0x0800c978                HAL_TIM_Base_Start
 .text.HAL_TIM_Base_Start_IT
                0x0800ca58       0xf0 stm32g4xx_hal_tim.c.o
                0x0800ca58                HAL_TIM_Base_Start_IT
 .text.HAL_TIM_IRQHandler
                0x0800cb48      0x29e stm32g4xx_hal_tim.c.o
                0x0800cb48                HAL_TIM_IRQHandler
 .text.HAL_TIM_OC_DelayElapsedCallback
                0x0800cde6       0x14 stm32g4xx_hal_tim.c.o
                0x0800cde6                HAL_TIM_OC_DelayElapsedCallback
 .text.HAL_TIM_IC_CaptureCallback
                0x0800cdfa       0x14 stm32g4xx_hal_tim.c.o
                0x0800cdfa                HAL_TIM_IC_CaptureCallback
 .text.HAL_TIM_PWM_PulseFinishedCallback
                0x0800ce0e       0x14 stm32g4xx_hal_tim.c.o
                0x0800ce0e                HAL_TIM_PWM_PulseFinishedCallback
 .text.HAL_TIM_TriggerCallback
                0x0800ce22       0x14 stm32g4xx_hal_tim.c.o
                0x0800ce22                HAL_TIM_TriggerCallback
 *fill*         0x0800ce36        0x2 
 .text.TIM_Base_SetConfig
                0x0800ce38      0x168 stm32g4xx_hal_tim.c.o
                0x0800ce38                TIM_Base_SetConfig
 .text.HAL_TIMEx_CommutCallback
                0x0800cfa0       0x14 stm32g4xx_hal_tim_ex.c.o
                0x0800cfa0                HAL_TIMEx_CommutCallback
 .text.HAL_TIMEx_BreakCallback
                0x0800cfb4       0x14 stm32g4xx_hal_tim_ex.c.o
                0x0800cfb4                HAL_TIMEx_BreakCallback
 .text.HAL_TIMEx_Break2Callback
                0x0800cfc8       0x14 stm32g4xx_hal_tim_ex.c.o
                0x0800cfc8                HAL_TIMEx_Break2Callback
 .text.HAL_TIMEx_EncoderIndexCallback
                0x0800cfdc       0x14 stm32g4xx_hal_tim_ex.c.o
                0x0800cfdc                HAL_TIMEx_EncoderIndexCallback
 .text.HAL_TIMEx_DirectionChangeCallback
                0x0800cff0       0x14 stm32g4xx_hal_tim_ex.c.o
                0x0800cff0                HAL_TIMEx_DirectionChangeCallback
 .text.HAL_TIMEx_IndexErrorCallback
                0x0800d004       0x14 stm32g4xx_hal_tim_ex.c.o
                0x0800d004                HAL_TIMEx_IndexErrorCallback
 .text.HAL_TIMEx_TransitionErrorCallback
                0x0800d018       0x14 stm32g4xx_hal_tim_ex.c.o
                0x0800d018                HAL_TIMEx_TransitionErrorCallback
 .text.LL_EXTI_EnableIT_0_31
                0x0800d02c       0x24 stm32g4xx_ll_exti.c.o
 .text.LL_EXTI_EnableIT_32_63
                0x0800d050       0x24 stm32g4xx_ll_exti.c.o
 .text.LL_EXTI_DisableIT_0_31
                0x0800d074       0x28 stm32g4xx_ll_exti.c.o
 .text.LL_EXTI_DisableIT_32_63
                0x0800d09c       0x28 stm32g4xx_ll_exti.c.o
 .text.LL_EXTI_EnableEvent_0_31
                0x0800d0c4       0x24 stm32g4xx_ll_exti.c.o
 .text.LL_EXTI_EnableEvent_32_63
                0x0800d0e8       0x24 stm32g4xx_ll_exti.c.o
 .text.LL_EXTI_DisableEvent_0_31
                0x0800d10c       0x28 stm32g4xx_ll_exti.c.o
 .text.LL_EXTI_DisableEvent_32_63
                0x0800d134       0x28 stm32g4xx_ll_exti.c.o
 .text.LL_EXTI_EnableRisingTrig_0_31
                0x0800d15c       0x24 stm32g4xx_ll_exti.c.o
 .text.LL_EXTI_EnableRisingTrig_32_63
                0x0800d180       0x24 stm32g4xx_ll_exti.c.o
 .text.LL_EXTI_DisableRisingTrig_0_31
                0x0800d1a4       0x28 stm32g4xx_ll_exti.c.o
 .text.LL_EXTI_DisableRisingTrig_32_63
                0x0800d1cc       0x28 stm32g4xx_ll_exti.c.o
 .text.LL_EXTI_EnableFallingTrig_0_31
                0x0800d1f4       0x24 stm32g4xx_ll_exti.c.o
 .text.LL_EXTI_EnableFallingTrig_32_63
                0x0800d218       0x24 stm32g4xx_ll_exti.c.o
 .text.LL_EXTI_DisableFallingTrig_0_31
                0x0800d23c       0x28 stm32g4xx_ll_exti.c.o
 .text.LL_EXTI_DisableFallingTrig_32_63
                0x0800d264       0x28 stm32g4xx_ll_exti.c.o
 .text.LL_EXTI_Init
                0x0800d28c      0x1ec stm32g4xx_ll_exti.c.o
                0x0800d28c                LL_EXTI_Init
 .text.LL_GPIO_SetPinMode
                0x0800d478       0x7a stm32g4xx_ll_gpio.c.o
 .text.LL_GPIO_SetPinOutputType
                0x0800d4f2       0x30 stm32g4xx_ll_gpio.c.o
 .text.LL_GPIO_SetPinSpeed
                0x0800d522       0x7a stm32g4xx_ll_gpio.c.o
 .text.LL_GPIO_SetPinPull
                0x0800d59c       0x7a stm32g4xx_ll_gpio.c.o
 .text.LL_GPIO_SetAFPin_0_7
                0x0800d616       0x7a stm32g4xx_ll_gpio.c.o
 .text.LL_GPIO_SetAFPin_8_15
                0x0800d690       0x7e stm32g4xx_ll_gpio.c.o
 .text.LL_GPIO_Init
                0x0800d70e       0xdc stm32g4xx_ll_gpio.c.o
                0x0800d70e                LL_GPIO_Init
 .text.LL_LPUART_IsEnabled
                0x0800d7ea       0x26 stm32g4xx_ll_lpuart.c.o
 .text.LL_LPUART_SetPrescaler
                0x0800d810       0x28 stm32g4xx_ll_lpuart.c.o
 .text.LL_LPUART_SetStopBitsLength
                0x0800d838       0x26 stm32g4xx_ll_lpuart.c.o
 .text.LL_LPUART_SetHWFlowCtrl
                0x0800d85e       0x26 stm32g4xx_ll_lpuart.c.o
 .text.LL_LPUART_SetBaudRate
                0x0800d884       0x98 stm32g4xx_ll_lpuart.c.o
 .text.LL_LPUART_Init
                0x0800d91c       0x98 stm32g4xx_ll_lpuart.c.o
                0x0800d91c                LL_LPUART_Init
 .text.LL_RCC_HSI_IsReady
                0x0800d9b4       0x28 stm32g4xx_ll_rcc.c.o
 .text.LL_RCC_LSE_IsReady
                0x0800d9dc       0x28 stm32g4xx_ll_rcc.c.o
 .text.LL_RCC_GetSysClkSource
                0x0800da04       0x1c stm32g4xx_ll_rcc.c.o
 .text.LL_RCC_GetAHBPrescaler
                0x0800da20       0x1c stm32g4xx_ll_rcc.c.o
 .text.LL_RCC_GetAPB1Prescaler
                0x0800da3c       0x1c stm32g4xx_ll_rcc.c.o
 .text.LL_RCC_GetLPUARTClockSource
                0x0800da58       0x24 stm32g4xx_ll_rcc.c.o
 .text.LL_RCC_PLL_GetMainSource
                0x0800da7c       0x1c stm32g4xx_ll_rcc.c.o
 .text.LL_RCC_PLL_GetN
                0x0800da98       0x1c stm32g4xx_ll_rcc.c.o
 .text.LL_RCC_PLL_GetR
                0x0800dab4       0x1c stm32g4xx_ll_rcc.c.o
 .text.LL_RCC_PLL_GetDivider
                0x0800dad0       0x1c stm32g4xx_ll_rcc.c.o
 .text.LL_RCC_GetLPUARTClockFreq
                0x0800daec       0x84 stm32g4xx_ll_rcc.c.o
                0x0800daec                LL_RCC_GetLPUARTClockFreq
 .text.RCC_GetSystemClockFreq
                0x0800db70       0x4c stm32g4xx_ll_rcc.c.o
 .text.RCC_GetHCLKClockFreq
                0x0800dbbc       0x30 stm32g4xx_ll_rcc.c.o
 .text.RCC_GetPCLK1ClockFreq
                0x0800dbec       0x2c stm32g4xx_ll_rcc.c.o
 .text.RCC_PLL_GetFreqDomain_SYS
                0x0800dc18       0x68 stm32g4xx_ll_rcc.c.o
 .text.LL_TIM_SetPrescaler
                0x0800dc80       0x1c stm32g4xx_ll_tim.c.o
 .text.LL_TIM_SetAutoReload
                0x0800dc9c       0x1c stm32g4xx_ll_tim.c.o
 .text.LL_TIM_SetRepetitionCounter
                0x0800dcb8       0x1c stm32g4xx_ll_tim.c.o
 .text.LL_TIM_GenerateEvent_UPDATE
                0x0800dcd4       0x20 stm32g4xx_ll_tim.c.o
 .text.LL_TIM_Init
                0x0800dcf4      0x144 stm32g4xx_ll_tim.c.o
                0x0800dcf4                LL_TIM_Init
 .text.Reset_Handler
                0x0800de38       0x50 startup_stm32g474retx.s.o
                0x0800de38                Reset_Handler
 .text.Default_Handler
                0x0800de88        0x2 startup_stm32g474retx.s.o
                0x0800de88                RTC_Alarm_IRQHandler
                0x0800de88                EXTI2_IRQHandler
                0x0800de88                TIM8_TRG_COM_IRQHandler
                0x0800de88                TIM8_CC_IRQHandler
                0x0800de88                HRTIM1_Master_IRQHandler
                0x0800de88                SPI4_IRQHandler
                0x0800de88                FDCAN3_IT0_IRQHandler
                0x0800de88                TIM1_CC_IRQHandler
                0x0800de88                HRTIM1_FLT_IRQHandler
                0x0800de88                HRTIM1_TIMF_IRQHandler
                0x0800de88                USB_HP_IRQHandler
                0x0800de88                CORDIC_IRQHandler
                0x0800de88                HRTIM1_TIMD_IRQHandler
                0x0800de88                DMA2_Channel8_IRQHandler
                0x0800de88                EXTI3_IRQHandler
                0x0800de88                I2C3_ER_IRQHandler
                0x0800de88                EXTI0_IRQHandler
                0x0800de88                I2C2_EV_IRQHandler
                0x0800de88                FPU_IRQHandler
                0x0800de88                FDCAN1_IT1_IRQHandler
                0x0800de88                ADC1_2_IRQHandler
                0x0800de88                HRTIM1_TIME_IRQHandler
                0x0800de88                SPI1_IRQHandler
                0x0800de88                TIM6_DAC_IRQHandler
                0x0800de88                HRTIM1_TIMC_IRQHandler
                0x0800de88                TIM8_UP_IRQHandler
                0x0800de88                DMA2_Channel2_IRQHandler
                0x0800de88                DMA1_Channel4_IRQHandler
                0x0800de88                TIM20_TRG_COM_IRQHandler
                0x0800de88                USART3_IRQHandler
                0x0800de88                DMA1_Channel7_IRQHandler
                0x0800de88                UART5_IRQHandler
                0x0800de88                ADC3_IRQHandler
                0x0800de88                TIM4_IRQHandler
                0x0800de88                DMA2_Channel1_IRQHandler
                0x0800de88                QUADSPI_IRQHandler
                0x0800de88                I2C1_EV_IRQHandler
                0x0800de88                DMA1_Channel6_IRQHandler
                0x0800de88                UART4_IRQHandler
                0x0800de88                DMA2_Channel4_IRQHandler
                0x0800de88                TIM3_IRQHandler
                0x0800de88                RCC_IRQHandler
                0x0800de88                TIM20_UP_IRQHandler
                0x0800de88                Default_Handler
                0x0800de88                DMA2_Channel7_IRQHandler
                0x0800de88                RTC_TAMP_LSECSS_IRQHandler
                0x0800de88                FMAC_IRQHandler
                0x0800de88                DMA1_Channel8_IRQHandler
                0x0800de88                HRTIM1_TIMA_IRQHandler
                0x0800de88                TIM7_DAC_IRQHandler
                0x0800de88                FDCAN3_IT1_IRQHandler
                0x0800de88                TIM5_IRQHandler
                0x0800de88                UCPD1_IRQHandler
                0x0800de88                I2C3_EV_IRQHandler
                0x0800de88                EXTI9_5_IRQHandler
                0x0800de88                RTC_WKUP_IRQHandler
                0x0800de88                PVD_PVM_IRQHandler
                0x0800de88                SPI2_IRQHandler
                0x0800de88                ADC5_IRQHandler
                0x0800de88                DMA2_Channel5_IRQHandler
                0x0800de88                CRS_IRQHandler
                0x0800de88                DMA1_Channel5_IRQHandler
                0x0800de88                USB_LP_IRQHandler
                0x0800de88                EXTI4_IRQHandler
                0x0800de88                RNG_IRQHandler
                0x0800de88                HRTIM1_TIMB_IRQHandler
                0x0800de88                TIM1_TRG_COM_TIM17_IRQHandler
                0x0800de88                FDCAN2_IT1_IRQHandler
                0x0800de88                DMA1_Channel3_IRQHandler
                0x0800de88                ADC4_IRQHandler
                0x0800de88                WWDG_IRQHandler
                0x0800de88                I2C4_EV_IRQHandler
                0x0800de88                FDCAN2_IT0_IRQHandler
                0x0800de88                DMA2_Channel6_IRQHandler
                0x0800de88                FDCAN1_IT0_IRQHandler
                0x0800de88                TIM2_IRQHandler
                0x0800de88                COMP7_IRQHandler
                0x0800de88                COMP1_2_3_IRQHandler
                0x0800de88                EXTI1_IRQHandler
                0x0800de88                USART2_IRQHandler
                0x0800de88                COMP4_5_6_IRQHandler
                0x0800de88                TIM20_BRK_IRQHandler
                0x0800de88                I2C2_ER_IRQHandler
                0x0800de88                DMA1_Channel2_IRQHandler
                0x0800de88                TIM8_BRK_IRQHandler
                0x0800de88                FLASH_IRQHandler
                0x0800de88                TIM20_CC_IRQHandler
                0x0800de88                USART1_IRQHandler
                0x0800de88                SPI3_IRQHandler
                0x0800de88                I2C1_ER_IRQHandler
                0x0800de88                FMC_IRQHandler
                0x0800de88                LPTIM1_IRQHandler
                0x0800de88                DMAMUX_OVR_IRQHandler
                0x0800de88                I2C4_ER_IRQHandler
                0x0800de88                USBWakeUp_IRQHandler
                0x0800de88                SAI1_IRQHandler
                0x0800de88                DMA2_Channel3_IRQHandler
                0x0800de88                TIM1_BRK_TIM15_IRQHandler
 *fill*         0x0800de8a        0x2 
 .text.__udivmoddi4
                0x0800de8c      0x2bc C:/ProgramData/MATLAB/R2026a/stm32b/3P.instrset/gnuarm-stm32.instrset/win/bin/../lib/gcc/arm-none-eabi/13.2.1/thumb/v7e-m+fp/hard\libgcc.a(_udivmoddi4.o)
                0x0800de8c                __udivmoddi4
 .text.memset   0x0800e148       0x10 C:/ProgramData/MATLAB/R2026a/stm32b/3P.instrset/gnuarm-stm32.instrset/win/bin/../lib/gcc/arm-none-eabi/13.2.1/thumb/v7e-m+fp/hard\libg_nano.a(libc_a-memset.o)
                0x0800e148                memset
 .text.__libc_init_array
                0x0800e158       0x48 C:/ProgramData/MATLAB/R2026a/stm32b/3P.instrset/gnuarm-stm32.instrset/win/bin/../lib/gcc/arm-none-eabi/13.2.1/thumb/v7e-m+fp/hard\libg_nano.a(libc_a-init.o)
                0x0800e158                __libc_init_array
 .text.memcpy   0x0800e1a0       0x1c C:/ProgramData/MATLAB/R2026a/stm32b/3P.instrset/gnuarm-stm32.instrset/win/bin/../lib/gcc/arm-none-eabi/13.2.1/thumb/v7e-m+fp/hard\libg_nano.a(libc_a-memcpy-stub.o)
                0x0800e1a0                memcpy
 *(.glue_7)
 .glue_7        0x0800e1bc        0x0 linker stubs
 *(.glue_7t)
 .glue_7t       0x0800e1bc        0x0 linker stubs
 *(.eh_frame)
 .eh_frame      0x0800e1bc        0x0 C:/ProgramData/MATLAB/R2026a/stm32b/3P.instrset/gnuarm-stm32.instrset/win/bin/../lib/gcc/arm-none-eabi/13.2.1/thumb/v7e-m+fp/hard/crtbegin.o
 *(.init)
 .init          0x0800e1bc        0x4 C:/ProgramData/MATLAB/R2026a/stm32b/3P.instrset/gnuarm-stm32.instrset/win/bin/../lib/gcc/arm-none-eabi/13.2.1/thumb/v7e-m+fp/hard/crti.o
                0x0800e1bc                _init
 .init          0x0800e1c0        0x8 C:/ProgramData/MATLAB/R2026a/stm32b/3P.instrset/gnuarm-stm32.instrset/win/bin/../lib/gcc/arm-none-eabi/13.2.1/thumb/v7e-m+fp/hard/crtn.o
 *(.fini)
 .fini          0x0800e1c8        0x4 C:/ProgramData/MATLAB/R2026a/stm32b/3P.instrset/gnuarm-stm32.instrset/win/bin/../lib/gcc/arm-none-eabi/13.2.1/thumb/v7e-m+fp/hard/crti.o
                0x0800e1c8                _fini
 .fini          0x0800e1cc        0x8 C:/ProgramData/MATLAB/R2026a/stm32b/3P.instrset/gnuarm-stm32.instrset/win/bin/../lib/gcc/arm-none-eabi/13.2.1/thumb/v7e-m+fp/hard/crtn.o
                0x0800e1d4                        . = ALIGN (0x4)
                0x0800e1d4                        _etext = .

.vfp11_veneer   0x0800e1d4        0x0
 .vfp11_veneer  0x0800e1d4        0x0 linker stubs

.v4_bx          0x0800e1d4        0x0
 .v4_bx         0x0800e1d4        0x0 linker stubs

.iplt           0x0800e1d4        0x0
 .iplt          0x0800e1d4        0x0 C:/ProgramData/MATLAB/R2026a/stm32b/3P.instrset/gnuarm-stm32.instrset/win/bin/../lib/gcc/arm-none-eabi/13.2.1/thumb/v7e-m+fp/hard/crtbegin.o

.rodata         0x0800e1d4     0x2988
                0x0800e1d4                        . = ALIGN (0x4)
 *(.rodata)
 .rodata        0x0800e1d4      0x23d xcp_ext_mode.c.o
 *fill*         0x0800e411        0x3 
 .rodata        0x0800e414      0x12e xcp_ext_common.c.o
 *fill*         0x0800e542        0x2 
 .rodata        0x0800e544       0x4c xcp_ext_classic_trigger.c.o
 .rodata        0x0800e590      0x278 xcp.c.o
 .rodata        0x0800e808      0x3a9 xcp_standard.c.o
 *fill*         0x0800ebb1        0x3 
 .rodata        0x0800ebb4     0x1010 xcp_daq.c.o
 .rodata        0x0800fbc4       0xdd xcp_calibration.c.o
 *fill*         0x0800fca1        0x3 
 .rodata        0x0800fca4      0x56e xcp_transport.c.o
 *fill*         0x08010212        0x2 
 .rodata        0x08010214       0xf5 xcp_mem_default.c.o
 *fill*         0x08010309        0x3 
 .rodata        0x0801030c      0x228 xcp_drv_rtiostream.c.o
 .rodata        0x08010534      0x4aa xcp_frame_serial.c.o
 *(.rodata*)
 *fill*         0x080109de        0x2 
 .rodata.kalman_M
                0x080109e0        0x4 kalman.c.o
                0x080109e0                kalman_M
 .rodata.rtAlwaysEnabled.0
                0x080109e4        0x1 kalman.c.o
 *fill*         0x080109e5        0x3 
 .rodata.standardSupportedRxPacket
                0x080109e8       0x54 xcp_standard.c.o
 .rodata.daqSupportedRxPacket
                0x08010a3c       0x9c xcp_daq.c.o
 .rodata.calibrationSupportedRxPacket
                0x08010ad8       0x18 xcp_calibration.c.o
 .rodata.CHANNEL_OFFSET_TAB
                0x08010af0        0x8 stm_usart.c.o
 .rodata.CHANNEL_OFFSET_TAB
                0x08010af8        0x8 stm_lpuart.c.o
 .rodata.CHANNEL_OFFSET_TAB
                0x08010b00        0x8 main.c.o
 .rodata.OFFSET_TAB_CCMRx
                0x08010b08        0xa main.c.o
 *fill*         0x08010b12        0x2 
 .rodata.SHIFT_TAB_ICxx
                0x08010b14        0xa main.c.o
 *fill*         0x08010b1e        0x2 
 .rodata.SHIFT_TAB_CCxP
                0x08010b20        0xa main.c.o
 *fill*         0x08010b2a        0x2 
 .rodata.AHBPrescTable
                0x08010b2c       0x10 system_stm32g4xx.c.o
                0x08010b2c                AHBPrescTable
 .rodata.APBPrescTable
                0x08010b3c        0x8 system_stm32g4xx.c.o
                0x08010b3c                APBPrescTable
 .rodata.LPUART_PRESCALER_TAB
                0x08010b44       0x18 stm32g4xx_ll_lpuart.c.o
                0x08010b5c                        . = ALIGN (0x4)

.ARM.extab      0x08010b5c        0x0
                0x08010b5c                        . = ALIGN (0x4)
 *(.ARM.extab* .gnu.linkonce.armextab.*)
                0x08010b5c                        . = ALIGN (0x4)

.ARM            0x08010b5c        0x8
                0x08010b5c                        . = ALIGN (0x4)
                0x08010b5c                        __exidx_start = .
 *(.ARM.exidx*)
 .ARM.exidx.text.__udivmoddi4
                0x08010b5c        0x8 C:/ProgramData/MATLAB/R2026a/stm32b/3P.instrset/gnuarm-stm32.instrset/win/bin/../lib/gcc/arm-none-eabi/13.2.1/thumb/v7e-m+fp/hard\libgcc.a(_udivmoddi4.o)
                0x08010b64                        __exidx_end = .
                0x08010b64                        . = ALIGN (0x4)

.preinit_array  0x08010b64        0x0
                0x08010b64                        . = ALIGN (0x4)
                0x08010b64                        PROVIDE (__preinit_array_start = .)
 *(.preinit_array*)
                0x08010b64                        PROVIDE (__preinit_array_end = .)
                0x08010b64                        . = ALIGN (0x4)

.init_array     0x08010b64        0x4
                0x08010b64                        . = ALIGN (0x4)
                0x08010b64                        PROVIDE (__init_array_start = .)
 *(SORT_BY_NAME(.init_array.*))
 *(.init_array*)
 .init_array    0x08010b64        0x4 C:/ProgramData/MATLAB/R2026a/stm32b/3P.instrset/gnuarm-stm32.instrset/win/bin/../lib/gcc/arm-none-eabi/13.2.1/thumb/v7e-m+fp/hard/crtbegin.o
                0x08010b68                        PROVIDE (__init_array_end = .)
                0x08010b68                        . = ALIGN (0x4)

.fini_array     0x08010b68        0x4
                0x08010b68                        . = ALIGN (0x4)
                [!provide]                        PROVIDE (__fini_array_start = .)
 *(SORT_BY_NAME(.fini_array.*))
 *(.fini_array*)
 .fini_array    0x08010b68        0x4 C:/ProgramData/MATLAB/R2026a/stm32b/3P.instrset/gnuarm-stm32.instrset/win/bin/../lib/gcc/arm-none-eabi/13.2.1/thumb/v7e-m+fp/hard/crtbegin.o
                [!provide]                        PROVIDE (__fini_array_end = .)
                0x08010b6c                        . = ALIGN (0x4)
                0x08010b6c                        _sidata = LOADADDR (.data)

.rel.dyn        0x08010b6c        0x0
 .rel.iplt      0x08010b6c        0x0 C:/ProgramData/MATLAB/R2026a/stm32b/3P.instrset/gnuarm-stm32.instrset/win/bin/../lib/gcc/arm-none-eabi/13.2.1/thumb/v7e-m+fp/hard/crtbegin.o

.data           0x20000000       0x94 load address 0x08010b6c
                0x20000000                        . = ALIGN (0x4)
                0x20000000                        _sdata = .
 *(.data)
 *(.data*)
 .data.xcpExtmodeFinalSimulationTime
                0x20000000        0x4 xcp_ext_common.c.o
                0x20000000                xcpExtmodeFinalSimulationTime
 .data.xcpExtModeMaxBaseRateSimulationTime
                0x20000004        0x4 xcp_ext_common.c.o
 .data.xcpClassicTriggerDuration
                0x20000008        0x4 xcp_ext_classic_trigger.c.o
                0x20000008                xcpClassicTriggerDuration
 .data.xcpClassicTriggerArmRequest
                0x2000000c        0x1 xcp_ext_classic_trigger.c.o
                0x2000000c                xcpClassicTriggerArmRequest
 *fill*         0x2000000d        0x3 
 .data.startStopDaqListId
                0x20000010        0x4 xcp_daq.c.o
 .data.xcpCurrentDaq
                0x20000014        0x4 xcp_daq.c.o
 .data.xcpEventCustomMemoryManager
                0x20000018        0xc xcp_daq.c.o
 .data.xcpCtoReservedMemPoolId
                0x20000024        0x4 xcp_transport.c.o
 .data.xcpMemMainBlockSizes
                0x20000028        0xc xcp_mem_default.c.o
 .data.xcpMemMainBlocksNumber
                0x20000034        0xc xcp_mem_default.c.o
 .data.drvID    0x20000040        0x4 xcp_drv_rtiostream.c.o
 .data.xcpCtoReservedMemPoolId
                0x20000044        0x4 xcp_frame_serial.c.o
 .data.uartObj  0x20000048       0x40 rtiostream_serial.c.o
                0x20000048                uartObj
 .data.SystemCoreClock
                0x20000088        0x4 system_stm32g4xx.c.o
                0x20000088                SystemCoreClock
 .data.uwTickPrio
                0x2000008c        0x4 stm32g4xx_hal.c.o
                0x2000008c                uwTickPrio
 .data.uwTickFreq
                0x20000090        0x4 stm32g4xx_hal.c.o
                0x20000090                uwTickFreq
 *(.RamFunc)
 *(.RamFunc*)
                0x20000094                        . = ALIGN (0x4)
                0x20000094                        _edata = .

.tm_clone_table
                0x20000094        0x0 load address 0x08010c00
 .tm_clone_table
                0x20000094        0x0 C:/ProgramData/MATLAB/R2026a/stm32b/3P.instrset/gnuarm-stm32.instrset/win/bin/../lib/gcc/arm-none-eabi/13.2.1/thumb/v7e-m+fp/hard/crtbegin.o
 .tm_clone_table
                0x20000094        0x0 C:/ProgramData/MATLAB/R2026a/stm32b/3P.instrset/gnuarm-stm32.instrset/win/bin/../lib/gcc/arm-none-eabi/13.2.1/thumb/v7e-m+fp/hard/crtend.o

.igot.plt       0x20000094        0x0 load address 0x08010c00
 .igot.plt      0x20000094        0x0 C:/ProgramData/MATLAB/R2026a/stm32b/3P.instrset/gnuarm-stm32.instrset/win/bin/../lib/gcc/arm-none-eabi/13.2.1/thumb/v7e-m+fp/hard/crtbegin.o
                0x20000094                        . = ALIGN (0x4)

.bss            0x20000098      0xb7c load address 0x08010c00
                0x20000098                        _sbss = .
                0x20000098                        __bss_start__ = _sbss
 *(.bss)
 *(.bss*)
 .bss.completed.1
                0x20000098        0x1 C:/ProgramData/MATLAB/R2026a/stm32b/3P.instrset/gnuarm-stm32.instrset/win/bin/../lib/gcc/arm-none-eabi/13.2.1/thumb/v7e-m+fp/hard/crtbegin.o
 *fill*         0x20000099        0x3 
 .bss.object.0  0x2000009c       0x18 C:/ProgramData/MATLAB/R2026a/stm32b/3P.instrset/gnuarm-stm32.instrset/win/bin/../lib/gcc/arm-none-eabi/13.2.1/thumb/v7e-m+fp/hard/crtbegin.o
 .bss.xcpCustomTriggerFunction
                0x200000b4        0x8 xcp_ext_mode.c.o
 .bss.IsrOverrun
                0x200000bc        0x4 ert_main.c.o
                0x200000bc                IsrOverrun
 .bss.OverrunFlag
                0x200000c0        0x1 ert_main.c.o
 .bss.stopRequested
                0x200000c1        0x1 ert_main.c.o
                0x200000c1                stopRequested
 .bss.runModel  0x200000c2        0x1 ert_main.c.o
                0x200000c2                runModel
 *fill*         0x200000c3        0x5 
 .bss.kalman_B  0x200000c8       0x18 kalman.c.o
                0x200000c8                kalman_B
 .bss.kalman_DW
                0x200000e0       0xb0 kalman.c.o
                0x200000e0                kalman_DW
 .bss.kalman_M_
                0x20000190       0x38 kalman.c.o
 .bss.rt_ExtModeInfo.2
                0x200001c8       0x14 kalman.c.o
 .bss.systemRan.1
                0x200001dc        0xc kalman.c.o
 .bss.xcpModelStartRequest
                0x200001e8        0x1 xcp_ext_common.c.o
                0x200001e8                xcpModelStartRequest
 .bss.xcpModelStopRequest
                0x200001e9        0x1 xcp_ext_common.c.o
                0x200001e9                xcpModelStopRequest
 .bss.xcpModelStatus
                0x200001ea        0x1 xcp_ext_common.c.o
                0x200001ea                xcpModelStatus
 *fill*         0x200001eb        0x1 
 .bss.xcpModelChecksum0
                0x200001ec        0x4 xcp_ext_common.c.o
                0x200001ec                xcpModelChecksum0
 .bss.xcpModelChecksum1
                0x200001f0        0x4 xcp_ext_common.c.o
                0x200001f0                xcpModelChecksum1
 .bss.xcpModelChecksum2
                0x200001f4        0x4 xcp_ext_common.c.o
                0x200001f4                xcpModelChecksum2
 .bss.xcpModelChecksum3
                0x200001f8        0x4 xcp_ext_common.c.o
                0x200001f8                xcpModelChecksum3
 .bss.xcpModelIntegerCode
                0x200001fc        0x4 xcp_ext_common.c.o
                0x200001fc                xcpModelIntegerCode
 .bss.xcpExtmodeSimulationComplete
                0x20000200        0x1 xcp_ext_common.c.o
                0x20000200                xcpExtmodeSimulationComplete
 *fill*         0x20000201        0x7 
 .bss.xcpDummyDoubleVariable
                0x20000208        0x8 xcp_ext_common.c.o
                0x20000208                xcpDummyDoubleVariable
 .bss.xcpDummyUint64Variable
                0x20000210        0x8 xcp_ext_common.c.o
                0x20000210                xcpDummyUint64Variable
 .bss.xcpExtModeLock
                0x20000218        0x4 xcp_ext_common.c.o
 .bss.xcpCurrentSimulationTimeInTicks
                0x2000021c        0x8 xcp_ext_common.c.o
                0x2000021c                xcpCurrentSimulationTimeInTicks
 .bss.xcpBaseRateSimulationTime
                0x20000224        0x4 xcp_ext_common.c.o
 .bss.xcpTicksCounterL
                0x20000228        0x4 xcp_ext_common.c.o
 .bss.xcpTicksCounterH
                0x2000022c        0x4 xcp_ext_common.c.o
 .bss.xcpBaseRateSimulationTimestamp
                0x20000230        0x4 xcp_ext_common.c.o
 .bss.xcpClassicTriggerEventId
                0x20000234        0x2 xcp_ext_classic_trigger.c.o
                0x20000234                xcpClassicTriggerEventId
 *fill*         0x20000236        0x2 
 .bss.xcpClassicTriggerSignalAddress
                0x20000238        0x4 xcp_ext_classic_trigger.c.o
                0x20000238                xcpClassicTriggerSignalAddress
 .bss.xcpClassicTriggerSignalAddressExtension
                0x2000023c        0x1 xcp_ext_classic_trigger.c.o
                0x2000023c                xcpClassicTriggerSignalAddressExtension
 *fill*         0x2000023d        0x3 
 .bss.xcpClassicTriggerLevel
                0x20000240        0x8 xcp_ext_classic_trigger.c.o
                0x20000240                xcpClassicTriggerLevel
 .bss.xcpClassicTriggerHoldOff
                0x20000248        0x4 xcp_ext_classic_trigger.c.o
                0x20000248                xcpClassicTriggerHoldOff
 .bss.xcpClassicTriggerDelay
                0x2000024c        0x4 xcp_ext_classic_trigger.c.o
                0x2000024c                xcpClassicTriggerDelay
 .bss.xcpClassicTriggerDirection
                0x20000250        0x1 xcp_ext_classic_trigger.c.o
                0x20000250                xcpClassicTriggerDirection
 .bss.xcpClassicTriggerCancelRequest
                0x20000251        0x1 xcp_ext_classic_trigger.c.o
                0x20000251                xcpClassicTriggerCancelRequest
 .bss.xcpClassicTriggerSource
                0x20000252        0x1 xcp_ext_classic_trigger.c.o
                0x20000252                xcpClassicTriggerSource
 .bss.xcpClassicTriggerMode
                0x20000253        0x1 xcp_ext_classic_trigger.c.o
                0x20000253                xcpClassicTriggerMode
 .bss.xcpClassicTriggerStatus
                0x20000254        0x1 xcp_ext_classic_trigger.c.o
                0x20000254                xcpClassicTriggerStatus
 *fill*         0x20000255        0x3 
 .bss.xcpOldSignalValue
                0x20000258        0x8 xcp_ext_classic_trigger.c.o
 .bss.xcpOldSignalValueAvailable
                0x20000260        0x1 xcp_ext_classic_trigger.c.o
 .bss.xcpOldClassicTriggerSource
                0x20000261        0x1 xcp_ext_classic_trigger.c.o
 .bss.xcpTriggerEnabled
                0x20000262        0x1 xcp_ext_classic_trigger.c.o
 .bss.xcpSignalTriggerFired
                0x20000263        0x1 xcp_ext_classic_trigger.c.o
 .bss.xcpTriggerCount
                0x20000264        0x4 xcp_ext_classic_trigger.c.o
 .bss.xcpForcedTriggerEnabled
                0x20000268        0x1 xcp_ext_classic_trigger.c.o
 .bss.xcpForceTriggerEnableRequest
                0x20000269        0x1 xcp_ext_classic_trigger.c.o
 .bss.initialized
                0x2000026a        0x1 xcp.c.o
 .bss.xcpStatus
                0x2000026b        0x1 xcp.c.o
 .bss.xcpSessionStatus
                0x2000026c        0x1 xcp.c.o
 .bss.xcpResourceProtectionStatus
                0x2000026d        0x1 xcp.c.o
 .bss.xcpSessionConfigurationId
                0x2000026e        0x2 xcp.c.o
 .bss.groupPacketLookup
                0x20000270       0x10 xcp.c.o
 .bss.xcpMta    0x20000280        0x8 xcp_standard.c.o
 .bss.xcpUploadSize
                0x20000288        0x1 xcp_standard.c.o
 *fill*         0x20000289        0x3 
 .bss.packetLookup
                0x2000028c        0x4 xcp_standard.c.o
 .bss.xcpDynamicDaqLists
                0x20000290        0x8 xcp_daq.c.o
 .bss.xcpRunningEventCounter
                0x20000298        0x4 xcp_daq.c.o
 .bss.daqLock   0x2000029c        0x4 xcp_daq.c.o
 .bss.xcpServerDAQClockTimestamp
                0x200002a0        0x4 xcp_daq.c.o
 .bss.packetLookup
                0x200002a4        0x4 xcp_daq.c.o
 .bss.packetLookup
                0x200002a8        0x4 xcp_calibration.c.o
 .bss.txFifo    0x200002ac       0x10 xcp_transport.c.o
 .bss.txLock    0x200002bc        0x4 xcp_transport.c.o
 .bss.rxFifo    0x200002c0        0x8 xcp_transport.c.o
 .bss.rxLock    0x200002c8        0x4 xcp_transport.c.o
 .bss.initialized
                0x200002cc        0x1 xcp_transport.c.o
 *fill*         0x200002cd        0x3 
 .bss.xcpMemPoolDescriptors
                0x200002d0       0x78 xcp_mem_default.c.o
 .bss.xcpMemCustomPoolDescriptors
                0x20000348        0x8 xcp_mem_default.c.o
 .bss.xcpMemMainChunk
                0x20000350       0x7f xcp_mem_default.c.o
 *fill*         0x200003cf        0x1 
 .bss.xcpMemReservedPoolsChunk
                0x200003d0      0x2e2 xcp_mem_default.c.o
 *fill*         0x200006b2        0x2 
 .bss.xcpMemReservedPoolsChunkUsedBytes
                0x200006b4        0x4 xcp_mem_default.c.o
 .bss.xcpMemLock
                0x200006b8        0x4 xcp_mem_default.c.o
 .bss.forceBlocking
                0x200006bc        0x1 xcp_drv_rtiostream.c.o
 *fill*         0x200006bd        0x1 
 .bss.txCounter
                0x200006be        0x2 xcp_frame_serial.c.o
 .bss.rxCounter
                0x200006c0        0x2 xcp_frame_serial.c.o
 *fill*         0x200006c2        0x2 
 .bss.firstRxCounterReceived
                0x200006c4        0x4 xcp_frame_serial.c.o
 .bss.initialized
                0x200006c8        0x1 xcp_frame_serial.c.o
 *fill*         0x200006c9        0x3 
 .bss.timestampInitialized
                0x200006cc        0x4 platform_timer.c.o
 .bss.timestampStartTime
                0x200006d0        0x4 platform_timer.c.o
 .bss.mw_ext_h  0x200006d4        0x4 rtiostream_serial.c.o
                0x200006d4                mw_ext_h
 .bss.UARTRxBuffer
                0x200006d8        0x4 rtiostream_serial.c.o
                0x200006d8                UARTRxBuffer
 .bss.mw_lpuart1
                0x200006dc       0x40 stm_lpuart.c.o
                0x200006dc                mw_lpuart1
 .bss.LPUART1ReceiveBuffer
                0x2000071c      0x400 stm_lpuart.c.o
                0x2000071c                LPUART1ReceiveBuffer
 .bss.schdl_counter
                0x20000b1c        0x4 SysTickScheduler.c.o
                0x20000b1c                schdl_counter
 .bss.schdl_counter_max
                0x20000b20        0x4 SysTickScheduler.c.o
                0x20000b20                schdl_counter_max
 .bss.taskToSchedule
                0x20000b24        0x4 m3m4m4f_multitasking.c.o
                0x20000b24                taskToSchedule
 .bss.mw_tim2   0x20000b28       0x9c stm_timer_ll.c.o
                0x20000b28                mw_tim2
 .bss.htim1     0x20000bc4       0x4c stm32g4xx_hal_timebase_tim.c.o
                0x20000bc4                htim1
 .bss.uwTick    0x20000c10        0x4 stm32g4xx_hal.c.o
                0x20000c10                uwTick
 *(COMMON)
                0x20000c14                        . = ALIGN (0x4)
                0x20000c14                        _ebss = .
                0x20000c14                        __bss_end__ = _ebss

._user_heap_stack
                0x20000c14      0x604 load address 0x08010c00
                0x20000c18                        . = ALIGN (0x8)
 *fill*         0x20000c14        0x4 
                [!provide]                        PROVIDE (end = .)
                0x20000c18                        PROVIDE (_end = .)
                0x20000e18                        . = (. + _Min_Heap_Size)
 *fill*         0x20000c18      0x200 
                0x20001218                        . = (. + _Min_Stack_Size)
 *fill*         0x20000e18      0x400 
                0x20001218                        . = ALIGN (0x8)

/DISCARD/
 libc.a(*)
 libm.a(*)
 libgcc.a(*)

.ARM.attributes
                0x00000000       0x30
 *(.ARM.attributes)
 .ARM.attributes
                0x00000000       0x22 C:/ProgramData/MATLAB/R2026a/stm32b/3P.instrset/gnuarm-stm32.instrset/win/bin/../lib/gcc/arm-none-eabi/13.2.1/thumb/v7e-m+fp/hard/crti.o
 .ARM.attributes
                0x00000022       0x34 C:/ProgramData/MATLAB/R2026a/stm32b/3P.instrset/gnuarm-stm32.instrset/win/bin/../lib/gcc/arm-none-eabi/13.2.1/thumb/v7e-m+fp/hard/crtbegin.o
 .ARM.attributes
                0x00000056       0x34 xcp_ext_mode.c.o
 .ARM.attributes
                0x0000008a       0x34 ert_main.c.o
 .ARM.attributes
                0x000000be       0x34 kalman.c.o
 .ARM.attributes
                0x000000f2       0x34 hc_sr04.c.o
 .ARM.attributes
                0x00000126       0x34 xcp_ext_common.c.o
 .ARM.attributes
                0x0000015a       0x34 xcp_ext_classic_trigger.c.o
 .ARM.attributes
                0x0000018e       0x34 xcp_ext_param_default_serial.c.o
 .ARM.attributes
                0x000001c2       0x34 xcp.c.o
 .ARM.attributes
                0x000001f6       0x34 xcp_standard.c.o
 .ARM.attributes
                0x0000022a       0x34 xcp_daq.c.o
 .ARM.attributes
                0x0000025e       0x34 xcp_calibration.c.o
 .ARM.attributes
                0x00000292       0x34 xcp_fifo.c.o
 .ARM.attributes
                0x000002c6       0x34 xcp_transport.c.o
 .ARM.attributes
                0x000002fa       0x34 xcp_mem_default.c.o
 .ARM.attributes
                0x0000032e       0x34 xcp_drv_rtiostream.c.o
 .ARM.attributes
                0x00000362       0x34 xcp_utils.c.o
 .ARM.attributes
                0x00000396       0x34 xcp_frame_serial.c.o
 .ARM.attributes
                0x000003ca       0x34 overrideHALDelay.c.o
 .ARM.attributes
                0x000003fe       0x34 platform_timer.c.o
 .ARM.attributes
                0x00000432       0x34 rtiostream_serial.c.o
 .ARM.attributes
                0x00000466       0x34 stm_usart.c.o
 .ARM.attributes
                0x0000049a       0x34 stm_lpuart.c.o
 .ARM.attributes
                0x000004ce       0x34 sys_arch_arm.c.o
 .ARM.attributes
                0x00000502       0x34 SysTickScheduler.c.o
 .ARM.attributes
                0x00000536       0x34 m3m4m4f_multitasking.c.o
 .ARM.attributes
                0x0000056a       0x34 stm_timer_ll.c.o
 .ARM.attributes
                0x0000059e       0x34 main.c.o
 .ARM.attributes
                0x000005d2       0x34 stm32g4xx_hal_msp.c.o
 .ARM.attributes
                0x00000606       0x34 stm32g4xx_hal_timebase_tim.c.o
 .ARM.attributes
                0x0000063a       0x34 stm32g4xx_it.c.o
 .ARM.attributes
                0x0000066e       0x34 system_stm32g4xx.c.o
 .ARM.attributes
                0x000006a2       0x34 stm32g4xx_hal.c.o
 .ARM.attributes
                0x000006d6       0x34 stm32g4xx_hal_cortex.c.o
 .ARM.attributes
                0x0000070a       0x34 stm32g4xx_hal_gpio.c.o
 .ARM.attributes
                0x0000073e       0x34 stm32g4xx_hal_pwr_ex.c.o
 .ARM.attributes
                0x00000772       0x34 stm32g4xx_hal_rcc.c.o
 .ARM.attributes
                0x000007a6       0x34 stm32g4xx_hal_rcc_ex.c.o
 .ARM.attributes
                0x000007da       0x34 stm32g4xx_hal_tim.c.o
 .ARM.attributes
                0x0000080e       0x34 stm32g4xx_hal_tim_ex.c.o
 .ARM.attributes
                0x00000842       0x34 stm32g4xx_ll_exti.c.o
 .ARM.attributes
                0x00000876       0x34 stm32g4xx_ll_gpio.c.o
 .ARM.attributes
                0x000008aa       0x34 stm32g4xx_ll_lpuart.c.o
 .ARM.attributes
                0x000008de       0x34 stm32g4xx_ll_rcc.c.o
 .ARM.attributes
                0x00000912       0x34 stm32g4xx_ll_tim.c.o
 .ARM.attributes
                0x00000946       0x21 startup_stm32g474retx.s.o
 .ARM.attributes
                0x00000967       0x22 C:/ProgramData/MATLAB/R2026a/stm32b/3P.instrset/gnuarm-stm32.instrset/win/bin/../lib/gcc/arm-none-eabi/13.2.1/thumb/v7e-m+fp/hard\libgcc.a(_arm_addsubdf3.o)
 .ARM.attributes
                0x00000989       0x22 C:/ProgramData/MATLAB/R2026a/stm32b/3P.instrset/gnuarm-stm32.instrset/win/bin/../lib/gcc/arm-none-eabi/13.2.1/thumb/v7e-m+fp/hard\libgcc.a(_arm_muldivdf3.o)
 .ARM.attributes
                0x000009ab       0x22 C:/ProgramData/MATLAB/R2026a/stm32b/3P.instrset/gnuarm-stm32.instrset/win/bin/../lib/gcc/arm-none-eabi/13.2.1/thumb/v7e-m+fp/hard\libgcc.a(_arm_cmpdf2.o)
 .ARM.attributes
                0x000009cd       0x22 C:/ProgramData/MATLAB/R2026a/stm32b/3P.instrset/gnuarm-stm32.instrset/win/bin/../lib/gcc/arm-none-eabi/13.2.1/thumb/v7e-m+fp/hard\libgcc.a(_arm_truncdfsf2.o)
 .ARM.attributes
                0x000009ef       0x22 C:/ProgramData/MATLAB/R2026a/stm32b/3P.instrset/gnuarm-stm32.instrset/win/bin/../lib/gcc/arm-none-eabi/13.2.1/thumb/v7e-m+fp/hard\libgcc.a(_aeabi_uldivmod.o)
 .ARM.attributes