Archive member included to satisfy reference by file (symbol)

C:/ProgramData/MATLAB/R2026a/stm32b/3P.instrset/gnuarm-stm32.instrset/win/bin/../lib/gcc/arm-none-eabi/13.2.1/thumb/v7e-m+fp/hard\libgcc.a(_arm_muldf3.o)
                              kalman.c.o (__aeabi_dmul)
C:/ProgramData/MATLAB/R2026a/stm32b/3P.instrset/gnuarm-stm32.instrset/win/bin/../lib/gcc/arm-none-eabi/13.2.1/thumb/v7e-m+fp/hard\libgcc.a(_arm_addsubdf3.o)
                              kalman.c.o (__aeabi_dsub)
C:/ProgramData/MATLAB/R2026a/stm32b/3P.instrset/gnuarm-stm32.instrset/win/bin/../lib/gcc/arm-none-eabi/13.2.1/thumb/v7e-m+fp/hard\libgcc.a(_arm_muldivdf3.o)
                              kalman.c.o (__aeabi_ddiv)
C:/ProgramData/MATLAB/R2026a/stm32b/3P.instrset/gnuarm-stm32.instrset/win/bin/../lib/gcc/arm-none-eabi/13.2.1/thumb/v7e-m+fp/hard\libgcc.a(_arm_cmpdf2.o)
                              xcp_ext_classic_trigger.c.o (__aeabi_dcmpeq)
C:/ProgramData/MATLAB/R2026a/stm32b/3P.instrset/gnuarm-stm32.instrset/win/bin/../lib/gcc/arm-none-eabi/13.2.1/thumb/v7e-m+fp/hard\libgcc.a(_arm_truncdfsf2.o)
                              hc_sr04.c.o (__aeabi_d2f)
C:/ProgramData/MATLAB/R2026a/stm32b/3P.instrset/gnuarm-stm32.instrset/win/bin/../lib/gcc/arm-none-eabi/13.2.1/thumb/v7e-m+fp/hard\libgcc.a(_aeabi_uldivmod.o)
                              stm32g4xx_ll_lpuart.c.o (__aeabi_uldivmod)
C:/ProgramData/MATLAB/R2026a/stm32b/3P.instrset/gnuarm-stm32.instrset/win/bin/../lib/gcc/arm-none-eabi/13.2.1/thumb/v7e-m+fp/hard\libgcc.a(_udivmoddi4.o)
                              C:/ProgramData/MATLAB/R2026a/stm32b/3P.instrset/gnuarm-stm32.instrset/win/bin/../lib/gcc/arm-none-eabi/13.2.1/thumb/v7e-m+fp/hard\libgcc.a(_aeabi_uldivmod.o) (__udivmoddi4)
C:/ProgramData/MATLAB/R2026a/stm32b/3P.instrset/gnuarm-stm32.instrset/win/bin/../lib/gcc/arm-none-eabi/13.2.1/thumb/v7e-m+fp/hard\libgcc.a(_dvmd_tls.o)
                              C:/ProgramData/MATLAB/R2026a/stm32b/3P.instrset/gnuarm-stm32.instrset/win/bin/../lib/gcc/arm-none-eabi/13.2.1/thumb/v7e-m+fp/hard\libgcc.a(_aeabi_uldivmod.o) (__aeabi_ldiv0)
C:/ProgramData/MATLAB/R2026a/stm32b/3P.instrset/gnuarm-stm32.instrset/win/bin/../lib/gcc/arm-none-eabi/13.2.1/thumb/v7e-m+fp/hard\libg_nano.a(libc_a-exit.o)
                              C:/ProgramData/MATLAB/R2026a/stm32b/3P.instrset/gnuarm-stm32.instrset/win/bin/../lib/gcc/arm-none-eabi/13.2.1/thumb/v7e-m+fp/hard/crt0.o (exit)
C:/ProgramData/MATLAB/R2026a/stm32b/3P.instrset/gnuarm-stm32.instrset/win/bin/../lib/gcc/arm-none-eabi/13.2.1/thumb/v7e-m+fp/hard\libg_nano.a(libc_a-findfp.o)
                              C:/ProgramData/MATLAB/R2026a/stm32b/3P.instrset/gnuarm-stm32.instrset/win/bin/../lib/gcc/arm-none-eabi/13.2.1/thumb/v7e-m+fp/hard\libg_nano.a(libc_a-exit.o) (__stdio_exit_handler)
C:/ProgramData/MATLAB/R2026a/stm32b/3P.instrset/gnuarm-stm32.instrset/win/bin/../lib/gcc/arm-none-eabi/13.2.1/thumb/v7e-m+fp/hard\libg_nano.a(libc_a-fwalk.o)
                              C:/ProgramData/MATLAB/R2026a/stm32b/3P.instrset/gnuarm-stm32.instrset/win/bin/../lib/gcc/arm-none-eabi/13.2.1/thumb/v7e-m+fp/hard\libg_nano.a(libc_a-findfp.o) (_fwalk_sglue)
C:/ProgramData/MATLAB/R2026a/stm32b/3P.instrset/gnuarm-stm32.instrset/win/bin/../lib/gcc/arm-none-eabi/13.2.1/thumb/v7e-m+fp/hard\libg_nano.a(libc_a-stdio.o)
                              C:/ProgramData/MATLAB/R2026a/stm32b/3P.instrset/gnuarm-stm32.instrset/win/bin/../lib/gcc/arm-none-eabi/13.2.1/thumb/v7e-m+fp/hard\libg_nano.a(libc_a-findfp.o) (__sread)
C:/ProgramData/MATLAB/R2026a/stm32b/3P.instrset/gnuarm-stm32.instrset/win/bin/../lib/gcc/arm-none-eabi/13.2.1/thumb/v7e-m+fp/hard\libg_nano.a(libc_a-memset.o)
                              C:/ProgramData/MATLAB/R2026a/stm32b/3P.instrset/gnuarm-stm32.instrset/win/bin/../lib/gcc/arm-none-eabi/13.2.1/thumb/v7e-m+fp/hard/crt0.o (memset)
C:/ProgramData/MATLAB/R2026a/stm32b/3P.instrset/gnuarm-stm32.instrset/win/bin/../lib/gcc/arm-none-eabi/13.2.1/thumb/v7e-m+fp/hard\libg_nano.a(libc_a-closer.o)
                              C:/ProgramData/MATLAB/R2026a/stm32b/3P.instrset/gnuarm-stm32.instrset/win/bin/../lib/gcc/arm-none-eabi/13.2.1/thumb/v7e-m+fp/hard\libg_nano.a(libc_a-stdio.o) (_close_r)
C:/ProgramData/MATLAB/R2026a/stm32b/3P.instrset/gnuarm-stm32.instrset/win/bin/../lib/gcc/arm-none-eabi/13.2.1/thumb/v7e-m+fp/hard\libg_nano.a(libc_a-reent.o)
                              C:/ProgramData/MATLAB/R2026a/stm32b/3P.instrset/gnuarm-stm32.instrset/win/bin/../lib/gcc/arm-none-eabi/13.2.1/thumb/v7e-m+fp/hard\libg_nano.a(libc_a-closer.o) (errno)
C:/ProgramData/MATLAB/R2026a/stm32b/3P.instrset/gnuarm-stm32.instrset/win/bin/../lib/gcc/arm-none-eabi/13.2.1/thumb/v7e-m+fp/hard\libg_nano.a(libc_a-impure.o)
                              C:/ProgramData/MATLAB/R2026a/stm32b/3P.instrset/gnuarm-stm32.instrset/win/bin/../lib/gcc/arm-none-eabi/13.2.1/thumb/v7e-m+fp/hard\libg_nano.a(libc_a-reent.o) (_impure_ptr)
[...]
Memory Configuration

Name             Origin             Length             Attributes
RAM              0x20000000         0x00020000         xrw
FLASH            0x08000000         0x00080000         xr
*default*        0x00000000         0xffffffff

Linker script and memory map

LOAD C:/ProgramData/MATLAB/R2026a/stm32b/3P.instrset/gnuarm-stm32.instrset/win/bin/../lib/gcc/arm-none-eabi/13.2.1/thumb/v7e-m+fp/hard/crti.o
LOAD C:/ProgramData/MATLAB/R2026a/stm32b/3P.instrset/gnuarm-stm32.instrset/win/bin/../lib/gcc/arm-none-eabi/13.2.1/thumb/v7e-m+fp/hard/crtbegin.o
LOAD C:/ProgramData/MATLAB/R2026a/stm32b/3P.instrset/gnuarm-stm32.instrset/win/bin/../lib/gcc/arm-none-eabi/13.2.1/thumb/v7e-m+fp/hard/crt0.o
LOAD xcp_ext_mode.c.o
LOAD ert_main.c.o
LOAD kalman.c.o
LOAD hc_sr04.c.o
LOAD xcp_ext_common.c.o
LOAD xcp_ext_classic_trigger.c.o
LOAD xcp_ext_param_default_serial.c.o
LOAD xcp.c.o
LOAD xcp_standard.c.o
LOAD xcp_daq.c.o
LOAD xcp_calibration.c.o
LOAD xcp_fifo.c.o
LOAD xcp_transport.c.o
LOAD xcp_mem_default.c.o
LOAD xcp_drv_rtiostream.c.o
LOAD xcp_utils.c.o
LOAD xcp_frame_serial.c.o
LOAD overrideHALDelay.c.o
LOAD platform_timer.c.o
LOAD rtiostream_serial.c.o
LOAD stm_usart.c.o
LOAD stm_lpuart.c.o
LOAD sys_arch_arm.c.o
LOAD SysTickScheduler.c.o
LOAD m3m4m4f_multitasking.c.o
LOAD stm_timer_ll.c.o
LOAD main.c.o
LOAD stm32g4xx_hal_msp.c.o
LOAD stm32g4xx_hal_timebase_tim.c.o
LOAD stm32g4xx_it.c.o
LOAD system_stm32g4xx.c.o
LOAD stm32g4xx_hal.c.o
LOAD stm32g4xx_hal_cortex.c.o
LOAD stm32g4xx_hal_dma.c.o
LOAD stm32g4xx_hal_dma_ex.c.o
LOAD stm32g4xx_hal_exti.c.o
LOAD stm32g4xx_hal_flash.c.o
LOAD stm32g4xx_hal_flash_ex.c.o
LOAD stm32g4xx_hal_flash_ramfunc.c.o
LOAD stm32g4xx_hal_gpio.c.o
LOAD stm32g4xx_hal_pwr.c.o
LOAD stm32g4xx_hal_pwr_ex.c.o
LOAD stm32g4xx_hal_rcc.c.o
LOAD stm32g4xx_hal_rcc_ex.c.o
LOAD stm32g4xx_hal_tim.c.o
LOAD stm32g4xx_hal_tim_ex.c.o
LOAD stm32g4xx_ll_dma.c.o
LOAD stm32g4xx_ll_exti.c.o
LOAD stm32g4xx_ll_gpio.c.o
LOAD stm32g4xx_ll_lpuart.c.o
LOAD stm32g4xx_ll_pwr.c.o
LOAD stm32g4xx_ll_rcc.c.o
LOAD stm32g4xx_ll_tim.c.o
LOAD stm32g4xx_ll_utils.c.o
LOAD syscalls.c.o
LOAD sysmem.c.o
LOAD startup_stm32g474retx.s.o
LOAD D:/MATLAB/R2026a/toolbox/stm32b/stm32shared/lib/GCC/libmw_pdmfilter_m4_spfp.lib
LOAD C:/ProgramData/MATLAB/R2026a/stm32b/3P.instrset/gnuarm-stm32.instrset/win/bin/../lib/gcc/arm-none-eabi/13.2.1/thumb/v7e-m+fp/hard\libstdc++_nano.a
LOAD C:/ProgramData/MATLAB/R2026a/stm32b/3P.instrset/gnuarm-stm32.instrset/win/bin/../lib/gcc/arm-none-eabi/13.2.1/thumb/v7e-m+fp/hard\libm.a
START GROUP
LOAD C:/ProgramData/MATLAB/R2026a/stm32b/3P.instrset/gnuarm-stm32.instrset/win/bin/../lib/gcc/arm-none-eabi/13.2.1/thumb/v7e-m+fp/hard\libgcc.a
LOAD C:/ProgramData/MATLAB/R2026a/stm32b/3P.instrset/gnuarm-stm32.instrset/win/bin/../lib/gcc/arm-none-eabi/13.2.1/thumb/v7e-m+fp/hard\libg_nano.a
LOAD C:/ProgramData/MATLAB/R2026a/stm32b/3P.instrset/gnuarm-stm32.instrset/win/bin/../lib/gcc/arm-none-eabi/13.2.1/thumb/v7e-m+fp/hard\libc_nano.a
END GROUP
START GROUP
LOAD C:/ProgramData/MATLAB/R2026a/stm32b/3P.instrset/gnuarm-stm32.instrset/win/bin/../lib/gcc/arm-none-eabi/13.2.1/thumb/v7e-m+fp/hard\libgcc.a
LOAD C:/ProgramData/MATLAB/R2026a/stm32b/3P.instrset/gnuarm-stm32.instrset/win/bin/../lib/gcc/arm-none-eabi/13.2.1/thumb/v7e-m+fp/hard\libc_nano.a
LOAD C:/ProgramData/MATLAB/R2026a/stm32b/3P.instrset/gnuarm-stm32.instrset/win/bin/../lib/gcc/arm-none-eabi/13.2.1/thumb/v7e-m+fp/hard\libnosys.a
END GROUP
START GROUP
LOAD C:/ProgramData/MATLAB/R2026a/stm32b/3P.instrset/gnuarm-stm32.instrset/win/bin/../lib/gcc/arm-none-eabi/13.2.1/thumb/v7e-m+fp/hard\libgcc.a
LOAD C:/ProgramData/MATLAB/R2026a/stm32b/3P.instrset/gnuarm-stm32.instrset/win/bin/../lib/gcc/arm-none-eabi/13.2.1/thumb/v7e-m+fp/hard\libc_nano.a
LOAD C:/ProgramData/MATLAB/R2026a/stm32b/3P.instrset/gnuarm-stm32.instrset/win/bin/../lib/gcc/arm-none-eabi/13.2.1/thumb/v7e-m+fp/hard\libnosys.a
END GROUP
LOAD C:/ProgramData/MATLAB/R2026a/stm32b/3P.instrset/gnuarm-stm32.instrset/win/bin/../lib/gcc/arm-none-eabi/13.2.1/thumb/v7e-m+fp/hard/crtend.o
LOAD C:/ProgramData/MATLAB/R2026a/stm32b/3P.instrset/gnuarm-stm32.instrset/win/bin/../lib/gcc/arm-none-eabi/13.2.1/thumb/v7e-m+fp/hard/crtn.o
                0x20020000                        _estack = (ORIGIN (RAM) + LENGTH (RAM))
                0x00000200                        _Min_Heap_Size = 0x200
                0x00000400                        _Min_Stack_Size = 0x400

.isr_vector     0x08000000      0x1d8
                0x08000000                        . = ALIGN (0x4)
 *(.isr_vector)
 .isr_vector    0x08000000      0x1d8 startup_stm32g474retx.s.o
                0x08000000                g_pfnVectors
                0x080001d8                        . = ALIGN (0x4)

.text           0x080001d8     0xe08c
                0x080001d8                        . = ALIGN (0x4)
 *(.text)
 .text          0x080001d8      0x378 C:/ProgramData/MATLAB/R2026a/stm32b/3P.instrset/gnuarm-stm32.instrset/win/bin/../lib/gcc/arm-none-eabi/13.2.1/thumb/v7e-m+fp/hard\libgcc.a(_arm_addsubdf3.o)
                0x080001d8                __aeabi_drsub
                0x080001e0                __aeabi_dsub
                0x080001e0                __subdf3
                0x080001e4                __aeabi_dadd
                0x080001e4                __adddf3
                0x0800045c                __floatunsidf
                0x0800045c                __aeabi_ui2d
                0x0800047c                __floatsidf
                0x0800047c                __aeabi_i2d
                0x080004a0                __aeabi_f2d
                0x080004a0                __extendsfdf2
                0x080004e4                __floatundidf
                0x080004e4                __aeabi_ul2d
                0x080004f4                __floatdidf
                0x080004f4                __aeabi_l2d
 .text          0x08000550      0x424 C:/ProgramData/MATLAB/R2026a/stm32b/3P.instrset/gnuarm-stm32.instrset/win/bin/../lib/gcc/arm-none-eabi/13.2.1/thumb/v7e-m+fp/hard\libgcc.a(_arm_muldivdf3.o)
                0x08000550                __aeabi_dmul
                0x08000550                __muldf3
                0x080007a4                __divdf3
                0x080007a4                __aeabi_ddiv
 .text          0x08000974      0x110 C:/ProgramData/MATLAB/R2026a/stm32b/3P.instrset/gnuarm-stm32.instrset/win/bin/../lib/gcc/arm-none-eabi/13.2.1/thumb/v7e-m+fp/hard\libgcc.a(_arm_cmpdf2.o)
                0x08000974                __gtdf2
                0x08000974                __gedf2
                0x0800097c                __ltdf2
                0x0800097c                __ledf2
                0x08000984                __nedf2
                0x08000984                __eqdf2
                0x08000984                __cmpdf2
                0x08000a00                __aeabi_cdrcmple
                0x08000a10                __aeabi_cdcmpeq
                0x08000a10                __aeabi_cdcmple
                0x08000a20                __aeabi_dcmpeq
                0x08000a34                __aeabi_dcmplt
                0x08000a48                __aeabi_dcmple
                0x08000a5c                __aeabi_dcmpge
                0x08000a70                __aeabi_dcmpgt
 .text          0x08000a84       0xa0 C:/ProgramData/MATLAB/R2026a/stm32b/3P.instrset/gnuarm-stm32.instrset/win/bin/../lib/gcc/arm-none-eabi/13.2.1/thumb/v7e-m+fp/hard\libgcc.a(_arm_truncdfsf2.o)
                0x08000a84                __truncdfsf2
                0x08000a84                __aeabi_d2f
 .text          0x08000b24       0x30 C:/ProgramData/MATLAB/R2026a/stm32b/3P.instrset/gnuarm-stm32.instrset/win/bin/../lib/gcc/arm-none-eabi/13.2.1/thumb/v7e-m+fp/hard\libgcc.a(_aeabi_uldivmod.o)
                0x08000b24                __aeabi_uldivmod
 .text          0x08000b54        0x4 C:/ProgramData/MATLAB/R2026a/stm32b/3P.instrset/gnuarm-stm32.instrset/win/bin/../lib/gcc/arm-none-eabi/13.2.1/thumb/v7e-m+fp/hard\libgcc.a(_dvmd_tls.o)
                0x08000b54                __aeabi_idiv0
                0x08000b54                __aeabi_ldiv0
 *(.text*)
 .text.deregister_tm_clones
                0x08000b58       0x1c C:/ProgramData/MATLAB/R2026a/stm32b/3P.instrset/gnuarm-stm32.instrset/win/bin/../lib/gcc/arm-none-eabi/13.2.1/thumb/v7e-m+fp/hard/crtbegin.o
 .text.register_tm_clones
                0x08000b74       0x24 C:/ProgramData/MATLAB/R2026a/stm32b/3P.instrset/gnuarm-stm32.instrset/win/bin/../lib/gcc/arm-none-eabi/13.2.1/thumb/v7e-m+fp/hard/crtbegin.o
 .text.__do_global_dtors_aux
                0x08000b98       0x28 C:/ProgramData/MATLAB/R2026a/stm32b/3P.instrset/gnuarm-stm32.instrset/win/bin/../lib/gcc/arm-none-eabi/13.2.1/thumb/v7e-m+fp/hard/crtbegin.o
 .text.frame_dummy
                0x08000bc0       0x24 C:/ProgramData/MATLAB/R2026a/stm32b/3P.instrset/gnuarm-stm32.instrset/win/bin/../lib/gcc/arm-none-eabi/13.2.1/thumb/v7e-m+fp/hard/crtbegin.o
 .text.extmodeParseArgs
                0x08000be4       0x1e xcp_ext_mode.c.o
                0x08000be4                extmodeParseArgs
 *fill*         0x08000c02        0x2 
 .text.extmodeInit
                0x08000c04      0x104 xcp_ext_mode.c.o
                0x08000c04                extmodeInit
 .text.extmodeWaitForHostRequest
                0x08000d08       0xcc xcp_ext_mode.c.o
                0x08000d08                extmodeWaitForHostRequest
 .text.extmodeEvent
                0x08000dd4       0xd4 xcp_ext_mode.c.o
                0x08000dd4                extmodeEvent
 .text.extmodeBackgroundRun
                0x08000ea8       0x20 xcp_ext_mode.c.o
                0x08000ea8                extmodeBackgroundRun
 .text.extmodeReset
                0x08000ec8       0x40 xcp_ext_mode.c.o
                0x08000ec8                extmodeReset
 .text.extmodeStopRequested
                0x08000f08       0x18 xcp_ext_mode.c.o
                0x08000f08                extmodeStopRequested
 .text.extmodeSimulationComplete
                0x08000f20       0x18 xcp_ext_mode.c.o
                0x08000f20                extmodeSimulationComplete
 .text.rt_OneStep
                0x08000f38       0x70 ert_main.c.o
                0x08000f38                rt_OneStep
 .text.main     0x08000fa8      0x194 ert_main.c.o
                0x08000fa8                main
 .text.LL_TIM_EnableCounter
                0x0800113c       0x20 kalman.c.o
 .text.LL_TIM_DisableCounter
                0x0800115c       0x20 kalman.c.o
 .text.LL_TIM_SetUpdateSource
                0x0800117c       0x26 kalman.c.o
 .text.LL_TIM_GetUpdateSource
                0x080011a2       0x1c kalman.c.o
 .text.LL_TIM_SetRepetitionCounter
                0x080011be       0x1c kalman.c.o
 .text.LL_TIM_GenerateEvent_UPDATE
                0x080011da       0x20 kalman.c.o
 *fill*         0x080011fa        0x2 
 .text.isSlaveTriggerModeEnabled
                0x080011fc       0x30 kalman.c.o
 .text.enableCounter
                0x0800122c      0x118 kalman.c.o
 .text.disableCounter
                0x08001344       0x1a kalman.c.o
 .text.kalman_SystemCore_setup
                0x0800135e       0x7c kalman.c.o
 *fill*         0x080013da        0x2 
 .text.kalman_step
                0x080013dc      0x7ac kalman.c.o
                0x080013dc                kalman_step
 .text.kalman_initialize
                0x08001b88      0x1bc kalman.c.o
                0x08001b88                kalman_initialize
 .text.kalman_terminate
                0x08001d44       0x4c kalman.c.o
                0x08001d44                kalman_terminate
 .text.read_ultrasonic_c
                0x08001d90      0x12c hc_sr04.c.o
                0x08001d90                read_ultrasonic_c
 .text.xcp_void_printf
                0x08001ebc       0x12 xcp_ext_common.c.o
                0x08001ebc                xcp_void_printf
 .text.xcpCopyTimeValue
                0x08001ece       0x26 xcp_ext_common.c.o
 .text.updateTime
                0x08001ef4      0x1a4 xcp_ext_common.c.o
 .text.xcpExtModeUpdateTime
                0x08002098       0x1e xcp_ext_common.c.o
                0x08002098                xcpExtModeUpdateTime
 *fill*         0x080020b6        0x2 
 .text.xcpExtModeInit
                0x080020b8       0xb8 xcp_ext_common.c.o
                0x080020b8                xcpExtModeInit
 .text.xcpExtModeRunBackground
                0x08002170      0x13c xcp_ext_common.c.o
                0x08002170                xcpExtModeRunBackground
 .text.xcpExtModeReset
                0x080022ac      0x138 xcp_ext_common.c.o
                0x080022ac                xcpExtModeReset
 .text.sampleSignalTrigger
                0x080023e4      0x1b4 xcp_ext_classic_trigger.c.o
 .text.updateTriggerStatus
                0x08002598      0x2b8 xcp_ext_classic_trigger.c.o
 .text.xcpExtModeClassicTriggerInit
                0x08002850       0x68 xcp_ext_classic_trigger.c.o
                0x08002850                xcpExtModeClassicTriggerInit
 .text.xcpExtModeClassicTriggerEnabled
                0x080028b8      0x100 xcp_ext_classic_trigger.c.o
                0x080028b8                xcpExtModeClassicTriggerEnabled
 .text.xcpExtModeClassicTriggerReset
                0x080029b8       0xf4 xcp_ext_classic_trigger.c.o
                0x080029b8                xcpExtModeClassicTriggerReset
 .text.xcpExtModeClassicTriggerForceEnableStatusUpdate
                0x08002aac       0x78 xcp_ext_classic_trigger.c.o
                0x08002aac                xcpExtModeClassicTriggerForceEnableStatusUpdate
 .text.xcpTransportGetInitParameters
                0x08002b24       0x2e xcp_ext_param_default_serial.c.o
                0x08002b24                xcpTransportGetInitParameters
 .text.xcpGetInitParameters
                0x08002b52       0x2e xcp_ext_param_default_serial.c.o
                0x08002b52                xcpGetInitParameters
 .text.msgBufferRealloc
                0x08002b80       0x72 xcp.c.o
 *fill*         0x08002bf2        0x2 
 .text.discardInputPacketHandler
                0x08002bf4       0x3c xcp.c.o
 .text.unknownInputPacketHandler
                0x08002c30       0x34 xcp.c.o
 .text.xcpGetPacketGroupID
                0x08002c64       0x74 xcp.c.o
 .text.xcpGetPacketHandlers
                0x08002cd8      0x124 xcp.c.o
 .text.xcpStatusSet
                0x08002dfc       0x20 xcp.c.o
                0x08002dfc                xcpStatusSet
 .text.xcpSessionStatusGet
                0x08002e1c       0x18 xcp.c.o
                0x08002e1c                xcpSessionStatusGet
 .text.xcpSessionStatusSetMask
                0x08002e34       0x28 xcp.c.o
                0x08002e34                xcpSessionStatusSetMask
 .text.xcpSessionStatusClearMask
                0x08002e5c       0x34 xcp.c.o
                0x08002e5c                xcpSessionStatusClearMask
 .text.xcpResourceProtectionStatusGet
                0x08002e90       0x18 xcp.c.o
                0x08002e90                xcpResourceProtectionStatusGet
 .text.xcpSessionConfigurationIdGet
                0x08002ea8       0x18 xcp.c.o
                0x08002ea8                xcpSessionConfigurationIdGet
 .text.genericOutputPacketHandler
                0x08002ec0      0x11c xcp.c.o
                0x08002ec0                genericOutputPacketHandler
 .text.xcpFindPacket
                0x08002fdc       0x6e xcp.c.o
                0x08002fdc                xcpFindPacket
 *fill*         0x0800304a        0x2 
 .text.xcpInit  0x0800304c       0x64 xcp.c.o
                0x0800304c                xcpInit
 .text.xcpRun   0x080030b0      0x194 xcp.c.o
                0x080030b0                xcpRun
 .text.xcpEvent
                0x08003244       0x50 xcp.c.o
                0x08003244                xcpEvent
 .text.xcpGetStatus
                0x08003294       0x18 xcp.c.o
                0x08003294                xcpGetStatus
 .text.xcpReset
                0x080032ac       0x40 xcp.c.o
                0x080032ac                xcpReset
 .text.xcpPackedModeEventsFlush
                0x080032ec       0x1e xcp.c.o
                0x080032ec                xcpPackedModeEventsFlush
 .text.xcpPackedModeEventReset
                0x0800330a       0x2a xcp.c.o
                0x0800330a                xcpPackedModeEventReset
 .text.isValidUploadSize
                0x08003334       0x30 xcp_standard.c.o
 .text.xcpMemcpyFromMTA
                0x08003364       0x38 xcp_standard.c.o
 .text.connectInputPacketHandler
                0x0800339c       0xa4 xcp_standard.c.o
 .text.connectOutputPacketHandler
                0x08003440       0xd4 xcp_standard.c.o
 .text.disconnectInputPacketHandler
                0x08003514       0x54 xcp_standard.c.o
 .text.getStatusInputPacketHandler
                0x08003568       0x28 xcp_standard.c.o
 .text.getStatusOutputPacketHandler
                0x08003590       0x80 xcp_standard.c.o
 .text.synchInputPacketHandler
                0x08003610       0x44 xcp_standard.c.o
 .text.setMTAInputPacketHandler
                0x08003654       0x78 xcp_standard.c.o
 .text.uploadInputPacketHandler
                0x080036cc       0x98 xcp_standard.c.o
 .text.uploadOutputPacketHandler
                0x08003764       0x9c xcp_standard.c.o
 .text.shortUploadInputPacketHandler
                0x08003800       0xa4 xcp_standard.c.o
 .text.shortUploadOutputPacketHandler
                0x080038a4       0x9c xcp_standard.c.o
 .text.getPacket
                0x08003940       0x24 xcp_standard.c.o
 .text.xcpStandardInit
                0x08003964       0x18 xcp_standard.c.o
                0x08003964                xcpStandardInit
 .text.xcpStandardGetPacketLookup
                0x0800397c       0x18 xcp_standard.c.o
                0x0800397c                xcpStandardGetPacketLookup
 .text.xcpStandardSetPacketLookup
                0x08003994       0x20 xcp_standard.c.o
                0x08003994                xcpStandardSetPacketLookup
 .text.xcpStandardReset
                0x080039b4       0x12 xcp_standard.c.o
                0x080039b4                xcpStandardReset
 *fill*         0x080039c6        0x2 
 .text.xcpStandardGetAddressFromMta
                0x080039c8       0x18 xcp_standard.c.o
                0x080039c8                xcpStandardGetAddressFromMta
 .text.xcpStandardSetMta
                0x080039e0       0x3c xcp_standard.c.o
                0x080039e0                xcpStandardSetMta
 .text.xcpStandardIncrementMta
                0x08003a1c       0x28 xcp_standard.c.o
                0x08003a1c                xcpStandardIncrementMta
 .text.xcpStandardExtendedInit
                0x08003a44        0xe xcp_standard.c.o
                0x08003a44                xcpStandardExtendedInit
 .text.xcpStandardExtendedReset
                0x08003a52        0xe xcp_standard.c.o
                0x08003a52                xcpStandardExtendedReset
 .text.xcpDaqWriteLock
                0x08003a60       0x4c xcp_daq.c.o
 .text.xcpDaqWriteUnlock
                0x08003aac       0x20 xcp_daq.c.o
 .text.xcpDaqReadLock
                0x08003acc       0x38 xcp_daq.c.o
 .text.xcpDaqReadUnlock
                0x08003b04       0x38 xcp_daq.c.o
 .text.isActiveDaqList
                0x08003b3c       0x50 xcp_daq.c.o
 .text.noActiveDaqLists
                0x08003b8c       0x50 xcp_daq.c.o
 .text.isValidDaqPtr
                0x08003bdc       0xb8 xcp_daq.c.o
 .text.isValidDaqEntry
                0x08003c94       0x36 xcp_daq.c.o
 .text.isSupportedDaqListMode
                0x08003cca       0x26 xcp_daq.c.o
 .text.isValidStartStopMode
                0x08003cf0       0x32 xcp_daq.c.o
 .text.isValidStartStopSynchMode
                0x08003d22       0x32 xcp_daq.c.o
 .text.absoluteOdtNumberIdentification
                0x08003d54       0x10 xcp_daq.c.o
 .text.isDaqPackedModeEnabled
                0x08003d64       0x6c xcp_daq.c.o
 .text.odtPacketSize
                0x08003dd0       0x54 xcp_daq.c.o
 .text.createDaqReservedPool
                0x08003e24       0x88 xcp_daq.c.o
 .text.destroyDaqReservedPool
                0x08003eac       0x2c xcp_daq.c.o
 .text.setDaqPtrInputPacketHandler
                0x08003ed8       0xdc xcp_daq.c.o
 .text.writeDaqInputPacketHandler
                0x08003fb4      0x198 xcp_daq.c.o
 .text.setDaqListModeInputPacketHandler
                0x0800414c      0x1c8 xcp_daq.c.o
 .text.startStopDaqListInputPacketHandler
                0x08004314      0x3f4 xcp_daq.c.o
 .text.startStopDaqListOutputPacketHandler
                0x08004708       0x5c xcp_daq.c.o
 .text.startStopSynchInputPacketHandler
                0x08004764      0x328 xcp_daq.c.o
 .text.getDaqProcessorInfoInputPacketHandler
                0x08004a8c       0x28 xcp_daq.c.o
 .text.getDaqProcessorInfoOutputPacketHandler
                0x08004ab4       0xac xcp_daq.c.o
 .text.getDaqResolutionInfoInputPacketHandler
                0x08004b60       0x28 xcp_daq.c.o
 .text.getDaqResolutionInfoOutputPacketHandler
                0x08004b88       0xb8 xcp_daq.c.o
 .text.freeDaqInputPacketHandler
                0x08004c40       0x5c xcp_daq.c.o
 .text.allocDaqInputPacketHandler
                0x08004c9c      0x18c xcp_daq.c.o
 .text.allocOdtInputPacketHandler
                0x08004e28      0x1c0 xcp_daq.c.o
 .text.allocOdtEntryInputPacketHandler
                0x08004fe8      0x270 xcp_daq.c.o
 .text.getDaqClockInputPacketHandler
                0x08005258       0x2c xcp_daq.c.o
 .text.getDaqClockOutputPacketHandler
                0x08005284       0x44 xcp_daq.c.o
 .text.setDaqPackedModeInputPacketHandler
                0x080052c8      0x21c xcp_daq.c.o
 .text.level1CommandInputPacketHandler
                0x080054e4       0x64 xcp_daq.c.o
 .text.getPacket
                0x08005548       0x24 xcp_daq.c.o
 .text.xcpDaqInit
                0x0800556c       0x38 xcp_daq.c.o
                0x0800556c                xcpDaqInit
 .text.xcpDaqGetPacketLookup
                0x080055a4       0x18 xcp_daq.c.o
                0x080055a4                xcpDaqGetPacketLookup
 .text.xcpDaqSetPacketLookup
                0x080055bc       0x20 xcp_daq.c.o
                0x080055bc                xcpDaqSetPacketLookup
 .text.xcpResetDaq
                0x080055dc       0xa4 xcp_daq.c.o
 .text.daqWriteXCPDataForOdt
                0x08005680       0x7c xcp_daq.c.o
 .text.odtWriteEntries
                0x080056fc       0x9c xcp_daq.c.o
 .text.xcpProcessDaq
                0x08005798      0x208 xcp_daq.c.o
 .text.xcpDaqEvent
                0x080059a0      0x108 xcp_daq.c.o
                0x080059a0                xcpDaqEvent
 .text.xcpDaqEventsFlush
                0x08005aa8      0x284 xcp_daq.c.o
                0x08005aa8                xcpDaqEventsFlush
 .text.xcpDaqLock
                0x08005d2c       0x1e xcp_daq.c.o
                0x08005d2c                xcpDaqLock
 .text.xcpDaqUnlock
                0x08005d4a        0xe xcp_daq.c.o
                0x08005d4a                xcpDaqUnlock
 .text.xcpResetDaqListStatus
                0x08005d58      0x19c xcp_daq.c.o
                0x08005d58                xcpResetDaqListStatus
 .text.xcpDaqReset
                0x08005ef4       0x20 xcp_daq.c.o
                0x08005ef4                xcpDaqReset
 .text.xcpDaqExtendedInit
                0x08005f14        0xe xcp_daq.c.o
                0x08005f14                xcpDaqExtendedInit
 .text.xcpDaqExtendedReset
                0x08005f22        0xe xcp_daq.c.o
                0x08005f22                xcpDaqExtendedReset
 .text.isValidShortDownloadSize
                0x08005f30       0x34 xcp_calibration.c.o
 .text.isValidDownloadSize
                0x08005f64       0x3a xcp_calibration.c.o
 *fill*         0x08005f9e        0x2 
 .text.xcpMemcpyToMTA
                0x08005fa0       0x34 xcp_calibration.c.o
 .text.downloadInputPacketHandler
                0x08005fd4       0xb0 xcp_calibration.c.o
 .text.shortDownloadInputPacketHandler
                0x08006084       0xb8 xcp_calibration.c.o
 .text.getPacket
                0x0800613c       0x24 xcp_calibration.c.o
 .text.xcpCalibrationInit
                0x08006160       0x14 xcp_calibration.c.o
                0x08006160                xcpCalibrationInit
 .text.xcpCalibrationGetPacketLookup
                0x08006174       0x18 xcp_calibration.c.o
                0x08006174                xcpCalibrationGetPacketLookup
 .text.xcpCalibrationSetPacketLookup
                0x0800618c       0x20 xcp_calibration.c.o
                0x0800618c                xcpCalibrationSetPacketLookup
 .text.xcpCalibrationReset
                0x080061ac        0xe xcp_calibration.c.o
                0x080061ac                xcpCalibrationReset
 .text.xcpFifoInit
                0x080061ba       0x20 xcp_fifo.c.o
                0x080061ba                xcpFifoInit
 .text.xcpFifoEnqueue
                0x080061da       0x2a xcp_fifo.c.o
                0x080061da                xcpFifoEnqueue
 .text.xcpFifoDequeue
                0x08006204       0x3e xcp_fifo.c.o
                0x08006204                xcpFifoDequeue
 .text.xcpFifoEnqueueHead
                0x08006242       0x32 xcp_fifo.c.o
                0x08006242                xcpFifoEnqueueHead
 .text.xcpFifoReset
                0x08006274       0x16 xcp_fifo.c.o
                0x08006274                xcpFifoReset
 *fill*         0x0800628a        0x2 
 .text.xcpTransportEmptyTxFifo
                0x0800628c       0x6c xcp_transport.c.o
 .text.xcpTransportEmptyRxFifo
                0x080062f8       0x6c xcp_transport.c.o
 .text.xcpTransportInit
                0x08006364      0x138 xcp_transport.c.o
                0x08006364                xcpTransportInit
 .text.xcpTransportTxReady
                0x0800649c       0x1a xcp_transport.c.o
                0x0800649c                xcpTransportTxReady
 .text.xcpTransportTxTrigger
                0x080064b6       0x1a xcp_transport.c.o
                0x080064b6                xcpTransportTxTrigger
 .text.xcpTransportTxPacketSet
                0x080064d0      0x144 xcp_transport.c.o
                0x080064d0                xcpTransportTxPacketSet
 .text.xcpTransportTx
                0x08006614       0xec xcp_transport.c.o
                0x08006614                xcpTransportTx
 .text.xcpTransportRx
                0x08006700       0x80 xcp_transport.c.o
                0x08006700                xcpTransportRx
 .text.xcpTransportRxPacketGet
                0x08006780      0x12c xcp_transport.c.o
                0x08006780                xcpTransportRxPacketGet
 .text.xcpTransportPacketOffset
                0x080068ac       0x20 xcp_transport.c.o
                0x080068ac                xcpTransportPacketOffset
 .text.xcpTransportMsgBufferSize
                0x080068cc       0x70 xcp_transport.c.o
                0x080068cc                xcpTransportMsgBufferSize
 .text.xcpTransportMaxDtoSize
                0x0800693c        0xe xcp_transport.c.o
                0x0800693c                xcpTransportMaxDtoSize
 .text.xcpTransportMaxCtoSize
                0x0800694a        0xe xcp_transport.c.o
                0x0800694a                xcpTransportMaxCtoSize
 .text.xcpTransportRestart
                0x08006958       0x44 xcp_transport.c.o
                0x08006958                xcpTransportRestart
 .text.xcpTransportResynch
                0x0800699c       0x40 xcp_transport.c.o
                0x0800699c                xcpTransportResynch
 .text.xcpTransportCtoReservedMemPoolId
                0x080069dc       0x18 xcp_transport.c.o
                0x080069dc                xcpTransportCtoReservedMemPoolId
 .text.xcpTransportReset
                0x080069f4       0xe4 xcp_transport.c.o
                0x080069f4                xcpTransportReset
 .text.xcpInitializePoolMemoryArea
                0x08006ad8       0x72 xcp_mem_default.c.o
 *fill*         0x08006b4a        0x2 
 .text.xcpMemInit
                0x08006b4c      0x1d4 xcp_mem_default.c.o
                0x08006b4c                xcpMemInit
 .text.xcpMemAlloc
                0x08006d20       0xe8 xcp_mem_default.c.o
                0x08006d20                xcpMemAlloc
 .text.xcpMemFree
                0x08006e08      0x170 xcp_mem_default.c.o
                0x08006e08                xcpMemFree
 .text.xcpMemReservedPoolCreate
                0x08006f78      0x224 xcp_mem_default.c.o
                0x08006f78                xcpMemReservedPoolCreate
 .text.xcpMemReservedPoolDestroy
                0x0800719c      0x158 xcp_mem_default.c.o
                0x0800719c                xcpMemReservedPoolDestroy
 .text.xcpMemCustomPoolCreate
                0x080072f4       0xbc xcp_mem_default.c.o
                0x080072f4                xcpMemCustomPoolCreate
 .text.xcpMemCustomPoolDestroy
                0x080073b0       0x64 xcp_mem_default.c.o
                0x080073b0                xcpMemCustomPoolDestroy
 .text.xcpMemAllocFromPool
                0x08007414      0x170 xcp_mem_default.c.o
                0x08007414                xcpMemAllocFromPool
 .text.xcpMemReset
                0x08007584       0x50 xcp_mem_default.c.o
                0x08007584                xcpMemReset
 .text.xcpDrvOpen
                0x080075d4       0x64 xcp_drv_rtiostream.c.o
                0x080075d4                xcpDrvOpen
 .text.xcpDrvIoctl
                0x08007638       0x4c xcp_drv_rtiostream.c.o
                0x08007638                xcpDrvIoctl
 .text.xcpDrvSend
                0x08007684      0x14c xcp_drv_rtiostream.c.o
                0x08007684                xcpDrvSend
 .text.xcpDrvRecv
                0x080077d0      0x14c xcp_drv_rtiostream.c.o
                0x080077d0                xcpDrvRecv
 .text.xcpDrvClose
                0x0800791c       0x5c xcp_drv_rtiostream.c.o
                0x0800791c                xcpDrvClose
 .text.xcpSortArray
                0x08007978       0xcc xcp_utils.c.o
                0x08007978                xcpSortArray
 .text.xcpSxiHtons
                0x08007a44       0x18 xcp_frame_serial.c.o
 .text.xcpSxiNtohs
                0x08007a5c       0x1c xcp_frame_serial.c.o
 .text.xcpSxiChecksum
                0x08007a78       0x3e xcp_frame_serial.c.o
 *fill*         0x08007ab6        0x2 
 .text.xcpFrameInit
                0x08007ab8       0x70 xcp_frame_serial.c.o
                0x08007ab8                xcpFrameInit
 .text.xcpFrameMsgSend
                0x08007b28      0x188 xcp_frame_serial.c.o
                0x08007b28                xcpFrameMsgSend
 .text.xcpFrameMsgRecv
                0x08007cb0      0x180 xcp_frame_serial.c.o
                0x08007cb0                xcpFrameMsgRecv
 .text.xcpFrameCreateMsg
                0x08007e30       0x94 xcp_frame_serial.c.o
                0x08007e30                xcpFrameCreateMsg
 .text.xcpFrameExtractPacket
                0x08007ec4      0x158 xcp_frame_serial.c.o
                0x08007ec4                xcpFrameExtractPacket
 .text.xcpFrameHeaderSize
                0x0800801c       0x10 xcp_frame_serial.c.o
                0x0800801c                xcpFrameHeaderSize
 .text.xcpFrameTailSize
                0x0800802c       0x10 xcp_frame_serial.c.o
                0x0800802c                xcpFrameTailSize
 .text.xcpFrameMaxDtoSize
                0x0800803c       0x12 xcp_frame_serial.c.o
                0x0800803c                xcpFrameMaxDtoSize
 .text.xcpFrameMaxCtoSize
                0x0800804e       0x10 xcp_frame_serial.c.o
                0x0800804e                xcpFrameMaxCtoSize
 *fill*         0x0800805e        0x2 
 .text.xcpFrameRestart
                0x08008060       0x30 xcp_frame_serial.c.o
                0x08008060                xcpFrameRestart
 .text.xcpFrameSetCtoReservedMemPoolId
                0x08008090       0x20 xcp_frame_serial.c.o
                0x08008090                xcpFrameSetCtoReservedMemPoolId
 .text.xcpFrameReset
                0x080080b0       0x70 xcp_frame_serial.c.o
                0x080080b0                xcpFrameReset
 .text.HAL_Delay
                0x08008120       0x2e overrideHALDelay.c.o
                0x08008120                HAL_Delay
 *fill*         0x0800814e        0x2 
 .text.PeriphCommonClock_Config
                0x08008150       0x10 platform_timer.c.o
                0x08008150                PeriphCommonClock_Config
 .text.getCurrentTimestampInMicros
                0x08008160       0x40 platform_timer.c.o
                0x08008160                getCurrentTimestampInMicros
 .text.returnTimeElapsed
                0x080081a0       0x2c platform_timer.c.o
                0x080081a0                returnTimeElapsed
 .text.timestampInit
                0x080081cc       0x28 platform_timer.c.o
 .text.getCurrentTimestamp
                0x080081f4       0x44 platform_timer.c.o
                0x080081f4                getCurrentTimestamp
 .text.rtIOStreamOpen
                0x08008238       0x44 rtiostream_serial.c.o
                0x08008238                rtIOStreamOpen
 .text.rtIOStreamSend
                0x0800827c       0x38 rtiostream_serial.c.o
                0x0800827c                rtIOStreamSend
 .text.rtIOStreamRecv
                0x080082b4       0x48 rtiostream_serial.c.o
                0x080082b4                rtIOStreamRecv
 .text.rtIOStreamClose
                0x080082fc       0x20 rtiostream_serial.c.o
                0x080082fc                rtIOStreamClose
 .text.LL_DMA_GetDataLength
                0x0800831c       0x30 stm_usart.c.o
 .text.getAvailableDataInBuffer
                0x0800834c       0xcc stm_usart.c.o
                0x0800834c                getAvailableDataInBuffer
 .text.getBytesToBeReadFromBuffer
                0x08008418       0x6e stm_usart.c.o
                0x08008418                getBytesToBeReadFromBuffer
 *fill*         0x08008486        0x2 
 .text.readDataFromBuffer
                0x08008488       0xdc stm_usart.c.o
                0x08008488                readDataFromBuffer
 .text.__NVIC_GetPriorityGrouping
                0x08008564       0x1c stm_lpuart.c.o
 .text.__NVIC_EnableIRQ
                0x08008580       0x3c stm_lpuart.c.o
 .text.__NVIC_SetPriority
                0x080085bc       0x54 stm_lpuart.c.o
 .text.NVIC_EncodePriority
                0x08008610       0x66 stm_lpuart.c.o
 *fill*         0x08008676        0x2 
 .text.LL_DMA_EnableChannel
                0x08008678       0x44 stm_lpuart.c.o
 .text.LL_DMA_DisableChannel
                0x080086bc       0x44 stm_lpuart.c.o
 .text.LL_DMA_GetMode
                0x08008700       0x34 stm_lpuart.c.o
 .text.LL_DMA_SetDataLength
                0x08008734       0x4c stm_lpuart.c.o
 .text.LL_DMA_ConfigAddresses
                0x08008780       0x7c stm_lpuart.c.o
 .text.LL_DMA_IsActiveFlag_TC1
                0x080087fc       0x26 stm_lpuart.c.o
 .text.LL_DMA_ClearFlag_TC1
                0x08008822       0x1a stm_lpuart.c.o
 .text.LL_DMA_EnableIT_TC
                0x0800883c       0x44 stm_lpuart.c.o
 .text.LL_DMA_DisableIT_TC
                0x08008880       0x44 stm_lpuart.c.o
 .text.LL_DMA_IsEnabledIT_TC
                0x080088c4       0x3c stm_lpuart.c.o
 .text.LL_LPUART_Enable
                0x08008900       0x20 stm_lpuart.c.o
 .text.LL_LPUART_Disable
                0x08008920       0x20 stm_lpuart.c.o
 .text.LL_LPUART_IsEnabled
                0x08008940       0x26 stm_lpuart.c.o
 .text.LL_LPUART_IsActiveFlag_PE
                0x08008966       0x26 stm_lpuart.c.o
 .text.LL_LPUART_IsActiveFlag_FE
                0x0800898c       0x26 stm_lpuart.c.o
 .text.LL_LPUART_IsActiveFlag_NE
                0x080089b2       0x26 stm_lpuart.c.o
 .text.LL_LPUART_IsActiveFlag_ORE
                0x080089d8       0x26 stm_lpuart.c.o
 .text.LL_LPUART_IsActiveFlag_TC
                0x080089fe       0x26 stm_lpuart.c.o
 .text.LL_LPUART_IsActiveFlag_TXE_TXFNF
                0x08008a24       0x26 stm_lpuart.c.o
 .text.LL_LPUART_ClearFlag_PE
                0x08008a4a       0x1a stm_lpuart.c.o
 .text.LL_LPUART_ClearFlag_FE
                0x08008a64       0x1a stm_lpuart.c.o
 .text.LL_LPUART_ClearFlag_NE
                0x08008a7e       0x1a stm_lpuart.c.o
 .text.LL_LPUART_ClearFlag_ORE
                0x08008a98       0x1a stm_lpuart.c.o
 .text.LL_LPUART_EnableIT_RXNE_RXFNE
                0x08008ab2       0x42 stm_lpuart.c.o
 .text.LL_LPUART_EnableIT_PE
                0x08008af4       0x42 stm_lpuart.c.o
 .text.LL_LPUART_EnableIT_ERROR
                0x08008b36       0x46 stm_lpuart.c.o
 .text.LL_LPUART_DisableIT_RXNE_RXFNE
                0x08008b7c       0x42 stm_lpuart.c.o
 .text.LL_LPUART_DisableIT_TXE_TXFNF
                0x08008bbe       0x42 stm_lpuart.c.o
 .text.LL_LPUART_DisableIT_PE
                0x08008c00       0x42 stm_lpuart.c.o
 .text.LL_LPUART_DisableIT_ERROR
                0x08008c42       0x46 stm_lpuart.c.o
 .text.LL_LPUART_EnableDMAReq_RX
                0x08008c88       0x46 stm_lpuart.c.o
 .text.LL_LPUART_DisableDMAReq_RX
                0x08008cce       0x46 stm_lpuart.c.o
 .text.LL_LPUART_EnableDMAReq_TX
                0x08008d14       0x46 stm_lpuart.c.o
 .text.LL_LPUART_DisableDMAReq_TX
                0x08008d5a       0x46 stm_lpuart.c.o
 .text.LL_LPUART_DMA_GetRegAddr
                0x08008da0       0x2c stm_lpuart.c.o
 .text.LL_LPUART_ReceiveData8
                0x08008dcc       0x1a stm_lpuart.c.o
 .text.LL_LPUART_TransmitData8
                0x08008de6       0x1e stm_lpuart.c.o
 .text.LPUART_RXDMAInterruptHandler
                0x08008e04       0xd4 stm_lpuart.c.o
                0x08008e04                LPUART_RXDMAInterruptHandler
 .text.LPUART_IsActiveFlagError
                0x08008ed8       0xf4 stm_lpuart.c.o
                0x08008ed8                LPUART_IsActiveFlagError
 .text.LPUART1_IRQHandler
                0x08008fcc       0x14 stm_lpuart.c.o
                0x08008fcc                LPUART1_IRQHandler
 .text.DMA1_Channel1_IRQHandler
                0x08008fe0       0x20 stm_lpuart.c.o
                0x08008fe0                DMA1_Channel1_IRQHandler
 .text.LPUART_ConfigureReceiveDMA
                0x08009000       0xae stm_lpuart.c.o
                0x08009000                LPUART_ConfigureReceiveDMA
 .text.LPUART_ConfigureTransmitDMA
                0x080090ae       0x7a stm_lpuart.c.o
                0x080090ae                LPUART_ConfigureTransmitDMA
 .text.MW_LPUART_GetReadErrorStatus
                0x08009128       0xc8 stm_lpuart.c.o
                0x08009128                MW_LPUART_GetReadErrorStatus
 .text.MW_LPUART_Initialize
                0x080091f0      0x184 stm_lpuart.c.o
                0x080091f0                MW_LPUART_Initialize
 .text.MW_LPUART_ReceiveUsingBuffer
                0x08009374       0x5c stm_lpuart.c.o
                0x08009374                MW_LPUART_ReceiveUsingBuffer
 .text.MW_LPUART_TransmitUsingPolling
                0x080093d0      0x184 stm_lpuart.c.o
                0x080093d0                MW_LPUART_TransmitUsingPolling
 .text.MW_LPUART_DeInit
                0x08009554       0xaa stm_lpuart.c.o
                0x08009554                MW_LPUART_DeInit
 .text.sys_arch_protect_arm
                0x080095fe       0x22 sys_arch_arm.c.o
                0x080095fe                sys_arch_protect_arm
 .text.sys_arch_unprotect_arm
                0x08009620       0x20 sys_arch_arm.c.o
                0x08009620                sys_arch_unprotect_arm
 .text.__NVIC_SetPriority
                0x08009640       0x54 SysTickScheduler.c.o
 .text.SysTick_Config
                0x08009694       0x44 SysTickScheduler.c.o
 .text.SysTick_Isr
                0x080096d8       0x48 SysTickScheduler.c.o
 .text.SysTick_Handler
                0x08009720       0x20 SysTickScheduler.c.o
                0x08009720                SysTick_Handler
 .text.ARMCM_SysTick_Config
                0x08009740       0xb0 SysTickScheduler.c.o
                0x08009740                ARMCM_SysTick_Config
 .text.PendSV_Handler
                0x080097f0       0x44 m3m4m4f_multitasking.c.o
                0x080097f0                PendSV_Handler
 .text.SVC_Handler
                0x08009834       0x58 m3m4m4f_multitasking.c.o
                0x08009834                SVC_Handler
 .text.LL_TIM_GetCounterMode
                0x0800988c       0x30 stm_timer_ll.c.o
 .text.LL_TIM_GetRepetitionCounter
                0x080098bc       0x18 stm_timer_ll.c.o
 .text.LL_TIM_CC_EnableChannel
                0x080098d4       0x22 stm_timer_ll.c.o
 .text.LL_TIM_CC_DisableChannel
                0x080098f6       0x24 stm_timer_ll.c.o
 .text.LL_TIM_IC_GetCaptureCH1
                0x0800991a       0x18 stm_timer_ll.c.o
 .text.LL_TIM_EnableAllOutputs
                0x08009932       0x20 stm_timer_ll.c.o
 .text.LL_TIM_ClearFlag_CC1
                0x08009952       0x1c stm_timer_ll.c.o
 .text.LL_TIM_IsActiveFlag_CC1
                0x0800996e       0x26 stm_timer_ll.c.o
 .text.LL_TIM_ClearFlag_CC1OVR
                0x08009994       0x1c stm_timer_ll.c.o
 .text.LL_TIM_IsActiveFlag_CC1OVR
                0x080099b0       0x28 stm_timer_ll.c.o
 .text.LL_TIM_EnableIT_UPDATE
                0x080099d8       0x20 stm_timer_ll.c.o
 .text.LL_TIM_DisableIT_UPDATE
                0x080099f8       0x20 stm_timer_ll.c.o
 .text.LL_TIM_IsEnabledIT_UPDATE
                0x08009a18       0x26 stm_timer_ll.c.o
 .text.LL_TIM_EnableIT_CC1
                0x08009a3e       0x20 stm_timer_ll.c.o
 .text.LL_TIM_DisableIT_CC1
                0x08009a5e       0x20 stm_timer_ll.c.o
 .text.LL_TIM_IsEnabledIT_CC1
                0x08009a7e       0x26 stm_timer_ll.c.o
 .text.LL_TIM_EnableIT_CC2
                0x08009aa4       0x20 stm_timer_ll.c.o
 .text.LL_TIM_DisableIT_CC2
                0x08009ac4       0x20 stm_timer_ll.c.o
 .text.LL_TIM_IsEnabledIT_CC2
                0x08009ae4       0x26 stm_timer_ll.c.o
 .text.LL_TIM_EnableIT_CC3
                0x08009b0a       0x20 stm_timer_ll.c.o
 .text.LL_TIM_DisableIT_CC3
                0x08009b2a       0x20 stm_timer_ll.c.o
 .text.LL_TIM_IsEnabledIT_CC3
                0x08009b4a       0x26 stm_timer_ll.c.o
 .text.LL_TIM_EnableIT_CC4
                0x08009b70       0x20 stm_timer_ll.c.o
 .text.LL_TIM_DisableIT_CC4
                0x08009b90       0x20 stm_timer_ll.c.o
 .text.LL_TIM_IsEnabledIT_CC4
                0x08009bb0       0x26 stm_timer_ll.c.o
 .text.LL_TIM_EnableIT_COM
                0x08009bd6       0x20 stm_timer_ll.c.o
 .text.LL_TIM_DisableIT_COM
                0x08009bf6       0x20 stm_timer_ll.c.o
 .text.LL_TIM_IsEnabledIT_COM
                0x08009c16       0x26 stm_timer_ll.c.o
 .text.LL_TIM_EnableIT_TRIG
                0x08009c3c       0x20 stm_timer_ll.c.o
 .text.LL_TIM_DisableIT_TRIG
                0x08009c5c       0x20 stm_timer_ll.c.o
 .text.LL_TIM_IsEnabledIT_TRIG
                0x08009c7c       0x26 stm_timer_ll.c.o
 .text.LL_TIM_EnableIT_BRK
                0x08009ca2       0x20 stm_timer_ll.c.o
 .text.LL_TIM_DisableIT_BRK
                0x08009cc2       0x20 stm_timer_ll.c.o
 .text.LL_TIM_IsEnabledIT_BRK
                0x08009ce2       0x26 stm_timer_ll.c.o
 .text.LL_TIM_EnableIT_TERR
                0x08009d08       0x20 stm_timer_ll.c.o
 .text.LL_TIM_DisableIT_TERR
                0x08009d28       0x20 stm_timer_ll.c.o
 .text.LL_TIM_IsEnabledIT_TERR
                0x08009d48       0x28 stm_timer_ll.c.o
 .text.LL_TIM_EnableIT_IERR
                0x08009d70       0x20 stm_timer_ll.c.o
 .text.LL_TIM_DisableIT_IERR
                0x08009d90       0x20 stm_timer_ll.c.o
 .text.LL_TIM_IsEnabledIT_IERR
                0x08009db0       0x28 stm_timer_ll.c.o
 .text.LL_TIM_EnableIT_DIR
                0x08009dd8       0x20 stm_timer_ll.c.o
 .text.LL_TIM_DisableIT_DIR
                0x08009df8       0x20 stm_timer_ll.c.o
 .text.LL_TIM_IsEnabledIT_DIR
                0x08009e18       0x28 stm_timer_ll.c.o
 .text.LL_TIM_EnableIT_IDX
                0x08009e40       0x20 stm_timer_ll.c.o
 .text.LL_TIM_DisableIT_IDX
                0x08009e60       0x20 stm_timer_ll.c.o
 .text.LL_TIM_IsEnabledIT_IDX
                0x08009e80       0x28 stm_timer_ll.c.o
 .text.TIM_IsActiveFlag_CC1
                0x08009ea8       0x38 stm_timer_ll.c.o
                0x08009ea8                TIM_IsActiveFlag_CC1
 .text.enableTimerInterrupts
                0x08009ee0      0x1c4 stm_timer_ll.c.o
                0x08009ee0                enableTimerInterrupts
 .text.disableTimerInterrupts
                0x0800a0a4      0x1c4 stm_timer_ll.c.o
                0x0800a0a4                disableTimerInterrupts
 .text.enableTimerChannel1
                0x0800a268       0xb0 stm_timer_ll.c.o
                0x0800a268                enableTimerChannel1
 .text.disableTimerChannel1
                0x0800a318       0xb0 stm_timer_ll.c.o
                0x0800a318                disableTimerChannel1
 .text.Timer_Handle_Init
                0x0800a3c8      0x110 stm_timer_ll.c.o
                0x0800a3c8                Timer_Handle_Init
 .text.getCCR1RegisterValuePollingMode
                0x0800a4d8       0xa0 stm_timer_ll.c.o
                0x0800a4d8                getCCR1RegisterValuePollingMode
 .text.__NVIC_GetPriorityGrouping
                0x0800a578       0x1c main.c.o
 .text.__NVIC_EnableIRQ
                0x0800a594       0x3c main.c.o
 .text.__NVIC_SetPriority
                0x0800a5d0       0x54 main.c.o
 .text.NVIC_EncodePriority
                0x0800a624       0x66 main.c.o
 *fill*         0x0800a68a        0x2 
 .text.LL_DMA_SetDataTransferDirection
                0x0800a68c       0x50 main.c.o
 .text.LL_DMA_SetMode
                0x0800a6dc       0x4c main.c.o
 .text.LL_DMA_SetPeriphIncMode
                0x0800a728       0x4c main.c.o
 .text.LL_DMA_SetMemoryIncMode
                0x0800a774       0x4c main.c.o
 .text.LL_DMA_SetPeriphSize
                0x0800a7c0       0x4c main.c.o
 .text.LL_DMA_SetMemorySize
                0x0800a80c       0x4c main.c.o
 .text.LL_DMA_SetChannelPriorityLevel
                0x0800a858       0x4c main.c.o
 .text.LL_DMA_SetPeriphRequest
                0x0800a8a4       0x54 main.c.o
 .text.LL_LPUART_Enable
                0x0800a8f8       0x20 main.c.o
 .text.LL_LPUART_DisableFIFO
                0x0800a918       0x20 main.c.o
 .text.LL_LPUART_SetTXFIFOThreshold
                0x0800a938       0x4e main.c.o
 .text.LL_LPUART_SetRXFIFOThreshold
                0x0800a986       0x4e main.c.o
 .text.LL_LPUART_IsActiveFlag_TEACK
                0x0800a9d4       0x28 main.c.o
 .text.LL_LPUART_IsActiveFlag_REACK
                0x0800a9fc       0x28 main.c.o
 .text.LL_TIM_DisableARRPreload
                0x0800aa24       0x20 main.c.o
 .text.LL_TIM_IC_SetActiveInput
                0x0800aa44       0xc0 main.c.o
 .text.LL_TIM_IC_SetPrescaler
                0x0800ab04       0xc0 main.c.o
 .text.LL_TIM_IC_SetFilter
                0x0800abc4       0xc0 main.c.o
 .text.LL_TIM_IC_SetPolarity
                0x0800ac84       0xac main.c.o
 .text.LL_TIM_SetClockSource
                0x0800ad30       0x2a main.c.o
 .text.LL_TIM_SetTriggerOutput
                0x0800ad5a       0x2a main.c.o
 .text.LL_TIM_DisableMasterSlaveMode
                0x0800ad84       0x20 main.c.o
 .text.LL_SYSCFG_SetEXTISource
                0x0800ada4       0x70 main.c.o
 .text.LL_GPIO_SetPinMode
                0x0800ae14       0x7a main.c.o
 .text.LL_GPIO_SetPinPull
                0x0800ae8e       0x7a main.c.o
 .text.LL_GPIO_ResetOutputPin
                0x0800af08       0x1c main.c.o
 .text.LL_AHB1_GRP1_EnableClock
                0x0800af24       0x30 main.c.o
 .text.LL_AHB2_GRP1_EnableClock
                0x0800af54       0x30 main.c.o
 .text.LL_APB1_GRP1_EnableClock
                0x0800af84       0x30 main.c.o
 .text.LL_APB1_GRP2_EnableClock
                0x0800afb4       0x30 main.c.o
 .text.SystemClock_Config
                0x0800afe4       0x96 main.c.o
                0x0800afe4                SystemClock_Config
 *fill*         0x0800b07a        0x2 
 .text.MX_LPUART1_UART_Init
                0x0800b07c      0x170 main.c.o
                0x0800b07c                MX_LPUART1_UART_Init
 .text.MX_TIM2_Init
                0x0800b1ec       0xd4 main.c.o
                0x0800b1ec                MX_TIM2_Init
 .text.MX_DMA_Init
                0x0800b2c0       0x34 main.c.o
                0x0800b2c0                MX_DMA_Init
 .text.MX_GPIO_Init
                0x0800b2f4      0x100 main.c.o
                0x0800b2f4                MX_GPIO_Init
 .text.HAL_TIM_PeriodElapsedCallback
                0x0800b3f4       0x24 main.c.o
                0x0800b3f4                HAL_TIM_PeriodElapsedCallback
 .text.Error_Handler
                0x0800b418        0xc main.c.o
                0x0800b418                Error_Handler
 .text.HAL_MspInit
                0x0800b424       0x48 stm32g4xx_hal_msp.c.o
                0x0800b424                HAL_MspInit
 .text.HAL_InitTick
                0x0800b46c       0xd8 stm32g4xx_hal_timebase_tim.c.o
                0x0800b46c                HAL_InitTick
 .text.LL_EXTI_IsActiveFlag_0_31
                0x0800b544       0x2c stm32g4xx_it.c.o
 .text.LL_EXTI_ClearFlag_0_31
                0x0800b570       0x20 stm32g4xx_it.c.o
 .text.NMI_Handler
                0x0800b590        0x8 stm32g4xx_it.c.o
                0x0800b590                NMI_Handler
 .text.HardFault_Handler
                0x0800b598        0x8 stm32g4xx_it.c.o
                0x0800b598                HardFault_Handler
 .text.MemManage_Handler
                0x0800b5a0        0x8 stm32g4xx_it.c.o
                0x0800b5a0                MemManage_Handler
 .text.BusFault_Handler
                0x0800b5a8        0x8 stm32g4xx_it.c.o
                0x0800b5a8                BusFault_Handler
 .text.UsageFault_Handler
                0x0800b5b0        0x8 stm32g4xx_it.c.o
                0x0800b5b0                UsageFault_Handler
 .text.DebugMon_Handler
                0x0800b5b8        0xe stm32g4xx_it.c.o
                0x0800b5b8                DebugMon_Handler
 *fill*         0x0800b5c6        0x2 
 .text.TIM1_UP_TIM16_IRQHandler
                0x0800b5c8       0x14 stm32g4xx_it.c.o
                0x0800b5c8                TIM1_UP_TIM16_IRQHandler
 .text.EXTI15_10_IRQHandler
                0x0800b5dc       0x1e stm32g4xx_it.c.o
                0x0800b5dc                EXTI15_10_IRQHandler
 *fill*         0x0800b5fa        0x2 
 .text.SystemInit
                0x0800b5fc       0x24 system_stm32g4xx.c.o
                0x0800b5fc                SystemInit
 .text.HAL_Init
                0x0800b620       0x30 stm32g4xx_hal.c.o
                0x0800b620                HAL_Init
 .text.HAL_IncTick
                0x0800b650       0x24 stm32g4xx_hal.c.o
                0x0800b650                HAL_IncTick
 .text.HAL_GetTick
                0x0800b674       0x18 stm32g4xx_hal.c.o
                0x0800b674                HAL_GetTick
 .text.__NVIC_SetPriorityGrouping
                0x0800b68c       0x48 stm32g4xx_hal_cortex.c.o
 .text.__NVIC_GetPriorityGrouping
                0x0800b6d4       0x1c stm32g4xx_hal_cortex.c.o
 .text.__NVIC_EnableIRQ
                0x0800b6f0       0x3c stm32g4xx_hal_cortex.c.o
 .text.__NVIC_SetPriority
                0x0800b72c       0x54 stm32g4xx_hal_cortex.c.o
 .text.NVIC_EncodePriority
                0x0800b780       0x66 stm32g4xx_hal_cortex.c.o
 .text.HAL_NVIC_SetPriorityGrouping
                0x0800b7e6       0x16 stm32g4xx_hal_cortex.c.o
                0x0800b7e6                HAL_NVIC_SetPriorityGrouping
 .text.HAL_NVIC_SetPriority
                0x0800b7fc       0x34 stm32g4xx_hal_cortex.c.o
                0x0800b7fc                HAL_NVIC_SetPriority
 .text.HAL_NVIC_EnableIRQ
                0x0800b830       0x1c stm32g4xx_hal_cortex.c.o
                0x0800b830                HAL_NVIC_EnableIRQ
 .text.HAL_GPIO_ReadPin
                0x0800b84c       0x30 stm32g4xx_hal_gpio.c.o
                0x0800b84c                HAL_GPIO_ReadPin
 .text.HAL_GPIO_WritePin
                0x0800b87c       0x30 stm32g4xx_hal_gpio.c.o
                0x0800b87c                HAL_GPIO_WritePin
 .text.HAL_PWREx_ControlVoltageScaling
                0x0800b8ac      0x148 stm32g4xx_hal_pwr_ex.c.o
                0x0800b8ac                HAL_PWREx_ControlVoltageScaling
 .text.HAL_PWREx_DisableUCPDDeadBattery
                0x0800b9f4       0x20 stm32g4xx_hal_pwr_ex.c.o
                0x0800b9f4                HAL_PWREx_DisableUCPDDeadBattery
 .text.HAL_RCC_OscConfig
                0x0800ba14      0x624 stm32g4xx_hal_rcc.c.o
                0x0800ba14                HAL_RCC_OscConfig
 .text.HAL_RCC_ClockConfig
                0x0800c038      0x278 stm32g4xx_hal_rcc.c.o
                0x0800c038                HAL_RCC_ClockConfig
 .text.HAL_RCC_GetSysClockFreq
                0x0800c2b0       0xc4 stm32g4xx_hal_rcc.c.o
                0x0800c2b0                HAL_RCC_GetSysClockFreq
 .text.HAL_RCC_GetHCLKFreq
                0x0800c374       0x18 stm32g4xx_hal_rcc.c.o
                0x0800c374                HAL_RCC_GetHCLKFreq
 .text.HAL_RCC_GetPCLK2Freq
                0x0800c38c       0x2c stm32g4xx_hal_rcc.c.o
                0x0800c38c                HAL_RCC_GetPCLK2Freq
 .text.HAL_RCC_GetClockConfig
                0x0800c3b8       0x64 stm32g4xx_hal_rcc.c.o
                0x0800c3b8                HAL_RCC_GetClockConfig
 .text.RCC_GetSysClockFreqFromPLLSource
                0x0800c41c       0x8c stm32g4xx_hal_rcc.c.o
 .text.HAL_RCCEx_PeriphCLKConfig
                0x0800c4a8      0x49c stm32g4xx_hal_rcc_ex.c.o
                0x0800c4a8                HAL_RCCEx_PeriphCLKConfig
 .text.HAL_TIM_Base_Init
                0x0800c944       0xae stm32g4xx_hal_tim.c.o
                0x0800c944                HAL_TIM_Base_Init
 .text.HAL_TIM_Base_MspInit
                0x0800c9f2       0x14 stm32g4xx_hal_tim.c.o
                0x0800c9f2                HAL_TIM_Base_MspInit
 *fill*         0x0800ca06        0x2 
 .text.HAL_TIM_Base_Start
                0x0800ca08       0xe0 stm32g4xx_hal_tim.c.o
                0x0800ca08                HAL_TIM_Base_Start
 .text.HAL_TIM_Base_Start_IT
                0x0800cae8       0xf0 stm32g4xx_hal_tim.c.o
                0x0800cae8                HAL_TIM_Base_Start_IT
 .text.HAL_TIM_IRQHandler
                0x0800cbd8      0x29e stm32g4xx_hal_tim.c.o
                0x0800cbd8                HAL_TIM_IRQHandler
 .text.HAL_TIM_OC_DelayElapsedCallback
                0x0800ce76       0x14 stm32g4xx_hal_tim.c.o
                0x0800ce76                HAL_TIM_OC_DelayElapsedCallback
 .text.HAL_TIM_IC_CaptureCallback
                0x0800ce8a       0x14 stm32g4xx_hal_tim.c.o
                0x0800ce8a                HAL_TIM_IC_CaptureCallback
 .text.HAL_TIM_PWM_PulseFinishedCallback
                0x0800ce9e       0x14 stm32g4xx_hal_tim.c.o
                0x0800ce9e                HAL_TIM_PWM_PulseFinishedCallback
 .text.HAL_TIM_TriggerCallback
                0x0800ceb2       0x14 stm32g4xx_hal_tim.c.o
                0x0800ceb2                HAL_TIM_TriggerCallback
 *fill*         0x0800cec6        0x2 
 .text.TIM_Base_SetConfig
                0x0800cec8      0x168 stm32g4xx_hal_tim.c.o
                0x0800cec8                TIM_Base_SetConfig
 .text.HAL_TIMEx_CommutCallback
                0x0800d030       0x14 stm32g4xx_hal_tim_ex.c.o
                0x0800d030                HAL_TIMEx_CommutCallback
 .text.HAL_TIMEx_BreakCallback
                0x0800d044       0x14 stm32g4xx_hal_tim_ex.c.o
                0x0800d044                HAL_TIMEx_BreakCallback
 .text.HAL_TIMEx_Break2Callback
                0x0800d058       0x14 stm32g4xx_hal_tim_ex.c.o
                0x0800d058                HAL_TIMEx_Break2Callback
 .text.HAL_TIMEx_EncoderIndexCallback
                0x0800d06c       0x14 stm32g4xx_hal_tim_ex.c.o
                0x0800d06c                HAL_TIMEx_EncoderIndexCallback
 .text.HAL_TIMEx_DirectionChangeCallback
                0x0800d080       0x14 stm32g4xx_hal_tim_ex.c.o
                0x0800d080                HAL_TIMEx_DirectionChangeCallback
 .text.HAL_TIMEx_IndexErrorCallback
                0x0800d094       0x14 stm32g4xx_hal_tim_ex.c.o
                0x0800d094                HAL_TIMEx_IndexErrorCallback
 .text.HAL_TIMEx_TransitionErrorCallback
                0x0800d0a8       0x14 stm32g4xx_hal_tim_ex.c.o
                0x0800d0a8                HAL_TIMEx_TransitionErrorCallback
 .text.LL_EXTI_EnableIT_0_31
                0x0800d0bc       0x24 stm32g4xx_ll_exti.c.o
 .text.LL_EXTI_EnableIT_32_63
                0x0800d0e0       0x24 stm32g4xx_ll_exti.c.o
 .text.LL_EXTI_DisableIT_0_31
                0x0800d104       0x28 stm32g4xx_ll_exti.c.o
 .text.LL_EXTI_DisableIT_32_63
                0x0800d12c       0x28 stm32g4xx_ll_exti.c.o
 .text.LL_EXTI_EnableEvent_0_31
                0x0800d154       0x24 stm32g4xx_ll_exti.c.o
 .text.LL_EXTI_EnableEvent_32_63
                0x0800d178       0x24 stm32g4xx_ll_exti.c.o
 .text.LL_EXTI_DisableEvent_0_31
                0x0800d19c       0x28 stm32g4xx_ll_exti.c.o
 .text.LL_EXTI_DisableEvent_32_63
                0x0800d1c4       0x28 stm32g4xx_ll_exti.c.o
 .text.LL_EXTI_EnableRisingTrig_0_31
                0x0800d1ec       0x24 stm32g4xx_ll_exti.c.o
 .text.LL_EXTI_EnableRisingTrig_32_63
                0x0800d210       0x24 stm32g4xx_ll_exti.c.o
 .text.LL_EXTI_DisableRisingTrig_0_31
                0x0800d234       0x28 stm32g4xx_ll_exti.c.o
 .text.LL_EXTI_DisableRisingTrig_32_63
                0x0800d25c       0x28 stm32g4xx_ll_exti.c.o
 .text.LL_EXTI_EnableFallingTrig_0_31
                0x0800d284       0x24 stm32g4xx_ll_exti.c.o
 .text.LL_EXTI_EnableFallingTrig_32_63
                0x0800d2a8       0x24 stm32g4xx_ll_exti.c.o
 .text.LL_EXTI_DisableFallingTrig_0_31
                0x0800d2cc       0x28 stm32g4xx_ll_exti.c.o
 .text.LL_EXTI_DisableFallingTrig_32_63
                0x0800d2f4       0x28 stm32g4xx_ll_exti.c.o
 .text.LL_EXTI_Init
                0x0800d31c      0x1ec stm32g4xx_ll_exti.c.o
                0x0800d31c                LL_EXTI_Init
 .text.LL_GPIO_SetPinMode
                0x0800d508       0x7a stm32g4xx_ll_gpio.c.o
 .text.LL_GPIO_SetPinOutputType
                0x0800d582       0x30 stm32g4xx_ll_gpio.c.o
 .text.LL_GPIO_SetPinSpeed
                0x0800d5b2       0x7a stm32g4xx_ll_gpio.c.o
 .text.LL_GPIO_SetPinPull
                0x0800d62c       0x7a stm32g4xx_ll_gpio.c.o
 .text.LL_GPIO_SetAFPin_0_7
                0x0800d6a6       0x7a stm32g4xx_ll_gpio.c.o
 .text.LL_GPIO_SetAFPin_8_15
                0x0800d720       0x7e stm32g4xx_ll_gpio.c.o
 .text.LL_GPIO_Init
                0x0800d79e       0xdc stm32g4xx_ll_gpio.c.o
                0x0800d79e                LL_GPIO_Init
 .text.LL_LPUART_IsEnabled
                0x0800d87a       0x26 stm32g4xx_ll_lpuart.c.o
 .text.LL_LPUART_SetPrescaler
                0x0800d8a0       0x28 stm32g4xx_ll_lpuart.c.o
 .text.LL_LPUART_SetStopBitsLength
                0x0800d8c8       0x26 stm32g4xx_ll_lpuart.c.o
 .text.LL_LPUART_SetHWFlowCtrl
                0x0800d8ee       0x26 stm32g4xx_ll_lpuart.c.o
 .text.LL_LPUART_SetBaudRate
                0x0800d914       0x98 stm32g4xx_ll_lpuart.c.o
 .text.LL_LPUART_Init
                0x0800d9ac       0x98 stm32g4xx_ll_lpuart.c.o
                0x0800d9ac                LL_LPUART_Init
 .text.LL_RCC_HSI_IsReady
                0x0800da44       0x28 stm32g4xx_ll_rcc.c.o
 .text.LL_RCC_LSE_IsReady
                0x0800da6c       0x28 stm32g4xx_ll_rcc.c.o
 .text.LL_RCC_GetSysClkSource
                0x0800da94       0x1c stm32g4xx_ll_rcc.c.o
 .text.LL_RCC_GetAHBPrescaler
                0x0800dab0       0x1c stm32g4xx_ll_rcc.c.o
 .text.LL_RCC_GetAPB1Prescaler
                0x0800dacc       0x1c stm32g4xx_ll_rcc.c.o
 .text.LL_RCC_GetLPUARTClockSource
                0x0800dae8       0x24 stm32g4xx_ll_rcc.c.o
 .text.LL_RCC_PLL_GetMainSource
                0x0800db0c       0x1c stm32g4xx_ll_rcc.c.o
 .text.LL_RCC_PLL_GetN
                0x0800db28       0x1c stm32g4xx_ll_rcc.c.o
 .text.LL_RCC_PLL_GetR
                0x0800db44       0x1c stm32g4xx_ll_rcc.c.o
 .text.LL_RCC_PLL_GetDivider
                0x0800db60       0x1c stm32g4xx_ll_rcc.c.o
 .text.LL_RCC_GetLPUARTClockFreq
                0x0800db7c       0x84 stm32g4xx_ll_rcc.c.o
                0x0800db7c                LL_RCC_GetLPUARTClockFreq
 .text.RCC_GetSystemClockFreq
                0x0800dc00       0x4c stm32g4xx_ll_rcc.c.o
 .text.RCC_GetHCLKClockFreq
                0x0800dc4c       0x30 stm32g4xx_ll_rcc.c.o
 .text.RCC_GetPCLK1ClockFreq
                0x0800dc7c       0x2c stm32g4xx_ll_rcc.c.o
 .text.RCC_PLL_GetFreqDomain_SYS
                0x0800dca8       0x68 stm32g4xx_ll_rcc.c.o
 .text.LL_TIM_SetPrescaler
                0x0800dd10       0x1c stm32g4xx_ll_tim.c.o
 .text.LL_TIM_SetAutoReload
                0x0800dd2c       0x1c stm32g4xx_ll_tim.c.o
 .text.LL_TIM_SetRepetitionCounter
                0x0800dd48       0x1c stm32g4xx_ll_tim.c.o
 .text.LL_TIM_GenerateEvent_UPDATE
                0x0800dd64       0x20 stm32g4xx_ll_tim.c.o
 .text.LL_TIM_Init
                0x0800dd84      0x144 stm32g4xx_ll_tim.c.o
                0x0800dd84                LL_TIM_Init
 .text.Reset_Handler
                0x0800dec8       0x50 startup_stm32g474retx.s.o
                0x0800dec8                Reset_Handler
 .text.Default_Handler
                0x0800df18        0x2 startup_stm32g474retx.s.o
                0x0800df18                RTC_Alarm_IRQHandler
                0x0800df18                EXTI2_IRQHandler
                0x0800df18                TIM8_TRG_COM_IRQHandler
                0x0800df18                TIM8_CC_IRQHandler
                0x0800df18                HRTIM1_Master_IRQHandler
                0x0800df18                SPI4_IRQHandler
                0x0800df18                FDCAN3_IT0_IRQHandler
                0x0800df18                TIM1_CC_IRQHandler
                0x0800df18                HRTIM1_FLT_IRQHandler
                0x0800df18                HRTIM1_TIMF_IRQHandler
                0x0800df18                USB_HP_IRQHandler
                0x0800df18                CORDIC_IRQHandler
                0x0800df18                HRTIM1_TIMD_IRQHandler
                0x0800df18                DMA2_Channel8_IRQHandler
                0x0800df18                EXTI3_IRQHandler
                0x0800df18                I2C3_ER_IRQHandler
                0x0800df18                EXTI0_IRQHandler
                0x0800df18                I2C2_EV_IRQHandler
                0x0800df18                FPU_IRQHandler
                0x0800df18                FDCAN1_IT1_IRQHandler
                0x0800df18                ADC1_2_IRQHandler
                0x0800df18                HRTIM1_TIME_IRQHandler
                0x0800df18                SPI1_IRQHandler
                0x0800df18                TIM6_DAC_IRQHandler
                0x0800df18                HRTIM1_TIMC_IRQHandler
                0x0800df18                TIM8_UP_IRQHandler
                0x0800df18                DMA2_Channel2_IRQHandler
                0x0800df18                DMA1_Channel4_IRQHandler
                0x0800df18                TIM20_TRG_COM_IRQHandler
                0x0800df18                USART3_IRQHandler
                0x0800df18                DMA1_Channel7_IRQHandler
                0x0800df18                UART5_IRQHandler
                0x0800df18                ADC3_IRQHandler
                0x0800df18                TIM4_IRQHandler
                0x0800df18                DMA2_Channel1_IRQHandler
                0x0800df18                QUADSPI_IRQHandler
                0x0800df18                I2C1_EV_IRQHandler
                0x0800df18                DMA1_Channel6_IRQHandler
                0x0800df18                UART4_IRQHandler
                0x0800df18                DMA2_Channel4_IRQHandler
                0x0800df18                TIM3_IRQHandler
                0x0800df18                RCC_IRQHandler
                0x0800df18                TIM20_UP_IRQHandler
                0x0800df18                Default_Handler
                0x0800df18                DMA2_Channel7_IRQHandler
                0x0800df18                RTC_TAMP_LSECSS_IRQHandler
                0x0800df18                FMAC_IRQHandler
                0x0800df18                DMA1_Channel8_IRQHandler
                0x0800df18                HRTIM1_TIMA_IRQHandler
                0x0800df18                TIM7_DAC_IRQHandler
                0x0800df18                FDCAN3_IT1_IRQHandler
                0x0800df18                TIM5_IRQHandler
                0x0800df18                UCPD1_IRQHandler
                0x0800df18                I2C3_EV_IRQHandler
                0x0800df18                EXTI9_5_IRQHandler
                0x0800df18                RTC_WKUP_IRQHandler
                0x0800df18                PVD_PVM_IRQHandler
                0x0800df18                SPI2_IRQHandler
                0x0800df18                ADC5_IRQHandler
                0x0800df18                DMA2_Channel5_IRQHandler
                0x0800df18                CRS_IRQHandler
                0x0800df18                DMA1_Channel5_IRQHandler
                0x0800df18                USB_LP_IRQHandler
                0x0800df18                EXTI4_IRQHandler
                0x0800df18                RNG_IRQHandler
                0x0800df18                HRTIM1_TIMB_IRQHandler
                0x0800df18                TIM1_TRG_COM_TIM17_IRQHandler
                0x0800df18                FDCAN2_IT1_IRQHandler
                0x0800df18                DMA1_Channel3_IRQHandler
                0x0800df18                ADC4_IRQHandler
                0x0800df18                WWDG_IRQHandler
                0x0800df18                I2C4_EV_IRQHandler
                0x0800df18                FDCAN2_IT0_IRQHandler
                0x0800df18                DMA2_Channel6_IRQHandler
                0x0800df18                FDCAN1_IT0_IRQHandler
                0x0800df18                TIM2_IRQHandler
                0x0800df18                COMP7_IRQHandler
                0x0800df18                COMP1_2_3_IRQHandler
                0x0800df18                EXTI1_IRQHandler
                0x0800df18                USART2_IRQHandler
                0x0800df18                COMP4_5_6_IRQHandler
                0x0800df18                TIM20_BRK_IRQHandler
                0x0800df18                I2C2_ER_IRQHandler
                0x0800df18                DMA1_Channel2_IRQHandler
                0x0800df18                TIM8_BRK_IRQHandler
                0x0800df18                FLASH_IRQHandler
                0x0800df18                TIM20_CC_IRQHandler
                0x0800df18                USART1_IRQHandler
                0x0800df18                SPI3_IRQHandler
                0x0800df18                I2C1_ER_IRQHandler
                0x0800df18                FMC_IRQHandler
                0x0800df18                LPTIM1_IRQHandler
                0x0800df18                DMAMUX_OVR_IRQHandler
                0x0800df18                I2C4_ER_IRQHandler
                0x0800df18                USBWakeUp_IRQHandler
                0x0800df18                SAI1_IRQHandler
                0x0800df18                DMA2_Channel3_IRQHandler
                0x0800df18                TIM1_BRK_TIM15_IRQHandler
 *fill*         0x0800df1a        0x2 
 .text.__udivmoddi4
                0x0800df1c      0x2bc C:/ProgramData/MATLAB/R2026a/stm32b/3P.instrset/gnuarm-stm32.instrset/win/bin/../lib/gcc/arm-none-eabi/13.2.1/thumb/v7e-m+fp/hard\libgcc.a(_udivmoddi4.o)
                0x0800df1c                __udivmoddi4
 .text.memset   0x0800e1d8       0x10 C:/ProgramData/MATLAB/R2026a/stm32b/3P.instrset/gnuarm-stm32.instrset/win/bin/../lib/gcc/arm-none-eabi/13.2.1/thumb/v7e-m+fp/hard\libg_nano.a(libc_a-memset.o)
                0x0800e1d8                memset
 .text.__libc_init_array
                0x0800e1e8       0x48 C:/ProgramData/MATLAB/R2026a/stm32b/3P.instrset/gnuarm-stm32.instrset/win/bin/../lib/gcc/arm-none-eabi/13.2.1/thumb/v7e-m+fp/hard\libg_nano.a(libc_a-init.o)
                0x0800e1e8                __libc_init_array
 .text.memcpy   0x0800e230       0x1c C:/ProgramData/MATLAB/R2026a/stm32b/3P.instrset/gnuarm-stm32.instrset/win/bin/../lib/gcc/arm-none-eabi/13.2.1/thumb/v7e-m+fp/hard\libg_nano.a(libc_a-memcpy-stub.o)
                0x0800e230                memcpy
 *(.glue_7)
 .glue_7        0x0800e24c        0x0 linker stubs
 *(.glue_7t)
 .glue_7t       0x0800e24c        0x0 linker stubs
 *(.eh_frame)
 .eh_frame      0x0800e24c        0x0 C:/ProgramData/MATLAB/R2026a/stm32b/3P.instrset/gnuarm-stm32.instrset/win/bin/../lib/gcc/arm-none-eabi/13.2.1/thumb/v7e-m+fp/hard/crtbegin.o
 *(.init)
 .init          0x0800e24c        0x4 C:/ProgramData/MATLAB/R2026a/stm32b/3P.instrset/gnuarm-stm32.instrset/win/bin/../lib/gcc/arm-none-eabi/13.2.1/thumb/v7e-m+fp/hard/crti.o
                0x0800e24c                _init
 .init          0x0800e250        0x8 C:/ProgramData/MATLAB/R2026a/stm32b/3P.instrset/gnuarm-stm32.instrset/win/bin/../lib/gcc/arm-none-eabi/13.2.1/thumb/v7e-m+fp/hard/crtn.o
 *(.fini)
 .fini          0x0800e258        0x4 C:/ProgramData/MATLAB/R2026a/stm32b/3P.instrset/gnuarm-stm32.instrset/win/bin/../lib/gcc/arm-none-eabi/13.2.1/thumb/v7e-m+fp/hard/crti.o
                0x0800e258                _fini
 .fini          0x0800e25c        0x8 C:/ProgramData/MATLAB/R2026a/stm32b/3P.instrset/gnuarm-stm32.instrset/win/bin/../lib/gcc/arm-none-eabi/13.2.1/thumb/v7e-m+fp/hard/crtn.o
                0x0800e264                        . = ALIGN (0x4)
                0x0800e264                        _etext = .

.vfp11_veneer   0x0800e264        0x0
 .vfp11_veneer  0x0800e264        0x0 linker stubs

.v4_bx          0x0800e264        0x0
 .v4_bx         0x0800e264        0x0 linker stubs

.iplt           0x0800e264        0x0
 .iplt          0x0800e264        0x0 C:/ProgramData/MATLAB/R2026a/stm32b/3P.instrset/gnuarm-stm32.instrset/win/bin/../lib/gcc/arm-none-eabi/13.2.1/thumb/v7e-m+fp/hard/crtbegin.o

.rodata         0x0800e264     0x2988
                0x0800e264                        . = ALIGN (0x4)
 *(.rodata)
 .rodata        0x0800e264      0x23d xcp_ext_mode.c.o
 *fill*         0x0800e4a1        0x3 
 .rodata        0x0800e4a4      0x12e xcp_ext_common.c.o
 *fill*         0x0800e5d2        0x2 
 .rodata        0x0800e5d4       0x4c xcp_ext_classic_trigger.c.o
 .rodata        0x0800e620      0x278 xcp.c.o
 .rodata        0x0800e898      0x3a9 xcp_standard.c.o
 *fill*         0x0800ec41        0x3 
 .rodata        0x0800ec44     0x1010 xcp_daq.c.o
 .rodata        0x0800fc54       0xdd xcp_calibration.c.o
 *fill*         0x0800fd31        0x3 
 .rodata        0x0800fd34      0x56e xcp_transport.c.o
 *fill*         0x080102a2        0x2 
 .rodata        0x080102a4       0xf5 xcp_mem_default.c.o
 *fill*         0x08010399        0x3 
 .rodata        0x0801039c      0x228 xcp_drv_rtiostream.c.o
 .rodata        0x080105c4      0x4aa xcp_frame_serial.c.o
 *(.rodata*)
 *fill*         0x08010a6e        0x2 
 .rodata.kalman_M
                0x08010a70        0x4 kalman.c.o
                0x08010a70                kalman_M
 .rodata.rtAlwaysEnabled.0
                0x08010a74        0x1 kalman.c.o
 *fill*         0x08010a75        0x3 
 .rodata.standardSupportedRxPacket
                0x08010a78       0x54 xcp_standard.c.o
 .rodata.daqSupportedRxPacket
                0x08010acc       0x9c xcp_daq.c.o
 .rodata.calibrationSupportedRxPacket
                0x08010b68       0x18 xcp_calibration.c.o
 .rodata.CHANNEL_OFFSET_TAB
                0x08010b80        0x8 stm_usart.c.o
 .rodata.CHANNEL_OFFSET_TAB
                0x08010b88        0x8 stm_lpuart.c.o
 .rodata.CHANNEL_OFFSET_TAB
                0x08010b90        0x8 main.c.o
 .rodata.OFFSET_TAB_CCMRx
                0x08010b98        0xa main.c.o
 *fill*         0x08010ba2        0x2 
 .rodata.SHIFT_TAB_ICxx
                0x08010ba4        0xa main.c.o
 *fill*         0x08010bae        0x2 
 .rodata.SHIFT_TAB_CCxP
                0x08010bb0        0xa main.c.o
 *fill*         0x08010bba        0x2 
 .rodata.AHBPrescTable
                0x08010bbc       0x10 system_stm32g4xx.c.o
                0x08010bbc                AHBPrescTable
 .rodata.APBPrescTable
                0x08010bcc        0x8 system_stm32g4xx.c.o
                0x08010bcc                APBPrescTable
 .rodata.LPUART_PRESCALER_TAB
                0x08010bd4       0x18 stm32g4xx_ll_lpuart.c.o
                0x08010bec                        . = ALIGN (0x4)

.ARM.extab      0x08010bec        0x0
                0x08010bec                        . = ALIGN (0x4)
 *(.ARM.extab* .gnu.linkonce.armextab.*)
                0x08010bec                        . = ALIGN (0x4)

.ARM            0x08010bec        0x8
                0x08010bec                        . = ALIGN (0x4)
                0x08010bec                        __exidx_start = .
 *(.ARM.exidx*)
 .ARM.exidx.text.__udivmoddi4
                0x08010bec        0x8 C:/ProgramData/MATLAB/R2026a/stm32b/3P.instrset/gnuarm-stm32.instrset/win/bin/../lib/gcc/arm-none-eabi/13.2.1/thumb/v7e-m+fp/hard\libgcc.a(_udivmoddi4.o)
                0x08010bf4                        __exidx_end = .
                0x08010bf4                        . = ALIGN (0x4)

.preinit_array  0x08010bf4        0x0
                0x08010bf4                        . = ALIGN (0x4)
                0x08010bf4                        PROVIDE (__preinit_array_start = .)
 *(.preinit_array*)
                0x08010bf4                        PROVIDE (__preinit_array_end = .)
                0x08010bf4                        . = ALIGN (0x4)

.init_array     0x08010bf4        0x4
                0x08010bf4                        . = ALIGN (0x4)
                0x08010bf4                        PROVIDE (__init_array_start = .)
 *(SORT_BY_NAME(.init_array.*))
 *(.init_array*)
 .init_array    0x08010bf4        0x4 C:/ProgramData/MATLAB/R2026a/stm32b/3P.instrset/gnuarm-stm32.instrset/win/bin/../lib/gcc/arm-none-eabi/13.2.1/thumb/v7e-m+fp/hard/crtbegin.o
                0x08010bf8                        PROVIDE (__init_array_end = .)
                0x08010bf8                        . = ALIGN (0x4)

.fini_array     0x08010bf8        0x4
                0x08010bf8                        . = ALIGN (0x4)
                [!provide]                        PROVIDE (__fini_array_start = .)
 *(SORT_BY_NAME(.fini_array.*))
 *(.fini_array*)
 .fini_array    0x08010bf8        0x4 C:/ProgramData/MATLAB/R2026a/stm32b/3P.instrset/gnuarm-stm32.instrset/win/bin/../lib/gcc/arm-none-eabi/13.2.1/thumb/v7e-m+fp/hard/crtbegin.o
                [!provide]                        PROVIDE (__fini_array_end = .)
                0x08010bfc                        . = ALIGN (0x4)
                0x08010bfc                        _sidata = LOADADDR (.data)

.rel.dyn        0x08010bfc        0x0
 .rel.iplt      0x08010bfc        0x0 C:/ProgramData/MATLAB/R2026a/stm32b/3P.instrset/gnuarm-stm32.instrset/win/bin/../lib/gcc/arm-none-eabi/13.2.1/thumb/v7e-m+fp/hard/crtbegin.o

.data           0x20000000       0x94 load address 0x08010bfc
                0x20000000                        . = ALIGN (0x4)
                0x20000000                        _sdata = .
 *(.data)
 *(.data*)
 .data.xcpExtmodeFinalSimulationTime
                0x20000000        0x4 xcp_ext_common.c.o
                0x20000000                xcpExtmodeFinalSimulationTime
 .data.xcpExtModeMaxBaseRateSimulationTime
                0x20000004        0x4 xcp_ext_common.c.o
 .data.xcpClassicTriggerDuration
                0x20000008        0x4 xcp_ext_classic_trigger.c.o
                0x20000008                xcpClassicTriggerDuration
 .data.xcpClassicTriggerArmRequest
                0x2000000c        0x1 xcp_ext_classic_trigger.c.o
                0x2000000c                xcpClassicTriggerArmRequest
 *fill*         0x2000000d        0x3 
 .data.startStopDaqListId
                0x20000010        0x4 xcp_daq.c.o
 .data.xcpCurrentDaq
                0x20000014        0x4 xcp_daq.c.o
 .data.xcpEventCustomMemoryManager
                0x20000018        0xc xcp_daq.c.o
 .data.xcpCtoReservedMemPoolId
                0x20000024        0x4 xcp_transport.c.o
 .data.xcpMemMainBlockSizes
                0x20000028        0xc xcp_mem_default.c.o
 .data.xcpMemMainBlocksNumber
                0x20000034        0xc xcp_mem_default.c.o
 .data.drvID    0x20000040        0x4 xcp_drv_rtiostream.c.o
 .data.xcpCtoReservedMemPoolId
                0x20000044        0x4 xcp_frame_serial.c.o
 .data.uartObj  0x20000048       0x40 rtiostream_serial.c.o
                0x20000048                uartObj
 .data.SystemCoreClock
                0x20000088        0x4 system_stm32g4xx.c.o
                0x20000088                SystemCoreClock
 .data.uwTickPrio
                0x2000008c        0x4 stm32g4xx_hal.c.o
                0x2000008c                uwTickPrio
 .data.uwTickFreq
                0x20000090        0x4 stm32g4xx_hal.c.o
                0x20000090                uwTickFreq
 *(.RamFunc)
 *(.RamFunc*)
                0x20000094                        . = ALIGN (0x4)
                0x20000094                        _edata = .

.tm_clone_table
                0x20000094        0x0 load address 0x08010c90
 .tm_clone_table
                0x20000094        0x0 C:/ProgramData/MATLAB/R2026a/stm32b/3P.instrset/gnuarm-stm32.instrset/win/bin/../lib/gcc/arm-none-eabi/13.2.1/thumb/v7e-m+fp/hard/crtbegin.o
 .tm_clone_table
                0x20000094        0x0 C:/ProgramData/MATLAB/R2026a/stm32b/3P.instrset/gnuarm-stm32.instrset/win/bin/../lib/gcc/arm-none-eabi/13.2.1/thumb/v7e-m+fp/hard/crtend.o

.igot.plt       0x20000094        0x0 load address 0x08010c90
 .igot.plt      0x20000094        0x0 C:/ProgramData/MATLAB/R2026a/stm32b/3P.instrset/gnuarm-stm32.instrset/win/bin/../lib/gcc/arm-none-eabi/13.2.1/thumb/v7e-m+fp/hard/crtbegin.o
                0x20000094                        . = ALIGN (0x4)

.bss            0x20000098      0xb94 load address 0x08010c90
                0x20000098                        _sbss = .
                0x20000098                        __bss_start__ = _sbss
 *(.bss)
 *(.bss*)
 .bss.completed.1
                0x20000098        0x1 C:/ProgramData/MATLAB/R2026a/stm32b/3P.instrset/gnuarm-stm32.instrset/win/bin/../lib/gcc/arm-none-eabi/13.2.1/thumb/v7e-m+fp/hard/crtbegin.o
 *fill*         0x20000099        0x3 
 .bss.object.0  0x2000009c       0x18 C:/ProgramData/MATLAB/R2026a/stm32b/3P.instrset/gnuarm-stm32.instrset/win/bin/../lib/gcc/arm-none-eabi/13.2.1/thumb/v7e-m+fp/hard/crtbegin.o
 .bss.xcpCustomTriggerFunction
                0x200000b4        0x8 xcp_ext_mode.c.o
 .bss.IsrOverrun
                0x200000bc        0x4 ert_main.c.o
                0x200000bc                IsrOverrun
 .bss.OverrunFlag
                0x200000c0        0x1 ert_main.c.o
 .bss.stopRequested
                0x200000c1        0x1 ert_main.c.o
                0x200000c1                stopRequested
 .bss.runModel  0x200000c2        0x1 ert_main.c.o
                0x200000c2                runModel
 *fill*         0x200000c3        0x5 
 .bss.kalman_B  0x200000c8       0x18 kalman.c.o
                0x200000c8                kalman_B
 .bss.kalman_DW
                0x200000e0       0xc8 kalman.c.o
                0x200000e0                kalman_DW
 .bss.kalman_M_
                0x200001a8       0x38 kalman.c.o
 .bss.rt_ExtModeInfo.2
                0x200001e0       0x14 kalman.c.o
 .bss.systemRan.1
                0x200001f4       0x10 kalman.c.o
 .bss.xcpModelStartRequest
                0x20000204        0x1 xcp_ext_common.c.o
                0x20000204                xcpModelStartRequest
 .bss.xcpModelStopRequest
                0x20000205        0x1 xcp_ext_common.c.o
                0x20000205                xcpModelStopRequest
 .bss.xcpModelStatus
                0x20000206        0x1 xcp_ext_common.c.o
                0x20000206                xcpModelStatus
 *fill*         0x20000207        0x1 
 .bss.xcpModelChecksum0
                0x20000208        0x4 xcp_ext_common.c.o
                0x20000208                xcpModelChecksum0
 .bss.xcpModelChecksum1
                0x2000020c        0x4 xcp_ext_common.c.o
                0x2000020c                xcpModelChecksum1
 .bss.xcpModelChecksum2
                0x20000210        0x4 xcp_ext_common.c.o
                0x20000210                xcpModelChecksum2
 .bss.xcpModelChecksum3
                0x20000214        0x4 xcp_ext_common.c.o
                0x20000214                xcpModelChecksum3
 .bss.xcpModelIntegerCode
                0x20000218        0x4 xcp_ext_common.c.o
                0x20000218                xcpModelIntegerCode
 .bss.xcpExtmodeSimulationComplete
                0x2000021c        0x1 xcp_ext_common.c.o
                0x2000021c                xcpExtmodeSimulationComplete
 *fill*         0x2000021d        0x3 
 .bss.xcpDummyDoubleVariable
                0x20000220        0x8 xcp_ext_common.c.o
                0x20000220                xcpDummyDoubleVariable
 .bss.xcpDummyUint64Variable
                0x20000228        0x8 xcp_ext_common.c.o
                0x20000228                xcpDummyUint64Variable
 .bss.xcpExtModeLock
                0x20000230        0x4 xcp_ext_common.c.o
 .bss.xcpCurrentSimulationTimeInTicks
                0x20000234        0x8 xcp_ext_common.c.o
                0x20000234                xcpCurrentSimulationTimeInTicks
 .bss.xcpBaseRateSimulationTime
                0x2000023c        0x4 xcp_ext_common.c.o
 .bss.xcpTicksCounterL
                0x20000240        0x4 xcp_ext_common.c.o
 .bss.xcpTicksCounterH
                0x20000244        0x4 xcp_ext_common.c.o
 .bss.xcpBaseRateSimulationTimestamp
                0x20000248        0x4 xcp_ext_common.c.o
 .bss.xcpClassicTriggerEventId
                0x2000024c        0x2 xcp_ext_classic_trigger.c.o
                0x2000024c                xcpClassicTriggerEventId
 *fill*         0x2000024e        0x2 
 .bss.xcpClassicTriggerSignalAddress
                0x20000250        0x4 xcp_ext_classic_trigger.c.o
                0x20000250                xcpClassicTriggerSignalAddress
 .bss.xcpClassicTriggerSignalAddressExtension
                0x20000254        0x1 xcp_ext_classic_trigger.c.o
                0x20000254                xcpClassicTriggerSignalAddressExtension
 *fill*         0x20000255        0x3 
 .bss.xcpClassicTriggerLevel
                0x20000258        0x8 xcp_ext_classic_trigger.c.o
                0x20000258                xcpClassicTriggerLevel
 .bss.xcpClassicTriggerHoldOff
                0x20000260        0x4 xcp_ext_classic_trigger.c.o
                0x20000260                xcpClassicTriggerHoldOff
 .bss.xcpClassicTriggerDelay
                0x20000264        0x4 xcp_ext_classic_trigger.c.o
                0x20000264                xcpClassicTriggerDelay
 .bss.xcpClassicTriggerDirection
                0x20000268        0x1 xcp_ext_classic_trigger.c.o
                0x20000268                xcpClassicTriggerDirection
 .bss.xcpClassicTriggerCancelRequest
                0x20000269        0x1 xcp_ext_classic_trigger.c.o
                0x20000269                xcpClassicTriggerCancelRequest
 .bss.xcpClassicTriggerSource
                0x2000026a        0x1 xcp_ext_classic_trigger.c.o
                0x2000026a                xcpClassicTriggerSource
 .bss.xcpClassicTriggerMode
                0x2000026b        0x1 xcp_ext_classic_trigger.c.o
                0x2000026b                xcpClassicTriggerMode
 .bss.xcpClassicTriggerStatus
                0x2000026c        0x1 xcp_ext_classic_trigger.c.o
                0x2000026c                xcpClassicTriggerStatus
 *fill*         0x2000026d        0x3 
 .bss.xcpOldSignalValue
                0x20000270        0x8 xcp_ext_classic_trigger.c.o
 .bss.xcpOldSignalValueAvailable
                0x20000278        0x1 xcp_ext_classic_trigger.c.o
 .bss.xcpOldClassicTriggerSource
                0x20000279        0x1 xcp_ext_classic_trigger.c.o
 .bss.xcpTriggerEnabled
                0x2000027a        0x1 xcp_ext_classic_trigger.c.o
 .bss.xcpSignalTriggerFired
                0x2000027b        0x1 xcp_ext_classic_trigger.c.o
 .bss.xcpTriggerCount
                0x2000027c        0x4 xcp_ext_classic_trigger.c.o
 .bss.xcpForcedTriggerEnabled
                0x20000280        0x1 xcp_ext_classic_trigger.c.o
 .bss.xcpForceTriggerEnableRequest
                0x20000281        0x1 xcp_ext_classic_trigger.c.o
 .bss.initialized
                0x20000282        0x1 xcp.c.o
 .bss.xcpStatus
                0x20000283        0x1 xcp.c.o
 .bss.xcpSessionStatus
                0x20000284        0x1 xcp.c.o
 .bss.xcpResourceProtectionStatus
                0x20000285        0x1 xcp.c.o
 .bss.xcpSessionConfigurationId
                0x20000286        0x2 xcp.c.o
 .bss.groupPacketLookup
                0x20000288       0x10 xcp.c.o
 .bss.xcpMta    0x20000298        0x8 xcp_standard.c.o
 .bss.xcpUploadSize
                0x200002a0        0x1 xcp_standard.c.o
 *fill*         0x200002a1        0x3 
 .bss.packetLookup
                0x200002a4        0x4 xcp_standard.c.o
 .bss.xcpDynamicDaqLists
                0x200002a8        0x8 xcp_daq.c.o
 .bss.xcpRunningEventCounter
                0x200002b0        0x4 xcp_daq.c.o
 .bss.daqLock   0x200002b4        0x4 xcp_daq.c.o
 .bss.xcpServerDAQClockTimestamp
                0x200002b8        0x4 xcp_daq.c.o
 .bss.packetLookup
                0x200002bc        0x4 xcp_daq.c.o
 .bss.packetLookup
                0x200002c0        0x4 xcp_calibration.c.o
 .bss.txFifo    0x200002c4       0x10 xcp_transport.c.o
 .bss.txLock    0x200002d4        0x4 xcp_transport.c.o
 .bss.rxFifo    0x200002d8        0x8 xcp_transport.c.o
 .bss.rxLock    0x200002e0        0x4 xcp_transport.c.o
 .bss.initialized
                0x200002e4        0x1 xcp_transport.c.o
 *fill*         0x200002e5        0x3 
 .bss.xcpMemPoolDescriptors
                0x200002e8       0x78 xcp_mem_default.c.o
 .bss.xcpMemCustomPoolDescriptors
                0x20000360        0x8 xcp_mem_default.c.o
 .bss.xcpMemMainChunk
                0x20000368       0x7f xcp_mem_default.c.o
 *fill*         0x200003e7        0x1 
 .bss.xcpMemReservedPoolsChunk
                0x200003e8      0x2e2 xcp_mem_default.c.o
 *fill*         0x200006ca        0x2 
 .bss.xcpMemReservedPoolsChunkUsedBytes
                0x200006cc        0x4 xcp_mem_default.c.o
 .bss.xcpMemLock
                0x200006d0        0x4 xcp_mem_default.c.o
 .bss.forceBlocking
                0x200006d4        0x1 xcp_drv_rtiostream.c.o
 *fill*         0x200006d5        0x1 
 .bss.txCounter
                0x200006d6        0x2 xcp_frame_serial.c.o
 .bss.rxCounter
                0x200006d8        0x2 xcp_frame_serial.c.o
 *fill*         0x200006da        0x2 
 .bss.firstRxCounterReceived
                0x200006dc        0x4 xcp_frame_serial.c.o
 .bss.initialized
                0x200006e0        0x1 xcp_frame_serial.c.o
 *fill*         0x200006e1        0x3 
 .bss.timestampInitialized
                0x200006e4        0x4 platform_timer.c.o
 .bss.timestampStartTime
                0x200006e8        0x4 platform_timer.c.o
 .bss.mw_ext_h  0x200006ec        0x4 rtiostream_serial.c.o
                0x200006ec                mw_ext_h
 .bss.UARTRxBuffer
                0x200006f0        0x4 rtiostream_serial.c.o
                0x200006f0                UARTRxBuffer
 .bss.mw_lpuart1
                0x200006f4       0x40 stm_lpuart.c.o
                0x200006f4                mw_lpuart1
 .bss.LPUART1ReceiveBuffer
                0x20000734      0x400 stm_lpuart.c.o
                0x20000734                LPUART1ReceiveBuffer
 .bss.schdl_counter
                0x20000b34        0x4 SysTickScheduler.c.o
                0x20000b34                schdl_counter
 .bss.schdl_counter_max
                0x20000b38        0x4 SysTickScheduler.c.o
                0x20000b38                schdl_counter_max
 .bss.taskToSchedule
                0x20000b3c        0x4 m3m4m4f_multitasking.c.o
                0x20000b3c                taskToSchedule
 .bss.mw_tim2   0x20000b40       0x9c stm_timer_ll.c.o
                0x20000b40                mw_tim2
 .bss.htim1     0x20000bdc       0x4c stm32g4xx_hal_timebase_tim.c.o
                0x20000bdc                htim1
 .bss.uwTick    0x20000c28        0x4 stm32g4xx_hal.c.o
                0x20000c28                uwTick
 *(COMMON)
                0x20000c2c                        . = ALIGN (0x4)
                0x20000c2c                        _ebss = .
                0x20000c2c                        __bss_end__ = _ebss

._user_heap_stack
                0x20000c2c      0x604 load address 0x08010c90
                0x20000c30                        . = ALIGN (0x8)
 *fill*         0x20000c2c        0x4 
                [!provide]                        PROVIDE (end = .)
                0x20000c30                        PROVIDE (_end = .)
                0x20000e30                        . = (. + _Min_Heap_Size)
 *fill*         0x20000c30      0x200 
                0x20001230                        . = (. + _Min_Stack_Size)
 *fill*         0x20000e30      0x400 
                0x20001230                        . = ALIGN (0x8)

/DISCARD/
 libc.a(*)
 libm.a(*)
 libgcc.a(*)

.ARM.attributes
                0x00000000       0x30
 *(.ARM.attributes)
 .ARM.attributes
                0x00000000       0x22 C:/ProgramData/MATLAB/R2026a/stm32b/3P.instrset/gnuarm-stm32.instrset/win/bin/../lib/gcc/arm-none-eabi/13.2.1/thumb/v7e-m+fp/hard/crti.o
 .ARM.attributes
                0x00000022       0x34 C:/ProgramData/MATLAB/R2026a/stm32b/3P.instrset/gnuarm-stm32.instrset/win/bin/../lib/gcc/arm-none-eabi/13.2.1/thumb/v7e-m+fp/hard/crtbegin.o
 .ARM.attributes
                0x00000056       0x34 xcp_ext_mode.c.o
 .ARM.attributes
                0x0000008a       0x34 ert_main.c.o
 .ARM.attributes
                0x000000be       0x34 kalman.c.o
 .ARM.attributes
                0x000000f2       0x34 hc_sr04.c.o
 .ARM.attributes
                0x00000126       0x34 xcp_ext_common.c.o
 .ARM.attributes
                0x0000015a       0x34 xcp_ext_classic_trigger.c.o
 .ARM.attributes
                0x0000018e       0x34 xcp_ext_param_default_serial.c.o
 .ARM.attributes
                0x000001c2       0x34 xcp.c.o
 .ARM.attributes
                0x000001f6       0x34 xcp_standard.c.o
 .ARM.attributes
                0x0000022a       0x34 xcp_daq.c.o
 .ARM.attributes
                0x0000025e       0x34 xcp_calibration.c.o
 .ARM.attributes
                0x00000292       0x34 xcp_fifo.c.o
 .ARM.attributes
                0x000002c6       0x34 xcp_transport.c.o
 .ARM.attributes
                0x000002fa       0x34 xcp_mem_default.c.o
 .ARM.attributes
                0x0000032e       0x34 xcp_drv_rtiostream.c.o
 .ARM.attributes
                0x00000362       0x34 xcp_utils.c.o
 .ARM.attributes
                0x00000396       0x34 xcp_frame_serial.c.o
 .ARM.attributes
                0x000003ca       0x34 overrideHALDelay.c.o
 .ARM.attributes
                0x000003fe       0x34 platform_timer.c.o
 .ARM.attributes
                0x00000432       0x34 rtiostream_serial.c.o
 .ARM.attributes
                0x00000466       0x34 stm_usart.c.o
 .ARM.attributes
                0x0000049a       0x34 stm_lpuart.c.o
 .ARM.attributes
                0x000004ce       0x34 sys_arch_arm.c.o
 .ARM.attributes
                0x00000502       0x34 SysTickScheduler.c.o
 .ARM.attributes
                0x00000536       0x34 m3m4m4f_multitasking.c.o
 .ARM.attributes
                0x0000056a       0x34 stm_timer_ll.c.o
 .ARM.attributes
                0x0000059e       0x34 main.c.o
 .ARM.attributes
                0x000005d2       0x34 stm32g4xx_hal_msp.c.o
 .ARM.attributes
                0x00000606       0x34 stm32g4xx_hal_timebase_tim.c.o
 .ARM.attributes
                0x0000063a       0x34 stm32g4xx_it.c.o
 .ARM.attributes
                0x0000066e       0x34 system_stm32g4xx.c.o
 .ARM.attributes
                0x000006a2       0x34 stm32g4xx_hal.c.o
 .ARM.attributes
                0x000006d6       0x34 stm32g4xx_hal_cortex.c.o
 .ARM.attributes
                0x0000070a       0x34 stm32g4xx_hal_gpio.c.o
 .ARM.attributes
                0x0000073e       0x34 stm32g4xx_hal_pwr_ex.c.o
 .ARM.attributes
                0x00000772       0x34 stm32g4xx_hal_rcc.c.o
 .ARM.attributes
                0x000007a6       0x34 stm32g4xx_hal_rcc_ex.c.o
 .ARM.attributes
                0x000007da       0x34 stm32g4xx_hal_tim.c.o
 .ARM.attributes
                0x0000080e       0x34 stm32g4xx_hal_tim_ex.c.o
 .ARM.attributes
                0x00000842       0x34 stm32g4xx_ll_exti.c.o
 .ARM.attributes
                0x00000876       0x34 stm32g4xx_ll_gpio.c.o
 .ARM.attributes
                0x000008aa       0x34 stm32g4xx_ll_lpuart.c.o
 .ARM.attributes
                0x000008de       0x34 stm32g4xx_ll_rcc.c.o
 .ARM.attributes
                0x00000912       0x34 stm32g4xx_ll_tim.c.o
 .ARM.attributes
                0x00000946       0x21 startup_stm32g474retx.s.o
 .ARM.attributes
                0x00000967       0x22 C:/ProgramData/MATLAB/R2026a/stm32b/3P.instrset/gnuarm-stm32.instrset/win/bin/../lib/gcc/arm-none-eabi/13.2.1/thumb/v7e-m+fp/hard\libgcc.a(_arm_addsubdf3.o)
 .ARM.attributes
                0x00000989       0x22 C:/ProgramData/MATLAB/R2026a/stm32b/3P.instrset/gnuarm-stm32.instrset/win/bin/../lib/gcc/arm-none-eabi/13.2.1/thumb/v7e-m+fp/hard\libgcc.a(_arm_muldivdf3.o)
 .ARM.attributes
                0x000009ab       0x22 C:/ProgramData/MATLAB/R2026a/stm32b/3P.instrset/gnuarm-stm32.instrset/win/bin/../lib/gcc/arm-none-eabi/13.2.1/thumb/v7e-m+fp/hard\libgcc.a(_arm_cmpdf2.o)
 .ARM.attributes
                0x000009cd       0x22 C:/ProgramData/MATLAB/R2026a/stm32b/3P.instrset/gnuarm-stm32.instrset/win/bin/../lib/gcc/arm-none-eabi/13.2.1/thumb/v7e-m+fp/hard\libgcc.a(_arm_truncdfsf2.o)
 .ARM.attributes
                0x000009ef       0x22 C:/ProgramData/MATLAB/R2026a/stm32b/3P.instrset/gnuarm-stm32.instrset/win/bin/../lib/gcc/arm-none-eabi/13.2.1/thumb/v7e-m+fp/hard\libgcc.a(_aeabi_uldivmod.o)
 .ARM.attributes